Component: ARM Compiler 5.05 update 1 (build 106) Tool: armlink [4d0efa]

==============================================================================

Section Cross References

    main.o(.text) refers to _printf_percent.o(.ARM.Collect$$_printf_percent$$00000000) for _printf_percent
    main.o(.text) refers to _printf_d.o(.ARM.Collect$$_printf_percent$$00000009) for _printf_d
    main.o(.text) refers to _printf_dec.o(.text) for _printf_int_dec
    main.o(.text) refers to noretval__2printf.o(.text) for __2printf
    main.o(.text) refers to delay.o(.text) for delay_init
    main.o(.text) refers to usart.o(.text) for uart1_init
    main.o(.text) refers to led.o(.text) for LED_Init
    main.o(.text) refers to timer.o(.text) for Timer2_Init
    main.o(.text) refers to dht11.o(.text) for DHT11Configuration
    main.o(.text) refers to oled_iic.o(.text) for I2C_Configuration
    main.o(.text) refers to nvic.o(.text) for nvic_init
    main.o(.text) refers to noretval__2sprintf.o(.text) for __2sprintf
    main.o(.text) refers to fy_mqtt.o(.text) for Mqtt_Progress
    main.o(.text) refers to rt_memclr.o(.text) for __aeabi_memclr
    main.o(.text) refers to fy_network.o(.data) for _net
    main.o(.text) refers to main.o(.bss) for txbuf
    main.o(.text) refers to main.o(.data) for sta
    main.o(.text) refers to fy_mqtt.o(.data) for _mqtt
    stm32f10x_it.o(.text) refers to stm32f10x_tim.o(.text) for TIM_GetITStatus
    stm32f10x_it.o(.text) refers to stm32f10x_it.o(.data) for count1
    stm32f10x_it.o(.text) refers to main.o(.data) for cnt_1_5_s
    system_stm32f10x.o(.text) refers to system_stm32f10x.o(.data) for SystemCoreClock
    led.o(.text) refers to stm32f10x_rcc.o(.text) for RCC_APB2PeriphClockCmd
    led.o(.text) refers to stm32f10x_gpio.o(.text) for GPIO_Init
    key.o(.text) refers to stm32f10x_rcc.o(.text) for RCC_APB2PeriphClockCmd
    key.o(.text) refers to stm32f10x_gpio.o(.text) for GPIO_Init
    key.o(.text) refers to delay.o(.text) for delay_ms
    key.o(.text) refers to key.o(.data) for key_up
    timer.o(.text) refers to stm32f10x_rcc.o(.text) for RCC_APB1PeriphClockCmd
    timer.o(.text) refers to stm32f10x_tim.o(.text) for TIM_TimeBaseInit
    timer.o(.text) refers to stm32f10x_gpio.o(.text) for GPIO_Init
    dht11.o(.text) refers to delay.o(.text) for delay_ms
    dht11.o(.text) refers to stm32f10x_rcc.o(.text) for RCC_APB2PeriphClockCmd
    dht11.o(.text) refers to stm32f10x_gpio.o(.text) for GPIO_Init
    oled_iic.o(.text) refers to stm32f10x_rcc.o(.text) for RCC_APB1PeriphClockCmd
    oled_iic.o(.text) refers to stm32f10x_gpio.o(.text) for GPIO_Init
    oled_iic.o(.text) refers to stm32f10x_i2c.o(.text) for I2C_Init
    oled_iic.o(.text) refers to delay.o(.text) for delay_ms
    oled_iic.o(.text) refers to oled_iic.o(.constdata) for F6x8
    oled_iic.o(.text) refers to oled_iic.o(.data) for F16x16
    fy_mqtt.o(.text) refers to _printf_percent.o(.ARM.Collect$$_printf_percent$$00000000) for _printf_percent
    fy_mqtt.o(.text) refers to _printf_d.o(.ARM.Collect$$_printf_percent$$00000009) for _printf_d
    fy_mqtt.o(.text) refers to _printf_s.o(.ARM.Collect$$_printf_percent$$00000014) for _printf_s
    fy_mqtt.o(.text) refers to _printf_dec.o(.text) for _printf_int_dec
    fy_mqtt.o(.text) refers to _printf_str.o(.text) for _printf_str
    fy_mqtt.o(.text) refers to rt_memclr.o(.text) for __aeabi_memclr
    fy_mqtt.o(.text) refers to delay.o(.text) for delay_ms
    fy_mqtt.o(.text) refers to usart.o(.text) for Usart3_SendBuf
    fy_mqtt.o(.text) refers to strlen.o(.text) for strlen
    fy_mqtt.o(.text) refers to rt_memcpy_v6.o(.text) for __aeabi_memcpy
    fy_mqtt.o(.text) refers to noretval__2printf.o(.text) for __2printf
    fy_mqtt.o(.text) refers to fy_mqtt.o(.data) for _mqtt
    fy_mqtt.o(.text) refers to fy_mqtt.o(.constdata) for parket_connetAck
    fy_mqtt.o(.text) refers to strstr.o(.text) for strstr
    fy_mqtt.o(.text) refers to rt_memclr_w.o(.text) for __aeabi_memclr4
    fy_mqtt.o(.data) refers to fy_mqtt.o(.text) for Init
    fy_network.o(.text) refers to _printf_percent.o(.ARM.Collect$$_printf_percent$$00000000) for _printf_percent
    fy_network.o(.text) refers to _printf_s.o(.ARM.Collect$$_printf_percent$$00000014) for _printf_s
    fy_network.o(.text) refers to _printf_str.o(.text) for _printf_str
    fy_network.o(.text) refers to _printf_d.o(.ARM.Collect$$_printf_percent$$00000009) for _printf_d
    fy_network.o(.text) refers to _printf_dec.o(.text) for _printf_int_dec
    fy_network.o(.text) refers to delay.o(.text) for delay_ms
    fy_network.o(.text) refers to strstr.o(.text) for strstr
    fy_network.o(.text) refers to rt_memclr.o(.text) for __aeabi_memclr
    fy_network.o(.text) refers to noretval__2sprintf.o(.text) for __2sprintf
    fy_network.o(.text) refers to usart.o(.text) for Usart3_SendBuf
    fy_network.o(.text) refers to fy_network.o(.data) for _net
    fy_network.o(.data) refers to fy_network.o(.text) for Check
[...]
    libshutdown.o(.ARM.Collect$$libshutdown$$00000000) refers (Special) to libshutdown2.o(.ARM.Collect$$libshutdown$$0000000B) for __rt_lib_shutdown_user_alloc_1
    sys_command.o(.text) refers (Special) to use_no_semi.o(.text) for __I$use$semihosting
    sys_command.o(.text) refers (Special) to indicate_semi.o(.text) for __semihosting_library_function
    defsig_rtmem_outer.o(.text) refers to defsig_rtmem_inner.o(.text) for __rt_SIGRTMEM_inner
    defsig_rtmem_outer.o(.text) refers to defsig_exit.o(.text) for __sig_exit
    defsig_rtmem_formal.o(.text) refers to rt_raise.o(.text) for __rt_raise
    rt_raise.o(.text) refers to __raise.o(.text) for __raise
    rt_raise.o(.text) refers to usart.o(.text) for _sys_exit
    defsig_exit.o(.text) refers to usart.o(.text) for _sys_exit
    defsig_rtmem_inner.o(.text) refers to defsig_general.o(.text) for __default_signal_display
    __raise.o(.text) refers to defsig.o(CL$$defsig) for __default_signal_handler
    defsig_general.o(.text) refers to sys_wrch.o(.text) for _ttywrch
    sys_wrch.o(.text) refers (Special) to use_no_semi.o(.text) for __I$use$semihosting
    sys_wrch.o(.text) refers (Special) to indicate_semi.o(.text) for __semihosting_library_function
    defsig.o(CL$$defsig) refers to defsig_rtmem_inner.o(.text) for __rt_SIGRTMEM_inner
    defsig_abrt_inner.o(.text) refers to defsig_general.o(.text) for __default_signal_display
    defsig_fpe_inner.o(.text) refers to defsig_general.o(.text) for __default_signal_display
    defsig_rtred_inner.o(.text) refers to defsig_general.o(.text) for __default_signal_display
    defsig_stak_inner.o(.text) refers to defsig_general.o(.text) for __default_signal_display
    defsig_pvfn_inner.o(.text) refers to defsig_general.o(.text) for __default_signal_display
    defsig_cppl_inner.o(.text) refers to defsig_general.o(.text) for __default_signal_display
    defsig_segv_inner.o(.text) refers to defsig_general.o(.text) for __default_signal_display
    defsig_other.o(.text) refers to defsig_general.o(.text) for __default_signal_display


==============================================================================

Removing Unused input sections from the image.

    Removing key.o(.text), (252 bytes).
    Removing key.o(.data), (1 bytes).
    Removing fy_network.o(.bss), (100 bytes).
    Removing sys.o(.emb_text), (6 bytes).
    Removing sys.o(.text), (12 bytes).
    Removing core_cm3.o(.emb_text), (32 bytes).
    Removing stm32f10x_crc.o(.text), (72 bytes).
    Removing stm32f10x_exti.o(.text), (284 bytes).

8 unused section(s) (total 759 bytes) removed from the image.

==============================================================================

Image Symbol Table

    Local Symbols

    Symbol Name                              Value     Ov Type        Size  Object(Section)

    ../clib/angel/boardlib.s                 0x00000000   Number         0  boardshut.o ABSOLUTE
    ../clib/angel/boardlib.s                 0x00000000   Number         0  boardinit3.o ABSOLUTE
    ../clib/angel/boardlib.s                 0x00000000   Number         0  boardinit2.o ABSOLUTE
    ../clib/angel/boardlib.s                 0x00000000   Number         0  boardinit1.o ABSOLUTE
    ../clib/angel/dczerorl2.s                0x00000000   Number         0  __dczerorl2.o ABSOLUTE
    ../clib/angel/handlers.s                 0x00000000   Number         0  __scatter_zi.o ABSOLUTE
    ../clib/angel/kernel.s                   0x00000000   Number         0  rtexit.o ABSOLUTE
    ../clib/angel/kernel.s                   0x00000000   Number         0  __rtentry2.o ABSOLUTE
    ../clib/angel/kernel.s                   0x00000000   Number         0  __rtentry.o ABSOLUTE
    ../clib/angel/kernel.s                   0x00000000   Number         0  __rtentry4.o ABSOLUTE
    ../clib/angel/kernel.s                   0x00000000   Number         0  rtexit2.o ABSOLUTE
    ../clib/angel/rt.s                       0x00000000   Number         0  rt_raise.o ABSOLUTE
    ../clib/angel/scatter.s                  0x00000000   Number         0  __scatter.o ABSOLUTE
    ../clib/angel/startup.s                  0x00000000   Number         0  __main.o ABSOLUTE
    ../clib/angel/sys.s                      0x00000000   Number         0  indicate_semi.o ABSOLUTE
    ../clib/angel/sys.s                      0x00000000   Number         0  libspace.o ABSOLUTE
    ../clib/angel/sys.s                      0x00000000   Number         0  use_no_semi.o ABSOLUTE
    ../clib/angel/sys.s                      0x00000000   Number         0  sys_stackheap_outer.o ABSOLUTE
    ../clib/angel/sys.s                      0x00000000   Number         0  use_no_semi_2.o ABSOLUTE
    ../clib/angel/sysapp.c                   0x00000000   Number         0  sys_command.o ABSOLUTE
    ../clib/angel/sysapp.c                   0x00000000   Number         0  sys_wrch.o ABSOLUTE
    ../clib/armsys.c                         0x00000000   Number         0  argv_veneer.o ABSOLUTE
    ../clib/armsys.c                         0x00000000   Number         0  argv_veneer.o ABSOLUTE
    ../clib/armsys.c                         0x00000000   Number         0  no_argv.o ABSOLUTE
    ../clib/armsys.c                         0x00000000   Number         0  _get_argv_nomalloc.o ABSOLUTE
    ../clib/heapalloc.c                      0x00000000   Number         0  hrguard.o ABSOLUTE
    ../clib/heapaux.c                        0x00000000   Number         0  heapauxi.o ABSOLUTE
    ../clib/libinit.s                        0x00000000   Number         0  libshutdown2.o ABSOLUTE
    ../clib/libinit.s                        0x00000000   Number         0  libinit2.o ABSOLUTE
    ../clib/libinit.s                        0x00000000   Number         0  libinit.o ABSOLUTE
    ../clib/libinit.s                        0x00000000   Number         0  libshutdown.o ABSOLUTE
    ../clib/memcpset.s                       0x00000000   Number         0  rt_memclr.o ABSOLUTE
    ../clib/memcpset.s                       0x00000000   Number         0  rt_memcpy_w.o ABSOLUTE
    ../clib/memcpset.s                       0x00000000   Number         0  rt_memcpy_v6.o ABSOLUTE
    ../clib/memcpset.s                       0x00000000   Number         0  rt_memclr_w.o ABSOLUTE
    ../clib/printf.c                         0x00000000   Number         0  noretval__2printf.o ABSOLUTE
    ../clib/printf.c                         0x00000000   Number         0  noretval__2sprintf.o ABSOLUTE
    ../clib/printf.c                         0x00000000   Number         0  __printf.o ABSOLUTE
    ../clib/printf.c                         0x00000000   Number         0  _printf_str.o ABSOLUTE
    ../clib/printf.c                         0x00000000   Number         0  __printf_ss_wp.o ABSOLUTE
    ../clib/printf.c                         0x00000000   Number         0  __printf_flags_ss_wp.o ABSOLUTE
    ../clib/printf.c                         0x00000000   Number         0  __printf_flags_wp.o ABSOLUTE
    ../clib/printf.c                         0x00000000   Number         0  _printf_dec.o ABSOLUTE
    ../clib/printf.c                         0x00000000   Number         0  __printf_wp.o ABSOLUTE
    ../clib/printf.c                         0x00000000   Number         0  __printf_flags_ss.o ABSOLUTE
    ../clib/printf.c                         0x00000000   Number         0  __printf_ss.o ABSOLUTE
    ../clib/printf.c                         0x00000000   Number         0  _printf_char.o ABSOLUTE
    ../clib/printf.c                         0x00000000   Number         0  _printf_char_file.o ABSOLUTE
    ../clib/printf.c                         0x00000000   Number         0  _sputc.o ABSOLUTE
    ../clib/printf.c                         0x00000000   Number         0  _printf_char_common.o ABSOLUTE
    ../clib/printf.c                         0x00000000   Number         0  _printf_intcommon.o ABSOLUTE
    ../clib/printf.c                         0x00000000   Number         0  __2printf.o ABSOLUTE
    ../clib/printf.c                         0x00000000   Number         0  __printf_nopercent.o ABSOLUTE
    ../clib/printf.c                         0x00000000   Number         0  __2sprintf.o ABSOLUTE
    ../clib/printf.c                         0x00000000   Number         0  __printf_flags.o ABSOLUTE
    ../clib/printf_percent.s                 0x00000000   Number         0  _printf_percent.o ABSOLUTE
    ../clib/printf_percent.s                 0x00000000   Number         0  _printf_percent_end.o ABSOLUTE
    ../clib/printf_percent.s                 0x00000000   Number         0  _printf_s.o ABSOLUTE
    ../clib/printf_percent.s                 0x00000000   Number         0  _printf_d.o ABSOLUTE
    ../clib/signal.c                         0x00000000   Number         0  defsig_abrt_inner.o ABSOLUTE
    ../clib/signal.c                         0x00000000   Number         0  defsig_rtmem_outer.o ABSOLUTE
    ../clib/signal.c                         0x00000000   Number         0  defsig_rtmem_formal.o ABSOLUTE
    ../clib/signal.c                         0x00000000   Number         0  defsig_rtmem_inner.o ABSOLUTE
    ../clib/signal.c                         0x00000000   Number         0  __raise.o ABSOLUTE
    ../clib/signal.c                         0x00000000   Number         0  defsig_rtred_inner.o ABSOLUTE
    ../clib/signal.c                         0x00000000   Number         0  defsig_stak_inner.o ABSOLUTE
    ../clib/signal.c                         0x00000000   Number         0  defsig_general.o ABSOLUTE
    ../clib/signal.c                         0x00000000   Number         0  defsig_other.o ABSOLUTE
    ../clib/signal.c                         0x00000000   Number         0  defsig_cppl_inner.o ABSOLUTE
    ../clib/signal.c                         0x00000000   Number         0  defsig_pvfn_inner.o ABSOLUTE
    ../clib/signal.c                         0x00000000   Number         0  defsig_fpe_inner.o ABSOLUTE
    ../clib/signal.c                         0x00000000   Number         0  defsig_exit.o ABSOLUTE
    ../clib/signal.c                         0x00000000   Number         0  defsig_segv_inner.o ABSOLUTE
    ../clib/signal.s                         0x00000000   Number         0  defsig.o ABSOLUTE
    ../clib/stdio.c                          0x00000000   Number         0  ferror.o ABSOLUTE
    ../clib/stdio.c                          0x00000000   Number         0  ferror_locked.o ABSOLUTE
    ../clib/stdlib.c                         0x00000000   Number         0  exit.o ABSOLUTE
    ../clib/string.c                         0x00000000   Number         0  strlen.o ABSOLUTE
    ../clib/string.c                         0x00000000   Number         0  strstr.o ABSOLUTE
    ../fplib/fpinit.s                        0x00000000   Number         0  fpinit.o ABSOLUTE
    ..\CORE\core_cm3.c                       0x00000000   Number         0  core_cm3.o ABSOLUTE
    ..\CORE\startup_stm32f10x_hd.s           0x00000000   Number         0  startup_stm32f10x_hd.o ABSOLUTE
    ..\HARDWARE\KEY\key.c                    0x00000000   Number         0  key.o ABSOLUTE
    ..\HARDWARE\LED\led.c                    0x00000000   Number         0  led.o ABSOLUTE
    ..\HARDWARE\dht11.c                      0x00000000   Number         0  dht11.o ABSOLUTE
    ..\HARDWARE\fy_mqtt.c                    0x00000000   Number         0  fy_mqtt.o ABSOLUTE
    ..\HARDWARE\fy_network.c                 0x00000000   Number         0  fy_network.o ABSOLUTE
    ..\HARDWARE\nvic.c                       0x00000000   Number         0  nvic.o ABSOLUTE
    ..\HARDWARE\oled_iic.c                   0x00000000   Number         0  oled_iic.o ABSOLUTE
    ..\HARDWARE\timer.c                      0x00000000   Number         0  timer.o ABSOLUTE
    ..\STM32F10x_FWLib\src\misc.c            0x00000000   Number         0  misc.o ABSOLUTE
    ..\STM32F10x_FWLib\src\stm32f10x_crc.c   0x00000000   Number         0  stm32f10x_crc.o ABSOLUTE
    ..\STM32F10x_FWLib\src\stm32f10x_exti.c  0x00000000   Number         0  stm32f10x_exti.o ABSOLUTE
    ..\STM32F10x_FWLib\src\stm32f10x_gpio.c  0x00000000   Number         0  stm32f10x_gpio.o ABSOLUTE
    ..\STM32F10x_FWLib\src\stm32f10x_i2c.c   0x00000000   Number         0  stm32f10x_i2c.o ABSOLUTE
    ..\STM32F10x_FWLib\src\stm32f10x_rcc.c   0x00000000   Number         0  stm32f10x_rcc.o ABSOLUTE
    ..\STM32F10x_FWLib\src\stm32f10x_tim.c   0x00000000   Number         0  stm32f10x_tim.o ABSOLUTE
    ..\STM32F10x_FWLib\src\stm32f10x_usart.c 0x00000000   Number         0  stm32f10x_usart.o ABSOLUTE
    ..\SYSTEM\delay\delay.c                  0x00000000   Number         0  delay.o ABSOLUTE
    ..\SYSTEM\sys\sys.c                      0x00000000   Number         0  sys.o ABSOLUTE
    ..\SYSTEM\usart\usart.c                  0x00000000   Number         0  usart.o ABSOLUTE
    ..\\CORE\\core_cm3.c                     0x00000000   Number         0  core_cm3.o ABSOLUTE
    ..\\SYSTEM\\sys\\sys.c                   0x00000000   Number         0  sys.o ABSOLUTE
    dc.s                                     0x00000000   Number         0  dc.o ABSOLUTE
    main.c                                   0x00000000   Number         0  main.o ABSOLUTE
    stm32f10x_it.c                           0x00000000   Number         0  stm32f10x_it.o ABSOLUTE
    system_stm32f10x.c                       0x00000000   Number         0  system_stm32f10x.o ABSOLUTE
    RESET                                    0x08000000   Section      304  startup_stm32f10x_hd.o(RESET)
    !!!main                                  0x08000130   Section        8  __main.o(!!!main)
    !!!scatter                               0x08000138   Section       52  __scatter.o(!!!scatter)
    !!dczerorl2                              0x0800016c   Section       90  __dczerorl2.o(!!dczerorl2)
    !!handler_zi                             0x080001c8   Section       28  __scatter_zi.o(!!handler_zi)
    .ARM.Collect$$_printf_percent$$00000000  0x080001e4   Section        0  _printf_percent.o(.ARM.Collect$$_printf_percent$$00000000)
    .ARM.Collect$$_printf_percent$$00000009  0x080001e4   Section        6  _printf_d.o(.ARM.Collect$$_printf_percent$$00000009)
    .ARM.Collect$$_printf_percent$$00000014  0x080001ea   Section        6  _printf_s.o(.ARM.Collect$$_printf_percent$$00000014)
    .ARM.Collect$$_printf_percent$$00000017  0x080001f0   Section        4  _printf_percent_end.o(.ARM.Collect$$_printf_percent$$00000017)
    .ARM.Collect$$libinit$$00000000          0x080001f4   Section        2  libinit.o(.ARM.Collect$$libinit$$00000000)
    .ARM.Collect$$libinit$$00000002          0x080001f6   Section        0  libinit2.o(.ARM.Collect$$libinit$$00000002)
    .ARM.Collect$$libinit$$00000004          0x080001f6   Section        0  libinit2.o(.ARM.Collect$$libinit$$00000004)
    .ARM.Collect$$libinit$$0000000A          0x080001f6   Section        0  libinit2.o(.ARM.Collect$$libinit$$0000000A)
    .ARM.Collect$$libinit$$0000000C          0x080001f6   Section        0  libinit2.o(.ARM.Collect$$libinit$$0000000C)
    .ARM.Collect$$libinit$$0000000E          0x080001f6   Section        0  libinit2.o(.ARM.Collect$$libinit$$0000000E)
    .ARM.Collect$$libinit$$00000011          0x080001f6   Section        0  libinit2.o(.ARM.Collect$$libinit$$00000011)
    .ARM.Collect$$libinit$$00000013          0x080001f6   Section        0  libinit2.o(.ARM.Collect$$libinit$$00000013)
    .ARM.Collect$$libinit$$00000015          0x080001f6   Section        0  libinit2.o(.ARM.Collect$$libinit$$00000015)
    .ARM.Collect$$libinit$$00000017          0x080001f6   Section        0  libinit2.o(.ARM.Collect$$libinit$$00000017)
    .ARM.Collect$$libinit$$00000019          0x080001f6   Section        0  libinit2.o(.ARM.Collect$$libinit$$00000019)
    .ARM.Collect$$libinit$$0000001B          0x080001f6   Section        0  libinit2.o(.ARM.Collect$$libinit$$0000001B)
    .ARM.Collect$$libinit$$0000001D          0x080001f6   Section        0  libinit2.o(.ARM.Collect$$libinit$$0000001D)
    .ARM.Collect$$libinit$$0000001F          0x080001f6   Section        0  libinit2.o(.ARM.Collect$$libinit$$0000001F)
    .ARM.Collect$$libinit$$00000021          0x080001f6   Section        0  libinit2.o(.ARM.Collect$$libinit$$00000021)
    .ARM.Collect$$libinit$$00000023          0x080001f6   Section        0  libinit2.o(.ARM.Collect$$libinit$$00000023)
    .ARM.Collect$$libinit$$00000025          0x080001f6   Section        0  libinit2.o(.ARM.Collect$$libinit$$00000025)
    .ARM.Collect$$libinit$$0000002C          0x080001f6   Section        0  libinit2.o(.ARM.Collect$$libinit$$0000002C)
    .ARM.Collect$$libinit$$0000002E          0x080001f6   Section        0  libinit2.o(.ARM.Collect$$libinit$$0000002E)
    .ARM.Collect$$libinit$$00000030          0x080001f6   Section        0  libinit2.o(.ARM.Collect$$libinit$$00000030)
    .ARM.Collect$$libinit$$00000032          0x080001f6   Section        0  libinit2.o(.ARM.Collect$$libinit$$00000032)
    .ARM.Collect$$libinit$$00000033          0x080001f6   Section        2  libinit2.o(.ARM.Collect$$libinit$$00000033)
    .ARM.Collect$$libshutdown$$00000000      0x080001f8   Section        2  libshutdown.o(.ARM.Collect$$libshutdown$$00000000)
    .ARM.Collect$$libshutdown$$00000003      0x080001fa   Section        0  libshutdown2.o(.ARM.Collect$$libshutdown$$00000003)
    .ARM.Collect$$libshutdown$$00000006      0x080001fa   Section        0  libshutdown2.o(.ARM.Collect$$libshutdown$$00000006)
    .ARM.Collect$$libshutdown$$00000009      0x080001fa   Section        0  libshutdown2.o(.ARM.Collect$$libshutdown$$00000009)
    .ARM.Collect$$libshutdown$$0000000B      0x080001fa   Section        0  libshutdown2.o(.ARM.Collect$$libshutdown$$0000000B)
    .ARM.Collect$$libshutdown$$0000000E      0x080001fa   Section        0  libshutdown2.o(.ARM.Collect$$libshutdown$$0000000E)
    .ARM.Collect$$libshutdown$$0000000F      0x080001fa   Section        2  libshutdown2.o(.ARM.Collect$$libshutdown$$0000000F)
    .ARM.Collect$$rtentry$$00000000          0x080001fc   Section        0  __rtentry.o(.ARM.Collect$$rtentry$$00000000)
    .ARM.Collect$$rtentry$$00000002          0x080001fc   Section        0  __rtentry2.o(.ARM.Collect$$rtentry$$00000002)
    .ARM.Collect$$rtentry$$00000004          0x080001fc   Section        6  __rtentry4.o(.ARM.Collect$$rtentry$$00000004)
    .ARM.Collect$$rtentry$$00000009          0x08000202   Section        0  __rtentry2.o(.ARM.Collect$$rtentry$$00000009)
    .ARM.Collect$$rtentry$$0000000A          0x08000202   Section        4  __rtentry2.o(.ARM.Collect$$rtentry$$0000000A)
    .ARM.Collect$$rtentry$$0000000C          0x08000206   Section        0  __rtentry2.o(.ARM.Collect$$rtentry$$0000000C)
    .ARM.Collect$$rtentry$$0000000D          0x08000206   Section        8  __rtentry2.o(.ARM.Collect$$rtentry$$0000000D)
    .ARM.Collect$$rtexit$$00000000           0x0800020e   Section        2  rtexit.o(.ARM.Collect$$rtexit$$00000000)
    .ARM.Collect$$rtexit$$00000002           0x08000210   Section        0  rtexit2.o(.ARM.Collect$$rtexit$$00000002)
    .ARM.Collect$$rtexit$$00000003           0x08000210   Section        4  rtexit2.o(.ARM.Collect$$rtexit$$00000003)
    .ARM.Collect$$rtexit$$00000004           0x08000214   Section        6  rtexit2.o(.ARM.Collect$$rtexit$$00000004)
    .text                                    0x0800021c   Section        0  main.o(.text)
    .text                                    0x08000578   Section        0  stm32f10x_it.o(.text)
    .text                                    0x080005e4   Section        0  system_stm32f10x.o(.text)
    SetSysClockTo72                          0x080005e5   Thumb Code   214  system_stm32f10x.o(.text)
    SetSysClock                              0x080006bb   Thumb Code     8  system_stm32f10x.o(.text)
    .text                                    0x080007c4   Section        0  led.o(.text)
    .text                                    0x080007fc   Section        0  timer.o(.text)
    .text                                    0x080008f8   Section        0  dht11.o(.text)
    .text                                    0x08000a8c   Section        0  oled_iic.o(.text)
    .text                                    0x08000eb0   Section        0  fy_mqtt.o(.text)
    Init                                     0x08000eb1   Thumb Code    70  fy_mqtt.o(.text)
    Mqtt_SendBuf                             0x08000ef7   Thumb Code    16  fy_mqtt.o(.text)
    Connect                                  0x08000f07   Thumb Code   656  fy_mqtt.o(.text)
    SubscribeTopic                           0x08001197   Thumb Code   426  fy_mqtt.o(.text)
    PublishData                              0x08001341   Thumb Code   294  fy_mqtt.o(.text)
    SentHeart                                0x08001467   Thumb Code    12  fy_mqtt.o(.text)
    Disconnect                               0x08001473   Thumb Code    12  fy_mqtt.o(.text)
    .text                                    0x080015b8   Section        0  fy_network.o(.text)
    Init                                     0x080015ef   Thumb Code   144  fy_network.o(.text)
    Restore                                  0x0800167f   Thumb Code    26  fy_network.o(.text)
    Check                                    0x08001699   Thumb Code    56  fy_network.o(.text)
    ConnectAP                                0x080016d1   Thumb Code   142  fy_network.o(.text)
    ConnectServer                            0x0800175f   Thumb Code   172  fy_network.o(.text)
    DisconnectServer                         0x0800180b   Thumb Code    74  fy_network.o(.text)
    SendBuf                                  0x08001855   Thumb Code    26  fy_network.o(.text)
    SendString                               0x0800186f   Thumb Code    22  fy_network.o(.text)
    OpenTransmission                         0x08001885   Thumb Code    56  fy_network.o(.text)
    CloseTransmission                        0x080018bd   Thumb Code    32  fy_network.o(.text)
    .text                                    0x080019a4   Section        0  delay.o(.text)
    .text                                    0x08001a78   Section        0  usart.o(.text)
    .text                                    0x08001e34   Section        0  nvic.o(.text)
    .text                                    0x08001e9c   Section       64  startup_stm32f10x_hd.o(.text)
    .text                                    0x08001edc   Section        0  misc.o(.text)
    .text                                    0x08001fb8   Section        0  stm32f10x_gpio.o(.text)
    .text                                    0x08002314   Section        0  stm32f10x_rcc.o(.text)
    .text                                    0x080026b8   Section        0  stm32f10x_usart.o(.text)
    .text                                    0x08002ac0   Section        0  stm32f10x_i2c.o(.text)
    .text                                    0x08002ec4   Section        0  stm32f10x_tim.o(.text)
    TI4_Config                               0x0800336b   Thumb Code   130  stm32f10x_tim.o(.text)
    TI3_Config                               0x080033ff   Thumb Code   122  stm32f10x_tim.o(.text)
    TI2_Config                               0x08003493   Thumb Code   130  stm32f10x_tim.o(.text)
    TI1_Config                               0x08003527   Thumb Code   108  stm32f10x_tim.o(.text)
    .text                                    0x08003cde   Section        2  use_no_semi_2.o(.text)
    .text                                    0x08003ce0   Section        0  noretval__2printf.o(.text)
    .text                                    0x08003cf8   Section        0  noretval__2sprintf.o(.text)
    .text                                    0x08003d20   Section        0  __printf.o(.text)
    .text                                    0x08003d88   Section        0  _printf_str.o(.text)
    .text                                    0x08003ddc   Section        0  _printf_dec.o(.text)
    .text                                    0x08003e54   Section        0  strstr.o(.text)
    .text                                    0x08003e78   Section        0  strlen.o(.text)
    .text                                    0x08003eb6   Section      138  rt_memcpy_v6.o(.text)
    .text                                    0x08003f40   Section       68  rt_memclr.o(.text)
    .text                                    0x08003f84   Section       78  rt_memclr_w.o(.text)
    .text                                    0x08003fd2   Section        0  heapauxi.o(.text)
    .text                                    0x08003fd8   Section        2  use_no_semi.o(.text)
    .text                                    0x08003fda   Section        0  _printf_intcommon.o(.text)
    .text                                    0x0800408c   Section        0  _printf_char_common.o(.text)
    _printf_input_char                       0x0800408d   Thumb Code    10  _printf_char_common.o(.text)
    .text                                    0x080040bc   Section        0  _sputc.o(.text)
    .text                                    0x080040c6   Section        0  _printf_char.o(.text)
    .text                                    0x080040f4   Section        0  _printf_char_file.o(.text)
    .text                                    0x08004118   Section      100  rt_memcpy_w.o(.text)
    .text                                    0x0800417c   Section        0  ferror.o(.text)
    .text                                    0x08004184   Section       74  sys_stackheap_outer.o(.text)
    .text                                    0x080041ce   Section        0  exit.o(.text)
    .text                                    0x080041dc   Section        8  libspace.o(.text)
    .constdata                               0x080041e4   Section     2072  oled_iic.o(.constdata)
    .constdata                               0x080049fc   Section       12  fy_mqtt.o(.constdata)
    .data                                    0x20000000   Section        8  main.o(.data)
    .data                                    0x20000008   Section        8  stm32f10x_it.o(.data)
    count1                                   0x20000008   Data           4  stm32f10x_it.o(.data)
    count2                                   0x2000000c   Data           4  stm32f10x_it.o(.data)
    .data                                    0x20000010   Section       20  system_stm32f10x.o(.data)
    .data                                    0x20000024   Section     1152  oled_iic.o(.data)
    .data                                    0x200004a4   Section       42  fy_mqtt.o(.data)
    id                                       0x200004cc   Data           2  fy_mqtt.o(.data)
    .data                                    0x200004d0   Section       56  fy_network.o(.data)
    .data                                    0x20000508   Section        4  delay.o(.data)
    fac_us                                   0x20000508   Data           1  delay.o(.data)
    fac_ms                                   0x2000050a   Data           2  delay.o(.data)
    .data                                    0x2000050c   Section       14  usart.o(.data)
    rxlen                                    0x20000519   Data           1  usart.o(.data)
    .data                                    0x2000051a   Section       20  stm32f10x_rcc.o(.data)
    APBAHBPrescTable                         0x2000051a   Data          16  stm32f10x_rcc.o(.data)
    ADCPrescTable                            0x2000052a   Data           4  stm32f10x_rcc.o(.data)
    .bss                                     0x20000530   Section      612  main.o(.bss)
    .bss                                     0x20000794   Section      400  usart.o(.bss)
    .bss                                     0x20000924   Section       96  libspace.o(.bss)
    HEAP                                     0x20000988   Section      512  startup_stm32f10x_hd.o(HEAP)
    Heap_Mem                                 0x20000988   Data         512  startup_stm32f10x_hd.o(HEAP)
    STACK                                    0x20000b88   Section     1024  startup_stm32f10x_hd.o(STACK)
    Stack_Mem                                0x20000b88   Data        1024  startup_stm32f10x_hd.o(STACK)
    __initial_sp                             0x20000f88   Data           0  startup_stm32f10x_hd.o(STACK)

    Global Symbols

    Symbol Name                              Value     Ov Type        Size  Object(Section)

    BuildAttributes$$THM_ISAv4$P$D$K$B$S$PE$A:L22UL41UL21$X:L11$S22US41US21$IEEE1$IW$USESV6$~STKCKD$USESV7$~SHL$OSPACE$ROPI$EBA8$UX$STANDARDLIB$REQ8$PRES8$EABIv2 0x00000000   Number         0  anon$$obj.o ABSOLUTE
    __ARM_use_no_argv                        0x00000000   Number         0  main.o ABSOLUTE
    __ARM_exceptions_init                     - Undefined Weak Reference
    __alloca_initialize                       - Undefined Weak Reference
    __arm_preinit_                            - Undefined Weak Reference
    __cpp_initialize__aeabi_                  - Undefined Weak Reference
    __cxa_finalize                            - Undefined Weak Reference
    __rt_locale                               - Undefined Weak Reference
    __sigvec_lookup                           - Undefined Weak Reference
    _atexit_init                              - Undefined Weak Reference
    _call_atexit_fns                          - Undefined Weak Reference
    _clock_init                               - Undefined Weak Reference
    _fp_trap_init                             - Undefined Weak Reference
    _fp_trap_shutdown                         - Undefined Weak Reference
    _get_lc_collate                           - Undefined Weak Reference
    _get_lc_ctype                             - Undefined Weak Reference
    _get_lc_monetary                          - Undefined Weak Reference
    _get_lc_numeric                           - Undefined Weak Reference
    _get_lc_time                              - Undefined Weak Reference
    _getenv_init                              - Undefined Weak Reference
    _handle_redirection                       - Undefined Weak Reference
    _init_alloc                               - Undefined Weak Reference
    _init_user_alloc                          - Undefined Weak Reference
    _initio                                   - Undefined Weak Reference
    _mutex_acquire                            - Undefined Weak Reference
    _mutex_release                            - Undefined Weak Reference
    _printf_mbtowc                            - Undefined Weak Reference
    _printf_post_padding                      - Undefined Weak Reference
    _printf_pre_padding                       - Undefined Weak Reference
    _printf_truncate_signed                   - Undefined Weak Reference
    _printf_truncate_unsigned                 - Undefined Weak Reference
    _rand_init                                - Undefined Weak Reference
    _signal_finish                            - Undefined Weak Reference
    _signal_init                              - Undefined Weak Reference
    _terminate_alloc                          - Undefined Weak Reference
    _terminate_user_alloc                     - Undefined Weak Reference
    _terminateio                              - Undefined Weak Reference
    __Vectors_Size                           0x00000130   Number         0  startup_stm32f10x_hd.o ABSOLUTE
    __Vectors                                0x08000000   Data           4  startup_stm32f10x_hd.o(RESET)
    __Vectors_End                            0x08000130   Data           0  startup_stm32f10x_hd.o(RESET)
    __main                                   0x08000131   Thumb Code     8  __main.o(!!!main)
    __scatterload                            0x08000139   Thumb Code     0  __scatter.o(!!!scatter)
    __scatterload_rt2                        0x08000139   Thumb Code    44  __scatter.o(!!!scatter)
    __scatterload_rt2_thumb_only             0x08000139   Thumb Code     0  __scatter.o(!!!scatter)
    __scatterload_null                       0x08000147   Thumb Code     0  __scatter.o(!!!scatter)
    __decompress                             0x0800016d   Thumb Code    90  __dczerorl2.o(!!dczerorl2)
    __decompress1                            0x0800016d   Thumb Code     0  __dczerorl2.o(!!dczerorl2)
    __scatterload_zeroinit                   0x080001c9   Thumb Code    28  __scatter_zi.o(!!handler_zi)
    _printf_d                                0x080001e5   Thumb Code     0  _printf_d.o(.ARM.Collect$$_printf_percent$$00000009)
    _printf_percent                          0x080001e5   Thumb Code     0  _printf_percent.o(.ARM.Collect$$_printf_percent$$00000000)
    _printf_s                                0x080001eb   Thumb Code     0  _printf_s.o(.ARM.Collect$$_printf_percent$$00000014)
    _printf_percent_end                      0x080001f1   Thumb Code     0  _printf_percent_end.o(.ARM.Collect$$_printf_percent$$00000017)
    __rt_lib_init                            0x080001f5   Thumb Code     0  libinit.o(.ARM.Collect$$libinit$$00000000)
    __rt_lib_init_alloca_1                   0x080001f7   Thumb Code     0  libinit2.o(.ARM.Collect$$libinit$$0000002E)
    __rt_lib_init_argv_1                     0x080001f7   Thumb Code     0  libinit2.o(.ARM.Collect$$libinit$$0000002C)
    __rt_lib_init_atexit_1                   0x080001f7   Thumb Code     0  libinit2.o(.ARM.Collect$$libinit$$0000001B)
    __rt_lib_init_clock_1                    0x080001f7   Thumb Code     0  libinit2.o(.ARM.Collect$$libinit$$00000021)
    __rt_lib_init_cpp_1                      0x080001f7   Thumb Code     0  libinit2.o(.ARM.Collect$$libinit$$00000032)
    __rt_lib_init_exceptions_1               0x080001f7   Thumb Code     0  libinit2.o(.ARM.Collect$$libinit$$00000030)
    __rt_lib_init_fp_1                       0x080001f7   Thumb Code     0  libinit2.o(.ARM.Collect$$libinit$$00000002)
    __rt_lib_init_fp_trap_1                  0x080001f7   Thumb Code     0  libinit2.o(.ARM.Collect$$libinit$$0000001F)
    __rt_lib_init_getenv_1                   0x080001f7   Thumb Code     0  libinit2.o(.ARM.Collect$$libinit$$00000023)
    __rt_lib_init_heap_1                     0x080001f7   Thumb Code     0  libinit2.o(.ARM.Collect$$libinit$$0000000A)
    __rt_lib_init_lc_collate_1               0x080001f7   Thumb Code     0  libinit2.o(.ARM.Collect$$libinit$$00000011)
    __rt_lib_init_lc_ctype_1                 0x080001f7   Thumb Code     0  libinit2.o(.ARM.Collect$$libinit$$00000013)
    __rt_lib_init_lc_monetary_1              0x080001f7   Thumb Code     0  libinit2.o(.ARM.Collect$$libinit$$00000015)
    __rt_lib_init_lc_numeric_1               0x080001f7   Thumb Code     0  libinit2.o(.ARM.Collect$$libinit$$00000017)
    __rt_lib_init_lc_time_1                  0x080001f7   Thumb Code     0  libinit2.o(.ARM.Collect$$libinit$$00000019)
    __rt_lib_init_preinit_1                  0x080001f7   Thumb Code     0  libinit2.o(.ARM.Collect$$libinit$$00000004)
    __rt_lib_init_rand_1                     0x080001f7   Thumb Code     0  libinit2.o(.ARM.Collect$$libinit$$0000000E)
    __rt_lib_init_return                     0x080001f7   Thumb Code     0  libinit2.o(.ARM.Collect$$libinit$$00000033)
    __rt_lib_init_signal_1                   0x080001f7   Thumb Code     0  libinit2.o(.ARM.Collect$$libinit$$0000001D)
    __rt_lib_init_stdio_1                    0x080001f7   Thumb Code     0  libinit2.o(.ARM.Collect$$libinit$$00000025)
    __rt_lib_init_user_alloc_1               0x080001f7   Thumb Code     0  libinit2.o(.ARM.Collect$$libinit$$0000000C)
    __rt_lib_shutdown                        0x080001f9   Thumb Code     0  libshutdown.o(.ARM.Collect$$libshutdown$$00000000)
    __rt_lib_shutdown_fp_trap_1              0x080001fb   Thumb Code     0  libshutdown2.o(.ARM.Collect$$libshutdown$$00000006)
    __rt_lib_shutdown_heap_1                 0x080001fb   Thumb Code     0  libshutdown2.o(.ARM.Collect$$libshutdown$$0000000E)
    __rt_lib_shutdown_return                 0x080001fb   Thumb Code     0  libshutdown2.o(.ARM.Collect$$libshutdown$$0000000F)
    __rt_lib_shutdown_signal_1               0x080001fb   Thumb Code     0  libshutdown2.o(.ARM.Collect$$libshutdown$$00000009)
    __rt_lib_shutdown_stdio_1                0x080001fb   Thumb Code     0  libshutdown2.o(.ARM.Collect$$libshutdown$$00000003)
    __rt_lib_shutdown_user_alloc_1           0x080001fb   Thumb Code     0  libshutdown2.o(.ARM.Collect$$libshutdown$$0000000B)
    __rt_entry                               0x080001fd   Thumb Code     0  __rtentry.o(.ARM.Collect$$rtentry$$00000000)
    __rt_entry_presh_1                       0x080001fd   Thumb Code     0  __rtentry2.o(.ARM.Collect$$rtentry$$00000002)
    __rt_entry_sh                            0x080001fd   Thumb Code     0  __rtentry4.o(.ARM.Collect$$rtentry$$00000004)
    __rt_entry_li                            0x08000203   Thumb Code     0  __rtentry2.o(.ARM.Collect$$rtentry$$0000000A)
    __rt_entry_postsh_1                      0x08000203   Thumb Code     0  __rtentry2.o(.ARM.Collect$$rtentry$$00000009)
    __rt_entry_main                          0x08000207   Thumb Code     0  __rtentry2.o(.ARM.Collect$$rtentry$$0000000D)
    __rt_entry_postli_1                      0x08000207   Thumb Code     0  __rtentry2.o(.ARM.Collect$$rtentry$$0000000C)
    __rt_exit                                0x0800020f   Thumb Code     0  rtexit.o(.ARM.Collect$$rtexit$$00000000)
    __rt_exit_ls                             0x08000211   Thumb Code     0  rtexit2.o(.ARM.Collect$$rtexit$$00000003)
    __rt_exit_prels_1                        0x08000211   Thumb Code     0  rtexit2.o(.ARM.Collect$$rtexit$$00000002)
    __rt_exit_exit                           0x08000215   Thumb Code     0  rtexit2.o(.ARM.Collect$$rtexit$$00000004)
    ESP_INIT                                 0x0800021d   Thumb Code   260  main.o(.text)
    main                                     0x08000321   Thumb Code   174  main.o(.text)
    TIM2_IRQHandler                          0x08000579   Thumb Code    70  stm32f10x_it.o(.text)
    NMI_Handler                              0x080005bf   Thumb Code     2  stm32f10x_it.o(.text)
    HardFault_Handler                        0x080005c1   Thumb Code     4  stm32f10x_it.o(.text)
    MemManage_Handler                        0x080005c5   Thumb Code     4  stm32f10x_it.o(.text)
    BusFault_Handler                         0x080005c9   Thumb Code     4  stm32f10x_it.o(.text)
    UsageFault_Handler                       0x080005cd   Thumb Code     4  stm32f10x_it.o(.text)
    SVC_Handler                              0x080005d1   Thumb Code     2  stm32f10x_it.o(.text)
    DebugMon_Handler                         0x080005d3   Thumb Code     2  stm32f10x_it.o(.text)
    PendSV_Handler                           0x080005d5   Thumb Code     2  stm32f10x_it.o(.text)
    SysTick_Handler                          0x080005d7   Thumb Code     2  stm32f10x_it.o(.text)
    SystemInit                               0x080006c3   Thumb Code    78  system_stm32f10x.o(.text)
    SystemCoreClockUpdate                    0x08000711   Thumb Code   142  system_stm32f10x.o(.text)
    LED_Init                                 0x080007c5   Thumb Code    50  led.o(.text)
    Timer2_Init                              0x080007fd   Thumb Code    70  timer.o(.text)
    Timer4_Init                              0x08000843   Thumb Code   174  timer.o(.text)
    DHT11_Reset                              0x080008f9   Thumb Code    52  dht11.o(.text)
    DHT11_IsOnline                           0x0800092d   Thumb Code    96  dht11.o(.text)
    DHT11_ReadBit                            0x0800098d   Thumb Code    76  dht11.o(.text)
    DHT11_ReadByte                           0x080009d9   Thumb Code    30  dht11.o(.text)
    DHT11_Read_Data                          0x080009f7   Thumb Code    88  dht11.o(.text)
    DHT11Configuration                       0x08000a4f   Thumb Code    48  dht11.o(.text)
    I2C_Configuration                        0x08000a8d   Thumb Code   116  oled_iic.o(.text)
    I2C_WriteByte                            0x08000b01   Thumb Code   126  oled_iic.o(.text)
    WriteCmd                                 0x08000b7f   Thumb Code    14  oled_iic.o(.text)
    WriteDat                                 0x08000b8d   Thumb Code    14  oled_iic.o(.text)
    OLED_Init                                0x08000b9b   Thumb Code   180  oled_iic.o(.text)
    OLED_SetPos                              0x08000c4f   Thumb Code    40  oled_iic.o(.text)
    OLED_Fill                                0x08000c77   Thumb Code    58  oled_iic.o(.text)
    OLED_CLS                                 0x08000cb1   Thumb Code    10  oled_iic.o(.text)
    OLED_ON                                  0x08000cbb   Thumb Code    22  oled_iic.o(.text)
    OLED_OFF                                 0x08000cd1   Thumb Code    22  oled_iic.o(.text)
    OLED_ShowStr                             0x08000ce7   Thumb Code   228  oled_iic.o(.text)
    OLED_ShowCN                              0x08000dcb   Thumb Code    80  oled_iic.o(.text)
    OLED_DrawBMP                             0x08000e1b   Thumb Code   116  oled_iic.o(.text)
    find                                     0x0800147f   Thumb Code   168  fy_mqtt.o(.text)
    Mqtt_Progress                            0x08001527   Thumb Code    82  fy_mqtt.o(.text)
    FindStr                                  0x080015b9   Thumb Code    54  fy_network.o(.text)
    delay_init                               0x080019a5   Thumb Code    50  delay.o(.text)
    delay_us                                 0x080019d7   Thumb Code    72  delay.o(.text)
    delay_ms                                 0x08001a1f   Thumb Code    72  delay.o(.text)
    _sys_exit                                0x08001a79   Thumb Code     6  usart.o(.text)
    fputc                                    0x08001a7f   Thumb Code    24  usart.o(.text)
    uart1_init                               0x08001a97   Thumb Code   124  usart.o(.text)
    uart2_init                               0x08001b13   Thumb Code   118  usart.o(.text)
    USART1_IRQHandler                        0x08001b89   Thumb Code   122  usart.o(.text)
    USART2_IRQHandler                        0x08001c03   Thumb Code   122  usart.o(.text)
    uart3_init                               0x08001c7d   Thumb Code   142  usart.o(.text)
    USART3_IRQHandler                        0x08001d0b   Thumb Code   110  usart.o(.text)
    Usart3_SendByte                          0x08001d79   Thumb Code    28  usart.o(.text)
    Usart3_SendString                        0x08001d95   Thumb Code    22  usart.o(.text)
    Usart3_SendBuf                           0x08001dab   Thumb Code    28  usart.o(.text)
    Usart_SendChar                           0x08001dc7   Thumb Code    30  usart.o(.text)
    Usart_SendString                         0x08001de5   Thumb Code    28  usart.o(.text)
    nvic_init                                0x08001e35   Thumb Code   102  nvic.o(.text)
    Reset_Handler                            0x08001e9d   Thumb Code     8  startup_stm32f10x_hd.o(.text)
    ADC1_2_IRQHandler                        0x08001eb7   Thumb Code     0  startup_stm32f10x_hd.o(.text)
    ADC3_IRQHandler                          0x08001eb7   Thumb Code     0  startup_stm32f10x_hd.o(.text)
    CAN1_RX1_IRQHandler                      0x08001eb7   Thumb Code     0  startup_stm32f10x_hd.o(.text)
    CAN1_SCE_IRQHandler                      0x08001eb7   Thumb Code     0  startup_stm32f10x_hd.o(.text)
    DMA1_Channel1_IRQHandler                 0x08001eb7   Thumb Code     0  startup_stm32f10x_hd.o(.text)
    DMA1_Channel2_IRQHandler                 0x08001eb7   Thumb Code     0  startup_stm32f10x_hd.o(.text)
    DMA1_Channel3_IRQHandler                 0x08001eb7   Thumb Code     0  startup_stm32f10x_hd.o(.text)
    DMA1_Channel4_IRQHandler                 0x08001eb7   Thumb Code     0  startup_stm32f10x_hd.o(.text)
    DMA1_Channel5_IRQHandler                 0x08001eb7   Thumb Code     0  startup_stm32f10x_hd.o(.text)
    DMA1_Channel6_IRQHandler                 0x08001eb7   Thumb Code     0  startup_stm32f10x_hd.o(.text)
    DMA1_Channel7_IRQHandler                 0x08001eb7   Thumb Code     0  startup_stm32f10x_hd.o(.text)
    DMA2_Channel1_IRQHandler                 0x08001eb7   Thumb Code     0  startup_stm32f10x_hd.o(.text)
    DMA2_Channel2_IRQHandler                 0x08001eb7   Thumb Code     0  startup_stm32f10x_hd.o(.text)
    DMA2_Channel3_IRQHandler                 0x08001eb7   Thumb Code     0  startup_stm32f10x_hd.o(.text)
    DMA2_Channel4_5_IRQHandler               0x08001eb7   Thumb Code     0  startup_stm32f10x_hd.o(.text)
    EXTI0_IRQHandler                         0x08001eb7   Thumb Code     0  startup_stm32f10x_hd.o(.text)
    EXTI15_10_IRQHandler                     0x08001eb7   Thumb Code     0  startup_stm32f10x_hd.o(.text)
    EXTI1_IRQHandler                         0x08001eb7   Thumb Code     0  startup_stm32f10x_hd.o(.text)
    EXTI2_IRQHandler                         0x08001eb7   Thumb Code     0  startup_stm32f10x_hd.o(.text)
    EXTI3_IRQHandler                         0x08001eb7   Thumb Code     0  startup_stm32f10x_hd.o(.text)
    EXTI4_IRQHandler                         0x08001eb7   Thumb Code     0  startup_stm32f10x_hd.o(.text)
    EXTI9_5_IRQHandler                       0x08001eb7   Thumb Code     0  startup_stm32f10x_hd.o(.text)
    FLASH_IRQHandler                         0x08001eb7   Thumb Code     0  startup_stm32f10x_hd.o(.text)
    FSMC_IRQHandler                          0x08001eb7   Thumb Code     0  startup_stm32f10x_hd.o(.text)
    I2C1_ER_IRQHandler                       0x08001eb7   Thumb Code     0  startup_stm32f10x_hd.o(.text)
    I2C1_EV_IRQHandler                       0x08001eb7   Thumb Code     0  startup_stm32f10x_hd.o(.text)
    I2C2_ER_IRQHandler                       0x08001eb7   Thumb Code     0  startup_stm32f10x_hd.o(.text)
    I2C2_EV_IRQHandler                       0x08001eb7   Thumb Code     0  startup_stm32f10x_hd.o(.text)
    PVD_IRQHandler                           0x08001eb7   Thumb Code     0  startup_stm32f10x_hd.o(.text)
    RCC_IRQHandler                           0x08001eb7   Thumb Code     0  startup_stm32f10x_hd.o(.text)
    RTCAlarm_IRQHandler                      0x08001eb7   Thumb Code     0  startup_stm32f10x_hd.o(.text)
    RTC_IRQHandler                           0x08001eb7   Thumb Code     0  startup_stm32f10x_hd.o(.text)
    SDIO_IRQHandler                          0x08001eb7   Thumb Code     0  startup_stm32f10x_hd.o(.text)
    SPI1_IRQHandler                          0x08001eb7   Thumb Code     0  startup_stm32f10x_hd.o(.text)
    SPI2_IRQHandler                          0x08001eb7   Thumb Code     0  startup_stm32f10x_hd.o(.text)
    SPI3_IRQHandler                          0x08001eb7   Thumb Code     0  startup_stm32f10x_hd.o(.text)
    TAMPER_IRQHandler                        0x08001eb7   Thumb Code     0  startup_stm32f10x_hd.o(.text)
    TIM1_BRK_IRQHandler                      0x08001eb7   Thumb Code     0  startup_stm32f10x_hd.o(.text)
    TIM1_CC_IRQHandler                       0x08001eb7   Thumb Code     0  startup_stm32f10x_hd.o(.text)
    TIM1_TRG_COM_IRQHandler                  0x08001eb7   Thumb Code     0  startup_stm32f10x_hd.o(.text)
    TIM1_UP_IRQHandler                       0x08001eb7   Thumb Code     0  startup_stm32f10x_hd.o(.text)
    TIM3_IRQHandler                          0x08001eb7   Thumb Code     0  startup_stm32f10x_hd.o(.text)
    TIM4_IRQHandler                          0x08001eb7   Thumb Code     0  startup_stm32f10x_hd.o(.text)
    TIM5_IRQHandler                          0x08001eb7   Thumb Code     0  startup_stm32f10x_hd.o(.text)
    TIM6_IRQHandler                          0x08001eb7   Thumb Code     0  startup_stm32f10x_hd.o(.text)
    TIM7_IRQHandler                          0x08001eb7   Thumb Code     0  startup_stm32f10x_hd.o(.text)
    TIM8_BRK_IRQHandler                      0x08001eb7   Thumb Code     0  startup_stm32f10x_hd.o(.text)
    TIM8_CC_IRQHandler                       0x08001eb7   Thumb Code     0  startup_stm32f10x_hd.o(.text)
    TIM8_TRG_COM_IRQHandler                  0x08001eb7   Thumb Code     0  startup_stm32f10x_hd.o(.text)
    TIM8_UP_IRQHandler                       0x08001eb7   Thumb Code     0  startup_stm32f10x_hd.o(.text)
    UART4_IRQHandler                         0x08001eb7   Thumb Code     0  startup_stm32f10x_hd.o(.text)
    UART5_IRQHandler                         0x08001eb7   Thumb Code     0  startup_stm32f10x_hd.o(.text)
    USBWakeUp_IRQHandler                     0x08001eb7   Thumb Code     0  startup_stm32f10x_hd.o(.text)
    USB_HP_CAN1_TX_IRQHandler                0x08001eb7   Thumb Code     0  startup_stm32f10x_hd.o(.text)
    USB_LP_CAN1_RX0_IRQHandler               0x08001eb7   Thumb Code     0  startup_stm32f10x_hd.o(.text)
    WWDG_IRQHandler                          0x08001eb7   Thumb Code     0  startup_stm32f10x_hd.o(.text)
    __user_initial_stackheap                 0x08001eb9   Thumb Code     0  startup_stm32f10x_hd.o(.text)
    NVIC_PriorityGroupConfig                 0x08001edd   Thumb Code    10  misc.o(.text)
    NVIC_Init                                0x08001ee7   Thumb Code   100  misc.o(.text)
    NVIC_SetVectorTable                      0x08001f4b   Thumb Code    14  misc.o(.text)
    NVIC_SystemLPConfig                      0x08001f59   Thumb Code    34  misc.o(.text)
    SysTick_CLKSourceConfig                  0x08001f7b   Thumb Code    40  misc.o(.text)
    GPIO_DeInit                              0x08001fb9   Thumb Code   172  stm32f10x_gpio.o(.text)
    GPIO_AFIODeInit                          0x08002065   Thumb Code    20  stm32f10x_gpio.o(.text)
    GPIO_Init                                0x08002079   Thumb Code   278  stm32f10x_gpio.o(.text)
    GPIO_StructInit                          0x0800218f   Thumb Code    16  stm32f10x_gpio.o(.text)
    GPIO_ReadInputDataBit                    0x0800219f   Thumb Code    18  stm32f10x_gpio.o(.text)
    GPIO_ReadInputData                       0x080021b1   Thumb Code     8  stm32f10x_gpio.o(.text)
    GPIO_ReadOutputDataBit                   0x080021b9   Thumb Code    18  stm32f10x_gpio.o(.text)
    GPIO_ReadOutputData                      0x080021cb   Thumb Code     8  stm32f10x_gpio.o(.text)
    GPIO_SetBits                             0x080021d3   Thumb Code     4  stm32f10x_gpio.o(.text)
    GPIO_ResetBits                           0x080021d7   Thumb Code     4  stm32f10x_gpio.o(.text)
    GPIO_WriteBit                            0x080021db   Thumb Code    10  stm32f10x_gpio.o(.text)
    GPIO_Write                               0x080021e5   Thumb Code     4  stm32f10x_gpio.o(.text)
    GPIO_PinLockConfig                       0x080021e9   Thumb Code    18  stm32f10x_gpio.o(.text)
    GPIO_EventOutputConfig                   0x080021fb   Thumb Code    26  stm32f10x_gpio.o(.text)
    GPIO_EventOutputCmd                      0x08002215   Thumb Code     6  stm32f10x_gpio.o(.text)
    GPIO_PinRemapConfig                      0x0800221b   Thumb Code   138  stm32f10x_gpio.o(.text)
    GPIO_EXTILineConfig                      0x080022a5   Thumb Code    66  stm32f10x_gpio.o(.text)
    GPIO_ETH_MediaInterfaceConfig            0x080022e7   Thumb Code     8  stm32f10x_gpio.o(.text)
    RCC_DeInit                               0x08002315   Thumb Code    64  stm32f10x_rcc.o(.text)
    RCC_HSEConfig                            0x08002355   Thumb Code    70  stm32f10x_rcc.o(.text)
    RCC_GetFlagStatus                        0x0800239b   Thumb Code    56  stm32f10x_rcc.o(.text)
    RCC_WaitForHSEStartUp                    0x080023d3   Thumb Code    56  stm32f10x_rcc.o(.text)
    RCC_AdjustHSICalibrationValue            0x0800240b   Thumb Code    20  stm32f10x_rcc.o(.text)
    RCC_HSICmd                               0x0800241f   Thumb Code     6  stm32f10x_rcc.o(.text)
    RCC_PLLConfig                            0x08002425   Thumb Code    24  stm32f10x_rcc.o(.text)
    RCC_PLLCmd                               0x0800243d   Thumb Code     6  stm32f10x_rcc.o(.text)
    RCC_SYSCLKConfig                         0x08002443   Thumb Code    18  stm32f10x_rcc.o(.text)
    RCC_GetSYSCLKSource                      0x08002455   Thumb Code    10  stm32f10x_rcc.o(.text)
    RCC_HCLKConfig                           0x0800245f   Thumb Code    18  stm32f10x_rcc.o(.text)
    RCC_PCLK1Config                          0x08002471   Thumb Code    18  stm32f10x_rcc.o(.text)
    RCC_PCLK2Config                          0x08002483   Thumb Code    20  stm32f10x_rcc.o(.text)
    RCC_ITConfig                             0x08002497   Thumb Code    26  stm32f10x_rcc.o(.text)
    RCC_USBCLKConfig                         0x080024b1   Thumb Code     8  stm32f10x_rcc.o(.text)
    RCC_ADCCLKConfig                         0x080024b9   Thumb Code    18  stm32f10x_rcc.o(.text)
    RCC_LSEConfig                            0x080024cb   Thumb Code    50  stm32f10x_rcc.o(.text)
    RCC_LSICmd                               0x080024fd   Thumb Code     6  stm32f10x_rcc.o(.text)
    RCC_RTCCLKConfig                         0x08002503   Thumb Code    12  stm32f10x_rcc.o(.text)
    RCC_RTCCLKCmd                            0x0800250f   Thumb Code     8  stm32f10x_rcc.o(.text)
    RCC_GetClocksFreq                        0x08002517   Thumb Code   192  stm32f10x_rcc.o(.text)
    RCC_AHBPeriphClockCmd                    0x080025d7   Thumb Code    26  stm32f10x_rcc.o(.text)
    RCC_APB2PeriphClockCmd                   0x080025f1   Thumb Code    26  stm32f10x_rcc.o(.text)
    RCC_APB1PeriphClockCmd                   0x0800260b   Thumb Code    26  stm32f10x_rcc.o(.text)
    RCC_APB2PeriphResetCmd                   0x08002625   Thumb Code    26  stm32f10x_rcc.o(.text)
    RCC_APB1PeriphResetCmd                   0x0800263f   Thumb Code    26  stm32f10x_rcc.o(.text)
    RCC_BackupResetCmd                       0x08002659   Thumb Code     8  stm32f10x_rcc.o(.text)
    RCC_ClockSecuritySystemCmd               0x08002661   Thumb Code     6  stm32f10x_rcc.o(.text)
    RCC_MCOConfig                            0x08002667   Thumb Code     6  stm32f10x_rcc.o(.text)
    RCC_ClearFlag                            0x0800266d   Thumb Code    14  stm32f10x_rcc.o(.text)
    RCC_GetITStatus                          0x0800267b   Thumb Code    20  stm32f10x_rcc.o(.text)
    RCC_ClearITPendingBit                    0x0800268f   Thumb Code     6  stm32f10x_rcc.o(.text)
    USART_DeInit                             0x080026b9   Thumb Code   134  stm32f10x_usart.o(.text)
    USART_Init                               0x0800273f   Thumb Code   210  stm32f10x_usart.o(.text)
    USART_StructInit                         0x08002811   Thumb Code    24  stm32f10x_usart.o(.text)
    USART_ClockInit                          0x08002829   Thumb Code    34  stm32f10x_usart.o(.text)
    USART_ClockStructInit                    0x0800284b   Thumb Code    12  stm32f10x_usart.o(.text)
    USART_Cmd                                0x08002857   Thumb Code    24  stm32f10x_usart.o(.text)
    USART_ITConfig                           0x0800286f   Thumb Code    74  stm32f10x_usart.o(.text)
    USART_DMACmd                             0x080028b9   Thumb Code    18  stm32f10x_usart.o(.text)
    USART_SetAddress                         0x080028cb   Thumb Code    18  stm32f10x_usart.o(.text)
    USART_WakeUpConfig                       0x080028dd   Thumb Code    18  stm32f10x_usart.o(.text)
    USART_ReceiverWakeUpCmd                  0x080028ef   Thumb Code    24  stm32f10x_usart.o(.text)
    USART_LINBreakDetectLengthConfig         0x08002907   Thumb Code    18  stm32f10x_usart.o(.text)
    USART_LINCmd                             0x08002919   Thumb Code    24  stm32f10x_usart.o(.text)
    USART_SendData                           0x08002931   Thumb Code     8  stm32f10x_usart.o(.text)
    USART_ReceiveData                        0x08002939   Thumb Code    10  stm32f10x_usart.o(.text)
    USART_SendBreak                          0x08002943   Thumb Code    10  stm32f10x_usart.o(.text)
    USART_SetGuardTime                       0x0800294d   Thumb Code    16  stm32f10x_usart.o(.text)
    USART_SetPrescaler                       0x0800295d   Thumb Code    16  stm32f10x_usart.o(.text)
    USART_SmartCardCmd                       0x0800296d   Thumb Code    24  stm32f10x_usart.o(.text)
    USART_SmartCardNACKCmd                   0x08002985   Thumb Code    24  stm32f10x_usart.o(.text)
    USART_HalfDuplexCmd                      0x0800299d   Thumb Code    24  stm32f10x_usart.o(.text)
    USART_OverSampling8Cmd                   0x080029b5   Thumb Code    22  stm32f10x_usart.o(.text)
    USART_OneBitMethodCmd                    0x080029cb   Thumb Code    24  stm32f10x_usart.o(.text)
    USART_IrDAConfig                         0x080029e3   Thumb Code    18  stm32f10x_usart.o(.text)
    USART_IrDACmd                            0x080029f5   Thumb Code    24  stm32f10x_usart.o(.text)
    USART_GetFlagStatus                      0x08002a0d   Thumb Code    26  stm32f10x_usart.o(.text)
    USART_ClearFlag                          0x08002a27   Thumb Code    18  stm32f10x_usart.o(.text)
    USART_GetITStatus                        0x08002a39   Thumb Code    84  stm32f10x_usart.o(.text)
    USART_ClearITPendingBit                  0x08002a8d   Thumb Code    52  stm32f10x_usart.o(.text)
    I2C_DeInit                               0x08002ac1   Thumb Code    50  stm32f10x_i2c.o(.text)
    I2C_Init                                 0x08002af3   Thumb Code   222  stm32f10x_i2c.o(.text)
    I2C_StructInit                           0x08002bd1   Thumb Code    30  stm32f10x_i2c.o(.text)
    I2C_Cmd                                  0x08002bef   Thumb Code    24  stm32f10x_i2c.o(.text)
    I2C_DMACmd                               0x08002c07   Thumb Code    24  stm32f10x_i2c.o(.text)
    I2C_DMALastTransferCmd                   0x08002c1f   Thumb Code    24  stm32f10x_i2c.o(.text)
    I2C_GenerateSTART                        0x08002c37   Thumb Code    24  stm32f10x_i2c.o(.text)
    I2C_GenerateSTOP                         0x08002c4f   Thumb Code    24  stm32f10x_i2c.o(.text)
    I2C_AcknowledgeConfig                    0x08002c67   Thumb Code    24  stm32f10x_i2c.o(.text)
    I2C_OwnAddress2Config                    0x08002c7f   Thumb Code    22  stm32f10x_i2c.o(.text)
    I2C_DualAddressCmd                       0x08002c95   Thumb Code    24  stm32f10x_i2c.o(.text)
    I2C_GeneralCallCmd                       0x08002cad   Thumb Code    24  stm32f10x_i2c.o(.text)
    I2C_ITConfig                             0x08002cc5   Thumb Code    18  stm32f10x_i2c.o(.text)
    I2C_SendData                             0x08002cd7   Thumb Code     4  stm32f10x_i2c.o(.text)
    I2C_ReceiveData                          0x08002cdb   Thumb Code     8  stm32f10x_i2c.o(.text)
    I2C_Send7bitAddress                      0x08002ce3   Thumb Code    18  stm32f10x_i2c.o(.text)
    I2C_ReadRegister                         0x08002cf5   Thumb Code    22  stm32f10x_i2c.o(.text)
    I2C_SoftwareResetCmd                     0x08002d0b   Thumb Code    22  stm32f10x_i2c.o(.text)
    I2C_NACKPositionConfig                   0x08002d21   Thumb Code    28  stm32f10x_i2c.o(.text)
    I2C_SMBusAlertConfig                     0x08002d3d   Thumb Code    28  stm32f10x_i2c.o(.text)
    I2C_TransmitPEC                          0x08002d59   Thumb Code    24  stm32f10x_i2c.o(.text)
    I2C_PECPositionConfig                    0x08002d71   Thumb Code    28  stm32f10x_i2c.o(.text)
    I2C_CalculatePEC                         0x08002d8d   Thumb Code    24  stm32f10x_i2c.o(.text)
    I2C_GetPEC                               0x08002da5   Thumb Code     8  stm32f10x_i2c.o(.text)
    I2C_ARPCmd                               0x08002dad   Thumb Code    24  stm32f10x_i2c.o(.text)
    I2C_StretchClockCmd                      0x08002dc5   Thumb Code    24  stm32f10x_i2c.o(.text)
    I2C_FastModeDutyCycleConfig              0x08002ddd   Thumb Code    28  stm32f10x_i2c.o(.text)
    I2C_CheckEvent                           0x08002df9   Thumb Code    42  stm32f10x_i2c.o(.text)
    I2C_GetLastEvent                         0x08002e23   Thumb Code    26  stm32f10x_i2c.o(.text)
    I2C_GetFlagStatus                        0x08002e3d   Thumb Code    58  stm32f10x_i2c.o(.text)
    I2C_ClearFlag                            0x08002e77   Thumb Code    12  stm32f10x_i2c.o(.text)
    I2C_GetITStatus                          0x08002e83   Thumb Code    54  stm32f10x_i2c.o(.text)
    I2C_ClearITPendingBit                    0x08002eb9   Thumb Code    12  stm32f10x_i2c.o(.text)
    TIM_DeInit                               0x08002ec5   Thumb Code   424  stm32f10x_tim.o(.text)
    TIM_TimeBaseInit                         0x0800306d   Thumb Code   122  stm32f10x_tim.o(.text)
    TIM_OC1Init                              0x080030e7   Thumb Code   132  stm32f10x_tim.o(.text)
    TIM_OC2Init                              0x0800316b   Thumb Code   154  stm32f10x_tim.o(.text)
    TIM_OC3Init                              0x08003205   Thumb Code   150  stm32f10x_tim.o(.text)
    TIM_OC4Init                              0x0800329b   Thumb Code   182  stm32f10x_tim.o(.text)
    TIM_SetIC4Prescaler                      0x08003351   Thumb Code    26  stm32f10x_tim.o(.text)
    TIM_SetIC3Prescaler                      0x080033ed   Thumb Code    18  stm32f10x_tim.o(.text)
    TIM_SetIC2Prescaler                      0x08003479   Thumb Code    26  stm32f10x_tim.o(.text)
    TIM_SetIC1Prescaler                      0x08003515   Thumb Code    18  stm32f10x_tim.o(.text)
    TIM_ICInit                               0x08003593   Thumb Code   150  stm32f10x_tim.o(.text)
    TIM_PWMIConfig                           0x08003629   Thumb Code   124  stm32f10x_tim.o(.text)
    TIM_BDTRConfig                           0x080036a5   Thumb Code    32  stm32f10x_tim.o(.text)
    TIM_TimeBaseStructInit                   0x080036c5   Thumb Code    18  stm32f10x_tim.o(.text)
    TIM_OCStructInit                         0x080036d7   Thumb Code    20  stm32f10x_tim.o(.text)
    TIM_ICStructInit                         0x080036eb   Thumb Code    18  stm32f10x_tim.o(.text)
    TIM_BDTRStructInit                       0x080036fd   Thumb Code    40  stm32f10x_tim.o(.text)
    TIM_Cmd                                  0x08003725   Thumb Code    24  stm32f10x_tim.o(.text)
    TIM_CtrlPWMOutputs                       0x0800373d   Thumb Code    30  stm32f10x_tim.o(.text)
    TIM_ITConfig                             0x0800375b   Thumb Code    18  stm32f10x_tim.o(.text)
    TIM_GenerateEvent                        0x0800376d   Thumb Code     4  stm32f10x_tim.o(.text)
    TIM_DMAConfig                            0x08003771   Thumb Code    10  stm32f10x_tim.o(.text)
    TIM_DMACmd                               0x0800377b   Thumb Code    18  stm32f10x_tim.o(.text)
    TIM_InternalClockConfig                  0x0800378d   Thumb Code    12  stm32f10x_tim.o(.text)
    TIM_SelectInputTrigger                   0x08003799   Thumb Code    18  stm32f10x_tim.o(.text)
    TIM_ITRxExternalClockConfig              0x080037ab   Thumb Code    24  stm32f10x_tim.o(.text)
    TIM_TIxExternalClockConfig               0x080037c3   Thumb Code    62  stm32f10x_tim.o(.text)
    TIM_ETRConfig                            0x08003801   Thumb Code    28  stm32f10x_tim.o(.text)
    TIM_ETRClockMode1Config                  0x0800381d   Thumb Code    54  stm32f10x_tim.o(.text)
    TIM_ETRClockMode2Config                  0x08003853   Thumb Code    32  stm32f10x_tim.o(.text)
    TIM_PrescalerConfig                      0x08003873   Thumb Code     6  stm32f10x_tim.o(.text)
    TIM_CounterModeConfig                    0x08003879   Thumb Code    18  stm32f10x_tim.o(.text)
    TIM_EncoderInterfaceConfig               0x0800388b   Thumb Code    66  stm32f10x_tim.o(.text)
    TIM_ForcedOC1Config                      0x080038cd   Thumb Code    18  stm32f10x_tim.o(.text)
    TIM_ForcedOC2Config                      0x080038df   Thumb Code    26  stm32f10x_tim.o(.text)
    TIM_ForcedOC3Config                      0x080038f9   Thumb Code    18  stm32f10x_tim.o(.text)
    TIM_ForcedOC4Config                      0x0800390b   Thumb Code    26  stm32f10x_tim.o(.text)
    TIM_ARRPreloadConfig                     0x08003925   Thumb Code    24  stm32f10x_tim.o(.text)
    TIM_SelectCOM                            0x0800393d   Thumb Code    24  stm32f10x_tim.o(.text)
    TIM_SelectCCDMA                          0x08003955   Thumb Code    24  stm32f10x_tim.o(.text)
    TIM_CCPreloadControl                     0x0800396d   Thumb Code    24  stm32f10x_tim.o(.text)
    TIM_OC1PreloadConfig                     0x08003985   Thumb Code    18  stm32f10x_tim.o(.text)
    TIM_OC2PreloadConfig                     0x08003997   Thumb Code    26  stm32f10x_tim.o(.text)
    TIM_OC3PreloadConfig                     0x080039b1   Thumb Code    18  stm32f10x_tim.o(.text)
    TIM_OC4PreloadConfig                     0x080039c3   Thumb Code    26  stm32f10x_tim.o(.text)
    TIM_OC1FastConfig                        0x080039dd   Thumb Code    18  stm32f10x_tim.o(.text)
    TIM_OC2FastConfig                        0x080039ef   Thumb Code    26  stm32f10x_tim.o(.text)
    TIM_OC3FastConfig                        0x08003a09   Thumb Code    18  stm32f10x_tim.o(.text)
    TIM_OC4FastConfig                        0x08003a1b   Thumb Code    26  stm32f10x_tim.o(.text)
    TIM_ClearOC1Ref                          0x08003a35   Thumb Code    18  stm32f10x_tim.o(.text)
    TIM_ClearOC2Ref                          0x08003a47   Thumb Code    24  stm32f10x_tim.o(.text)
    TIM_ClearOC3Ref                          0x08003a5f   Thumb Code    18  stm32f10x_tim.o(.text)
    TIM_ClearOC4Ref                          0x08003a71   Thumb Code    24  stm32f10x_tim.o(.text)
    TIM_OC1PolarityConfig                    0x08003a89   Thumb Code    18  stm32f10x_tim.o(.text)
    TIM_OC1NPolarityConfig                   0x08003a9b   Thumb Code    18  stm32f10x_tim.o(.text)
    TIM_OC2PolarityConfig                    0x08003aad   Thumb Code    26  stm32f10x_tim.o(.text)
    TIM_OC2NPolarityConfig                   0x08003ac7   Thumb Code    26  stm32f10x_tim.o(.text)
    TIM_OC3PolarityConfig                    0x08003ae1   Thumb Code    26  stm32f10x_tim.o(.text)
    TIM_OC3NPolarityConfig                   0x08003afb   Thumb Code    26  stm32f10x_tim.o(.text)
    TIM_OC4PolarityConfig                    0x08003b15   Thumb Code    26  stm32f10x_tim.o(.text)
    TIM_CCxCmd                               0x08003b2f   Thumb Code    30  stm32f10x_tim.o(.text)
    TIM_CCxNCmd                              0x08003b4d   Thumb Code    30  stm32f10x_tim.o(.text)
    TIM_SelectOCxM                           0x08003b6b   Thumb Code    82  stm32f10x_tim.o(.text)
    TIM_UpdateDisableConfig                  0x08003bbd   Thumb Code    24  stm32f10x_tim.o(.text)
    TIM_UpdateRequestConfig                  0x08003bd5   Thumb Code    24  stm32f10x_tim.o(.text)
    TIM_SelectHallSensor                     0x08003bed   Thumb Code    24  stm32f10x_tim.o(.text)
    TIM_SelectOnePulseMode                   0x08003c05   Thumb Code    18  stm32f10x_tim.o(.text)
    TIM_SelectOutputTrigger                  0x08003c17   Thumb Code    18  stm32f10x_tim.o(.text)
    TIM_SelectSlaveMode                      0x08003c29   Thumb Code    18  stm32f10x_tim.o(.text)
    TIM_SelectMasterSlaveMode                0x08003c3b   Thumb Code    18  stm32f10x_tim.o(.text)
    TIM_SetCounter                           0x08003c4d   Thumb Code     4  stm32f10x_tim.o(.text)
    TIM_SetAutoreload                        0x08003c51   Thumb Code     4  stm32f10x_tim.o(.text)
    TIM_SetCompare1                          0x08003c55   Thumb Code     4  stm32f10x_tim.o(.text)
    TIM_SetCompare2                          0x08003c59   Thumb Code     4  stm32f10x_tim.o(.text)
    TIM_SetCompare3                          0x08003c5d   Thumb Code     4  stm32f10x_tim.o(.text)
    TIM_SetCompare4                          0x08003c61   Thumb Code     6  stm32f10x_tim.o(.text)
    TIM_SetClockDivision                     0x08003c67   Thumb Code    18  stm32f10x_tim.o(.text)
    TIM_GetCapture1                          0x08003c79   Thumb Code     6  stm32f10x_tim.o(.text)
    TIM_GetCapture2                          0x08003c7f   Thumb Code     6  stm32f10x_tim.o(.text)
    TIM_GetCapture3                          0x08003c85   Thumb Code     6  stm32f10x_tim.o(.text)
    TIM_GetCapture4                          0x08003c8b   Thumb Code     8  stm32f10x_tim.o(.text)
    TIM_GetCounter                           0x08003c93   Thumb Code     6  stm32f10x_tim.o(.text)
    TIM_GetPrescaler                         0x08003c99   Thumb Code     6  stm32f10x_tim.o(.text)
    TIM_GetFlagStatus                        0x08003c9f   Thumb Code    18  stm32f10x_tim.o(.text)
    TIM_ClearFlag                            0x08003cb1   Thumb Code     6  stm32f10x_tim.o(.text)
    TIM_GetITStatus                          0x08003cb7   Thumb Code    34  stm32f10x_tim.o(.text)
    TIM_ClearITPendingBit                    0x08003cd9   Thumb Code     6  stm32f10x_tim.o(.text)
    __use_no_semihosting                     0x08003cdf   Thumb Code     2  use_no_semi_2.o(.text)
    __2printf                                0x08003ce1   Thumb Code    20  noretval__2printf.o(.text)
    __2sprintf                               0x08003cf9   Thumb Code    34  noretval__2sprintf.o(.text)
    __printf                                 0x08003d21   Thumb Code   104  __printf.o(.text)
    _printf_str                              0x08003d89   Thumb Code    82  _printf_str.o(.text)
    _printf_int_dec                          0x08003ddd   Thumb Code   104  _printf_dec.o(.text)
    strstr                                   0x08003e55   Thumb Code    36  strstr.o(.text)
    strlen                                   0x08003e79   Thumb Code    62  strlen.o(.text)
    __aeabi_memcpy                           0x08003eb7   Thumb Code     0  rt_memcpy_v6.o(.text)
    __rt_memcpy                              0x08003eb7   Thumb Code   138  rt_memcpy_v6.o(.text)
    _memcpy_lastbytes                        0x08003f1d   Thumb Code     0  rt_memcpy_v6.o(.text)
    __aeabi_memclr                           0x08003f41   Thumb Code     0  rt_memclr.o(.text)
    __rt_memclr                              0x08003f41   Thumb Code    68  rt_memclr.o(.text)
    _memset                                  0x08003f45   Thumb Code     0  rt_memclr.o(.text)
    __aeabi_memclr4                          0x08003f85   Thumb Code     0  rt_memclr_w.o(.text)
    __aeabi_memclr8                          0x08003f85   Thumb Code     0  rt_memclr_w.o(.text)
    __rt_memclr_w                            0x08003f85   Thumb Code    78  rt_memclr_w.o(.text)
    _memset_w                                0x08003f89   Thumb Code     0  rt_memclr_w.o(.text)
    __use_two_region_memory                  0x08003fd3   Thumb Code     2  heapauxi.o(.text)
    __rt_heap_escrow$2region                 0x08003fd5   Thumb Code     2  heapauxi.o(.text)
    __rt_heap_expand$2region                 0x08003fd7   Thumb Code     2  heapauxi.o(.text)
    __I$use$semihosting                      0x08003fd9   Thumb Code     0  use_no_semi.o(.text)
    __use_no_semihosting_swi                 0x08003fd9   Thumb Code     2  use_no_semi.o(.text)
    _printf_int_common                       0x08003fdb   Thumb Code   178  _printf_intcommon.o(.text)
    _printf_char_common                      0x08004097   Thumb Code    32  _printf_char_common.o(.text)
    _sputc                                   0x080040bd   Thumb Code    10  _sputc.o(.text)
    _printf_cs_common                        0x080040c7   Thumb Code    20  _printf_char.o(.text)
    _printf_char                             0x080040db   Thumb Code    16  _printf_char.o(.text)
    _printf_string                           0x080040eb   Thumb Code     8  _printf_char.o(.text)
    _printf_char_file                        0x080040f5   Thumb Code    32  _printf_char_file.o(.text)
    __aeabi_memcpy4                          0x08004119   Thumb Code     0  rt_memcpy_w.o(.text)
    __aeabi_memcpy8                          0x08004119   Thumb Code     0  rt_memcpy_w.o(.text)
    __rt_memcpy_w                            0x08004119   Thumb Code   100  rt_memcpy_w.o(.text)
    _memcpy_lastbytes_aligned                0x08004161   Thumb Code     0  rt_memcpy_w.o(.text)
    ferror                                   0x0800417d   Thumb Code     8  ferror.o(.text)
    __user_setup_stackheap                   0x08004185   Thumb Code    74  sys_stackheap_outer.o(.text)
    exit                                     0x080041cf   Thumb Code    12  exit.o(.text)
    __user_libspace                          0x080041dd   Thumb Code     8  libspace.o(.text)
    __user_perproc_libspace                  0x080041dd   Thumb Code     0  libspace.o(.text)
    __user_perthread_libspace                0x080041dd   Thumb Code     0  libspace.o(.text)
    F6x8                                     0x080041e4   Data         552  oled_iic.o(.constdata)
    F8X16                                    0x0800440c   Data        1520  oled_iic.o(.constdata)
    parket_connetAck                         0x080049fc   Data           4  fy_mqtt.o(.constdata)
    parket_disconnet                         0x08004a00   Data           2  fy_mqtt.o(.constdata)
    parket_heart                             0x08004a02   Data           2  fy_mqtt.o(.constdata)
    parket_heart_reply                       0x08004a04   Data           2  fy_mqtt.o(.constdata)
    parket_subAck                            0x08004a06   Data           2  fy_mqtt.o(.constdata)
    Region$$Table$$Base                      0x08004a08   Number         0  anon$$obj.o(Region$$Table)
    Region$$Table$$Limit                     0x08004a28   Number         0  anon$$obj.o(Region$$Table)
    wendu                                    0x20000000   Data           1  main.o(.data)
    shidu                                    0x20000001   Data           1  main.o(.data)
    cnt_1_5_s                                0x20000002   Data           1  main.o(.data)
    sta                                      0x20000004   Data           4  main.o(.data)
    SystemCoreClock                          0x20000010   Data           4  system_stm32f10x.o(.data)
    AHBPrescTable                            0x20000014   Data          16  system_stm32f10x.o(.data)
    F16x16                                   0x20000024   Data         128  oled_iic.o(.data)
    BMP1                                     0x200000a4   Data        1024  oled_iic.o(.data)
    _mqtt                                    0x200004a4   Data          40  fy_mqtt.o(.data)
    _net                                     0x200004d0   Data          56  fy_network.o(.data)
    __stdout                                 0x2000050c   Data           4  usart.o(.data)
    USART1_RX_STA                            0x20000510   Data           2  usart.o(.data)
    USART2_RX_STA                            0x20000512   Data           2  usart.o(.data)
    len                                      0x20000514   Data           2  usart.o(.data)
    t                                        0x20000516   Data           2  usart.o(.data)
    temp                                     0x20000518   Data           1  usart.o(.data)
    string                                   0x20000530   Data         100  main.o(.bss)
    txbuf                                    0x20000594   Data         256  main.o(.bss)
    rxbuf                                    0x20000694   Data         256  main.o(.bss)
    USART1_RX_BUF                            0x20000794   Data         200  usart.o(.bss)
    USART2_RX_BUF                            0x2000085c   Data         200  usart.o(.bss)
    __libspace_start                         0x20000924   Data          96  libspace.o(.bss)
    __temporary_stack_top$libspace           0x20000984   Data           0  libspace.o(.bss)



==============================================================================

Memory Map of the image

  Image Entry point : 0x08000131

  Load Region LR_IROM1 (Base: 0x08000000, Size: 0x00004f58, Max: 0x00080000, ABSOLUTE, COMPRESSED[0x00004c04])

    Execution Region ER_IROM1 (Base: 0x08000000, Size: 0x00004a28, Max: 0x00080000, ABSOLUTE)

    Base Addr    Size         Type   Attr      Idx    E Section Name        Object

    0x08000000   0x00000130   Data   RO          408    RESET               startup_stm32f10x_hd.o
    0x08000130   0x00000008   Code   RO          564  * !!!main             c_w.l(__main.o)
    0x08000138   0x00000034   Code   RO          739    !!!scatter          c_w.l(__scatter.o)
    0x0800016c   0x0000005a   Code   RO          737    !!dczerorl2         c_w.l(__dczerorl2.o)
    0x080001c6   0x00000002   PAD
    0x080001c8   0x0000001c   Code   RO          741    !!handler_zi        c_w.l(__scatter_zi.o)
    0x080001e4   0x00000000   Code   RO          551    .ARM.Collect$$_printf_percent$$00000000  c_w.l(_printf_percent.o)
    0x080001e4   0x00000006   Code   RO          550    .ARM.Collect$$_printf_percent$$00000009  c_w.l(_printf_d.o)
    0x080001ea   0x00000006   Code   RO          549    .ARM.Collect$$_printf_percent$$00000014  c_w.l(_printf_s.o)
    0x080001f0   0x00000004   Code   RO          579    .ARM.Collect$$_printf_percent$$00000017  c_w.l(_printf_percent_end.o)
    0x080001f4   0x00000002   Code   RO          612    .ARM.Collect$$libinit$$00000000  c_w.l(libinit.o)
    0x080001f6   0x00000000   Code   RO          619    .ARM.Collect$$libinit$$00000002  c_w.l(libinit2.o)
    0x080001f6   0x00000000   Code   RO          621    .ARM.Collect$$libinit$$00000004  c_w.l(libinit2.o)
    0x080001f6   0x00000000   Code   RO          624    .ARM.Collect$$libinit$$0000000A  c_w.l(libinit2.o)
    0x080001f6   0x00000000   Code   RO          626    .ARM.Collect$$libinit$$0000000C  c_w.l(libinit2.o)
    0x080001f6   0x00000000   Code   RO          628    .ARM.Collect$$libinit$$0000000E  c_w.l(libinit2.o)
    0x080001f6   0x00000000   Code   RO          631    .ARM.Collect$$libinit$$00000011  c_w.l(libinit2.o)
    0x080001f6   0x00000000   Code   RO          633    .ARM.Collect$$libinit$$00000013  c_w.l(libinit2.o)
    0x080001f6   0x00000000   Code   RO          635    .ARM.Collect$$libinit$$00000015  c_w.l(libinit2.o)
    0x080001f6   0x00000000   Code   RO          637    .ARM.Collect$$libinit$$00000017  c_w.l(libinit2.o)
    0x080001f6   0x00000000   Code   RO          639    .ARM.Collect$$libinit$$00000019  c_w.l(libinit2.o)
    0x080001f6   0x00000000   Code   RO          641    .ARM.Collect$$libinit$$0000001B  c_w.l(libinit2.o)
    0x080001f6   0x00000000   Code   RO          643    .ARM.Collect$$libinit$$0000001D  c_w.l(libinit2.o)
    0x080001f6   0x00000000   Code   RO          645    .ARM.Collect$$libinit$$0000001F  c_w.l(libinit2.o)
    0x080001f6   0x00000000   Code   RO          647    .ARM.Collect$$libinit$$00000021  c_w.l(libinit2.o)
    0x080001f6   0x00000000   Code   RO          649    .ARM.Collect$$libinit$$00000023  c_w.l(libinit2.o)
    0x080001f6   0x00000000   Code   RO          651    .ARM.Collect$$libinit$$00000025  c_w.l(libinit2.o)
    0x080001f6   0x00000000   Code   RO          655    .ARM.Collect$$libinit$$0000002C  c_w.l(libinit2.o)
    0x080001f6   0x00000000   Code   RO          657    .ARM.Collect$$libinit$$0000002E  c_w.l(libinit2.o)
    0x080001f6   0x00000000   Code   RO          659    .ARM.Collect$$libinit$$00000030  c_w.l(libinit2.o)
    0x080001f6   0x00000000   Code   RO          661    .ARM.Collect$$libinit$$00000032  c_w.l(libinit2.o)
    0x080001f6   0x00000002   Code   RO          662    .ARM.Collect$$libinit$$00000033  c_w.l(libinit2.o)
    0x080001f8   0x00000002   Code   RO          680    .ARM.Collect$$libshutdown$$00000000  c_w.l(libshutdown.o)
    0x080001fa   0x00000000   Code   RO          691    .ARM.Collect$$libshutdown$$00000003  c_w.l(libshutdown2.o)
    0x080001fa   0x00000000   Code   RO          694    .ARM.Collect$$libshutdown$$00000006  c_w.l(libshutdown2.o)
    0x080001fa   0x00000000   Code   RO          697    .ARM.Collect$$libshutdown$$00000009  c_w.l(libshutdown2.o)
    0x080001fa   0x00000000   Code   RO          699    .ARM.Collect$$libshutdown$$0000000B  c_w.l(libshutdown2.o)
    0x080001fa   0x00000000   Code   RO          702    .ARM.Collect$$libshutdown$$0000000E  c_w.l(libshutdown2.o)
    0x080001fa   0x00000002   Code   RO          703    .ARM.Collect$$libshutdown$$0000000F  c_w.l(libshutdown2.o)
    0x080001fc   0x00000000   Code   RO          568    .ARM.Collect$$rtentry$$00000000  c_w.l(__rtentry.o)
    0x080001fc   0x00000000   Code   RO          583    .ARM.Collect$$rtentry$$00000002  c_w.l(__rtentry2.o)
    0x080001fc   0x00000006   Code   RO          595    .ARM.Collect$$rtentry$$00000004  c_w.l(__rtentry4.o)
    0x08000202   0x00000000   Code   RO          585    .ARM.Collect$$rtentry$$00000009  c_w.l(__rtentry2.o)
    0x08000202   0x00000004   Code   RO          586    .ARM.Collect$$rtentry$$0000000A  c_w.l(__rtentry2.o)
    0x08000206   0x00000000   Code   RO          588    .ARM.Collect$$rtentry$$0000000C  c_w.l(__rtentry2.o)
    0x08000206   0x00000008   Code   RO          589    .ARM.Collect$$rtentry$$0000000D  c_w.l(__rtentry2.o)
    0x0800020e   0x00000002   Code   RO          616    .ARM.Collect$$rtexit$$00000000  c_w.l(rtexit.o)
    0x08000210   0x00000000   Code   RO          664    .ARM.Collect$$rtexit$$00000002  c_w.l(rtexit2.o)
    0x08000210   0x00000004   Code   RO          665    .ARM.Collect$$rtexit$$00000003  c_w.l(rtexit2.o)
    0x08000214   0x00000006   Code   RO          666    .ARM.Collect$$rtexit$$00000004  c_w.l(rtexit2.o)
    0x0800021a   0x00000002   PAD
    0x0800021c   0x0000035c   Code   RO            1    .text               main.o
    0x08000578   0x0000006c   Code   RO          154    .text               stm32f10x_it.o
    0x080005e4   0x000001e0   Code   RO          205    .text               system_stm32f10x.o
    0x080007c4   0x00000038   Code   RO          223    .text               led.o
    0x080007fc   0x000000fc   Code   RO          248    .text               timer.o
    0x080008f8   0x00000194   Code   RO          260    .text               dht11.o
    0x08000a8c   0x00000424   Code   RO          272    .text               oled_iic.o
    0x08000eb0   0x00000708   Code   RO          291    .text               fy_mqtt.o
    0x080015b8   0x000003ec   Code   RO          310    .text               fy_network.o
    0x080019a4   0x000000d4   Code   RO          329    .text               delay.o
    0x08001a78   0x000003bc   Code   RO          360    .text               usart.o
    0x08001e34   0x00000066   Code   RO          384    .text               nvic.o
    0x08001e9a   0x00000002   PAD
    0x08001e9c   0x00000040   Code   RO          409    .text               startup_stm32f10x_hd.o
    0x08001edc   0x000000dc   Code   RO          413    .text               misc.o
    0x08001fb8   0x0000035c   Code   RO          425    .text               stm32f10x_gpio.o
    0x08002314   0x000003a4   Code   RO          437    .text               stm32f10x_rcc.o
    0x080026b8   0x00000408   Code   RO          451    .text               stm32f10x_usart.o
    0x08002ac0   0x00000404   Code   RO          487    .text               stm32f10x_i2c.o
    0x08002ec4   0x00000e1a   Code   RO          499    .text               stm32f10x_tim.o
    0x08003cde   0x00000002   Code   RO          513    .text               c_w.l(use_no_semi_2.o)
    0x08003ce0   0x00000018   Code   RO          519    .text               c_w.l(noretval__2printf.o)
    0x08003cf8   0x00000028   Code   RO          521    .text               c_w.l(noretval__2sprintf.o)
    0x08003d20   0x00000068   Code   RO          523    .text               c_w.l(__printf.o)
    0x08003d88   0x00000052   Code   RO          525    .text               c_w.l(_printf_str.o)
    0x08003dda   0x00000002   PAD
    0x08003ddc   0x00000078   Code   RO          527    .text               c_w.l(_printf_dec.o)
    0x08003e54   0x00000024   Code   RO          552    .text               c_w.l(strstr.o)
    0x08003e78   0x0000003e   Code   RO          554    .text               c_w.l(strlen.o)
    0x08003eb6   0x0000008a   Code   RO          556    .text               c_w.l(rt_memcpy_v6.o)
    0x08003f40   0x00000044   Code   RO          558    .text               c_w.l(rt_memclr.o)
    0x08003f84   0x0000004e   Code   RO          560    .text               c_w.l(rt_memclr_w.o)
    0x08003fd2   0x00000006   Code   RO          562    .text               c_w.l(heapauxi.o)
    0x08003fd8   0x00000002   Code   RO          566    .text               c_w.l(use_no_semi.o)
    0x08003fda   0x000000b2   Code   RO          569    .text               c_w.l(_printf_intcommon.o)
    0x0800408c   0x00000030   Code   RO          571    .text               c_w.l(_printf_char_common.o)
    0x080040bc   0x0000000a   Code   RO          573    .text               c_w.l(_sputc.o)
    0x080040c6   0x0000002c   Code   RO          575    .text               c_w.l(_printf_char.o)
    0x080040f2   0x00000002   PAD
    0x080040f4   0x00000024   Code   RO          577    .text               c_w.l(_printf_char_file.o)
    0x08004118   0x00000064   Code   RO          580    .text               c_w.l(rt_memcpy_w.o)
    0x0800417c   0x00000008   Code   RO          599    .text               c_w.l(ferror.o)
    0x08004184   0x0000004a   Code   RO          603    .text               c_w.l(sys_stackheap_outer.o)
    0x080041ce   0x0000000c   Code   RO          605    .text               c_w.l(exit.o)
    0x080041da   0x00000002   PAD
    0x080041dc   0x00000008   Code   RO          613    .text               c_w.l(libspace.o)
    0x080041e4   0x00000818   Data   RO          273    .constdata          oled_iic.o
    0x080049fc   0x0000000c   Data   RO          292    .constdata          fy_mqtt.o
    0x08004a08   0x00000020   Data   RO          735    Region$$Table       anon$$obj.o


    Execution Region RW_IRAM1 (Base: 0x20000000, Size: 0x00000f88, Max: 0x00010000, ABSOLUTE, COMPRESSED[0x000001dc])

    Base Addr    Size         Type   Attr      Idx    E Section Name        Object

    0x20000000   0x00000008   Data   RW            3    .data               main.o
    0x20000008   0x00000008   Data   RW          155    .data               stm32f10x_it.o
    0x20000010   0x00000014   Data   RW          206    .data               system_stm32f10x.o
    0x20000024   0x00000480   Data   RW          274    .data               oled_iic.o
    0x200004a4   0x0000002a   Data   RW          293    .data               fy_mqtt.o
    0x200004ce   0x00000002   PAD
    0x200004d0   0x00000038   Data   RW          312    .data               fy_network.o
    0x20000508   0x00000004   Data   RW          330    .data               delay.o
    0x2000050c   0x0000000e   Data   RW          362    .data               usart.o
    0x2000051a   0x00000014   Data   RW          438    .data               stm32f10x_rcc.o
    0x2000052e   0x00000002   PAD
    0x20000530   0x00000264   Zero   RW            2    .bss                main.o
    0x20000794   0x00000190   Zero   RW          361    .bss                usart.o
    0x20000924   0x00000060   Zero   RW          614    .bss                c_w.l(libspace.o)
    0x20000984   0x00000004   PAD
    0x20000988   0x00000200   Zero   RW          407    HEAP                startup_stm32f10x_hd.o
    0x20000b88   0x00000400   Zero   RW          406    STACK               startup_stm32f10x_hd.o


==============================================================================

Image component sizes


      Code (inc. data)   RO Data    RW Data    ZI Data      Debug   Object Name

       212         18          0          4          0       1003   delay.o
       404         14          0          0          0       2029   dht11.o
      1800        112         12         42          0       5945   fy_mqtt.o
      1004        200          0         56          0       4592   fy_network.o
        56          6          0          0          0        475   led.o
       860        426          0          8        612     262879   main.o
       220         22          0          0          0       1781   misc.o
       102          0          0          0          0        516   nvic.o
      1060         34       2072       1152          0       3969   oled_iic.o
        64         26        304          0       1536        784   startup_stm32f10x_hd.o
       860         38          0          0          0       5625   stm32f10x_gpio.o
      1028         16          0          0          0       9087   stm32f10x_i2c.o
       108         12          0          8          0       1418   stm32f10x_it.o
       932         36          0         20          0       8788   stm32f10x_rcc.o
      3610         88          0          0          0      22112   stm32f10x_tim.o
      1032         22          0          0          0       8352   stm32f10x_usart.o
         0          0          0          0          0         32   sys.o
       480         38          0         20          0       1707   system_stm32f10x.o
       252          8          0          0          0        950   timer.o
       956         52          0         14        400       5399   usart.o

    ----------------------------------------------------------------------
     15042       1168       2420       1328       2548     347443   Object Totals
         0          0         32          0          0          0   (incl. Generated)
         2          0          0          4          0          0   (incl. Padding)

    ----------------------------------------------------------------------

      Code (inc. data)   RO Data    RW Data    ZI Data      Debug   Library Member Name

        90          0          0          0          0          0   __dczerorl2.o
         8          0          0          0          0         68   __main.o
       104          0          0          0          0         84   __printf.o
         0          0          0          0          0          0   __rtentry.o
        12          0          0          0          0          0   __rtentry2.o
         6          0          0          0          0          0   __rtentry4.o
        52          8          0          0          0          0   __scatter.o
        28          0          0          0          0          0   __scatter_zi.o
        44          0          0          0          0        108   _printf_char.o
        48          6          0          0          0         96   _printf_char_common.o
        36          4          0          0          0         80   _printf_char_file.o
         6          0          0          0          0          0   _printf_d.o
       120         16          0          0          0         92   _printf_dec.o
       178          0          0          0          0         88   _printf_intcommon.o
         0          0          0          0          0          0   _printf_percent.o
         4          0          0          0          0          0   _printf_percent_end.o
         6          0          0          0          0          0   _printf_s.o
        82          0          0          0          0         80   _printf_str.o
        10          0          0          0          0         68   _sputc.o
        12          0          0          0          0         72   exit.o
         8          0          0          0          0         68   ferror.o
         6          0          0          0          0        152   heapauxi.o
         2          0          0          0          0          0   libinit.o
         2          0          0          0          0          0   libinit2.o
         2          0          0          0          0          0   libshutdown.o
         2          0          0          0          0          0   libshutdown2.o
         8          4          0          0         96         68   libspace.o
        24          4          0          0          0         84   noretval__2printf.o
        40          6          0          0          0         84   noretval__2sprintf.o
        68          0          0          0          0         68   rt_memclr.o
        78          0          0          0          0         80   rt_memclr_w.o
       138          0          0          0          0         68   rt_memcpy_v6.o
       100          0          0          0          0         80   rt_memcpy_w.o
         2          0          0          0          0          0   rtexit.o
        10          0          0          0          0          0   rtexit2.o
        62          0          0          0          0         76   strlen.o
        36          0          0          0          0         80   strstr.o
        74          0          0          0          0         80   sys_stackheap_outer.o
         2          0          0          0          0         68   use_no_semi.o
         2          0          0          0          0         68   use_no_semi_2.o

    ----------------------------------------------------------------------
      1522         48          0          0        100       1960   Library Totals
        10          0          0          0          4          0   (incl. Padding)

    ----------------------------------------------------------------------

      Code (inc. data)   RO Data    RW Data    ZI Data      Debug   Library Name

      1512         48          0          0         96       1960   c_w.l

    ----------------------------------------------------------------------
      1522         48          0          0        100       1960   Library Totals

    ----------------------------------------------------------------------

==============================================================================


      Code (inc. data)   RO Data    RW Data    ZI Data      Debug   

     16564       1216       2420       1328       2648     346955   Grand Totals
     16564       1216       2420        476       2648     346955   ELF Image Totals (compressed)
     16564       1216       2420        476          0          0   ROM Totals

==============================================================================

    Total RO  Size (Code + RO Data)                18984 (  18.54kB)
    Total RW  Size (RW Data + ZI Data)              3976 (   3.88kB)
    Total ROM Size (Code + RO Data + RW Data)      19460 (  19.00kB)

==============================================================================

