Component: ARM Compiler 5.05 update 1 (build 106) Tool: armlink [4d0efa]

==============================================================================

Section Cross References

    main.o(i.ESP_INIT) refers to printf3.o(i.__0printf$3) for __2printf
    main.o(i.ESP_INIT) refers to fy_network.o(.data) for _net
    main.o(i.ESP_INIT) refers to main.o(.bss) for txbuf
    main.o(i.ESP_INIT) refers to main.o(.data) for sta
    main.o(i.ESP_INIT) refers to fy_mqtt.o(.data) for _mqtt
    main.o(i.main) refers to delay.o(i.delay_init) for delay_init
    main.o(i.main) refers to usart.o(i.uart1_init) for uart1_init
    main.o(i.main) refers to usart.o(i.uart2_init) for uart2_init
    main.o(i.main) refers to usart.o(i.uart3_init) for uart3_init
    main.o(i.main) refers to led.o(i.LED_Init) for LED_Init
    main.o(i.main) refers to timer.o(i.Timer2_Init) for Timer2_Init
    main.o(i.main) refers to timer.o(i.Timer4_Init) for Timer4_Init
    main.o(i.main) refers to rtc.o(i.RTC_Init) for RTC_Init
    main.o(i.main) refers to nvic.o(i.nvic_init) for nvic_init
    main.o(i.main) refers to dht11.o(i.DHT11Configuration) for DHT11Configuration
    main.o(i.main) refers to oled_iic.o(i.I2C_Configuration) for I2C_Configuration
    main.o(i.main) refers to oled_iic.o(i.OLED_Init) for OLED_Init
    main.o(i.main) refers to oled_iic.o(i.OLED_CLS) for OLED_CLS
    main.o(i.main) refers to oled_iic.o(i.OLED_ON) for OLED_ON
    main.o(i.main) refers to printf3.o(i.__0printf$3) for __2printf
    main.o(i.main) refers to stm32f10x_tim.o(i.TIM_SetCompare3) for TIM_SetCompare3
    main.o(i.main) refers to main.o(i.ESP_INIT) for ESP_INIT
    main.o(i.main) refers to printf3.o(i.__0sprintf$3) for __2sprintf
    main.o(i.main) refers to oled_iic.o(i.OLED_ShowStr) for OLED_ShowStr
    main.o(i.main) refers to dht11.o(i.DHT11_Read_Data) for DHT11_Read_Data
    main.o(i.main) refers to memseta.o(.text) for __aeabi_memclr
    main.o(i.main) refers to fy_mqtt.o(i.Mqtt_Progress) for Mqtt_Progress
    main.o(i.main) refers to main.o(.data) for shidu
    main.o(i.main) refers to main.o(.bss) for string
    main.o(i.main) refers to fy_mqtt.o(.data) for _mqtt
    main.o(i.main) refers to usart.o(.data) for USART1_RX_STA
    main.o(i.main) refers to usart.o(.bss) for USART1_RX_BUF
    stm32f10x_it.o(i.TIM2_IRQHandler) refers to stm32f10x_tim.o(i.TIM_GetITStatus) for TIM_GetITStatus
    stm32f10x_it.o(i.TIM2_IRQHandler) refers to stm32f10x_tim.o(i.TIM_ClearITPendingBit) for TIM_ClearITPendingBit
    stm32f10x_it.o(i.TIM2_IRQHandler) refers to fy_mqtt.o(.data) for Led_Flag_shan
    stm32f10x_it.o(i.TIM2_IRQHandler) refers to stm32f10x_it.o(.data) for count1
    stm32f10x_it.o(i.TIM2_IRQHandler) refers to main.o(.data) for cnt_1_5_s
    delay.o(i.delay_init) refers to misc.o(i.SysTick_CLKSourceConfig) for SysTick_CLKSourceConfig
    delay.o(i.delay_init) refers to system_stm32f10x.o(.data) for SystemCoreClock
    delay.o(i.delay_init) refers to delay.o(.data) for fac_us
    delay.o(i.delay_ms) refers to delay.o(.data) for fac_ms
    delay.o(i.delay_us) refers to delay.o(.data) for fac_us
    usart.o(i.USART1_IRQHandler) refers to stm32f10x_usart.o(i.USART_GetITStatus) for USART_GetITStatus
    usart.o(i.USART1_IRQHandler) refers to stm32f10x_usart.o(i.USART_ReceiveData) for USART_ReceiveData
    usart.o(i.USART1_IRQHandler) refers to usart.o(.data) for USART1_RX_STA
    usart.o(i.USART1_IRQHandler) refers to usart.o(.bss) for USART1_RX_BUF
    usart.o(i.USART2_IRQHandler) refers to stm32f10x_usart.o(i.USART_GetITStatus) for USART_GetITStatus
    usart.o(i.USART2_IRQHandler) refers to stm32f10x_usart.o(i.USART_ReceiveData) for USART_ReceiveData
    usart.o(i.USART2_IRQHandler) refers to usart.o(.data) for USART2_RX_STA
    usart.o(i.USART2_IRQHandler) refers to usart.o(.bss) for USART2_RX_BUF
    usart.o(i.USART3_IRQHandler) refers to stm32f10x_usart.o(i.USART_GetITStatus) for USART_GetITStatus
    usart.o(i.USART3_IRQHandler) refers to usart.o(.data) for temp
    usart.o(i.USART3_IRQHandler) refers to main.o(.bss) for rxbuf
    usart.o(i.USART3_IRQHandler) refers to fy_mqtt.o(.data) for _mqtt
    usart.o(i.Usart3_SendBuf) refers to usart.o(i.Usart3_SendByte) for Usart3_SendByte
    usart.o(i.Usart3_SendByte) refers to stm32f10x_usart.o(i.USART_SendData) for USART_SendData
    usart.o(i.Usart3_SendByte) refers to stm32f10x_usart.o(i.USART_GetFlagStatus) for USART_GetFlagStatus
    usart.o(i.Usart3_SendString) refers to usart.o(i.Usart3_SendByte) for Usart3_SendByte
    usart.o(i.Usart_SendChar) refers to stm32f10x_usart.o(i.USART_SendData) for USART_SendData
    usart.o(i.Usart_SendChar) refers to stm32f10x_usart.o(i.USART_GetFlagStatus) for USART_GetFlagStatus
    usart.o(i.Usart_SendString) refers to usart.o(i.Usart_SendChar) for Usart_SendChar
    usart.o(i.uart1_init) refers to stm32f10x_rcc.o(i.RCC_APB2PeriphClockCmd) for RCC_APB2PeriphClockCmd
    usart.o(i.uart1_init) refers to stm32f10x_gpio.o(i.GPIO_Init) for GPIO_Init
[...]
    Removing stm32f10x_adc.o(i.ADC_GetCalibrationStatus), (20 bytes).
    Removing stm32f10x_adc.o(i.ADC_GetConversionValue), (8 bytes).
    Removing stm32f10x_adc.o(i.ADC_GetDualModeConversionValue), (12 bytes).
    Removing stm32f10x_adc.o(i.ADC_GetFlagStatus), (18 bytes).
    Removing stm32f10x_adc.o(i.ADC_GetITStatus), (36 bytes).
    Removing stm32f10x_adc.o(i.ADC_GetInjectedConversionValue), (28 bytes).
    Removing stm32f10x_adc.o(i.ADC_GetResetCalibrationStatus), (20 bytes).
    Removing stm32f10x_adc.o(i.ADC_GetSoftwareStartConvStatus), (20 bytes).
    Removing stm32f10x_adc.o(i.ADC_GetSoftwareStartInjectedConvCmdStatus), (20 bytes).
    Removing stm32f10x_adc.o(i.ADC_ITConfig), (24 bytes).
    Removing stm32f10x_adc.o(i.ADC_Init), (80 bytes).
    Removing stm32f10x_adc.o(i.ADC_InjectedChannelConfig), (130 bytes).
    Removing stm32f10x_adc.o(i.ADC_InjectedDiscModeCmd), (22 bytes).
    Removing stm32f10x_adc.o(i.ADC_InjectedSequencerLengthConfig), (24 bytes).
    Removing stm32f10x_adc.o(i.ADC_RegularChannelConfig), (184 bytes).
    Removing stm32f10x_adc.o(i.ADC_ResetCalibration), (10 bytes).
    Removing stm32f10x_adc.o(i.ADC_SetInjectedOffset), (20 bytes).
    Removing stm32f10x_adc.o(i.ADC_SoftwareStartConvCmd), (22 bytes).
    Removing stm32f10x_adc.o(i.ADC_SoftwareStartInjectedConvCmd), (22 bytes).
    Removing stm32f10x_adc.o(i.ADC_StartCalibration), (10 bytes).
    Removing stm32f10x_adc.o(i.ADC_StructInit), (18 bytes).
    Removing stm32f10x_adc.o(i.ADC_TempSensorVrefintCmd), (36 bytes).
    Removing stm32f10x_exti.o(i.EXTI_ClearFlag), (12 bytes).
    Removing stm32f10x_exti.o(i.EXTI_ClearITPendingBit), (12 bytes).
    Removing stm32f10x_exti.o(i.EXTI_DeInit), (36 bytes).
    Removing stm32f10x_exti.o(i.EXTI_GenerateSWInterrupt), (16 bytes).
    Removing stm32f10x_exti.o(i.EXTI_GetFlagStatus), (24 bytes).
    Removing stm32f10x_exti.o(i.EXTI_GetITStatus), (40 bytes).
    Removing stm32f10x_exti.o(i.EXTI_Init), (148 bytes).
    Removing stm32f10x_exti.o(i.EXTI_StructInit), (16 bytes).
    Removing stm32f10x_gpio.o(i.GPIO_AFIODeInit), (20 bytes).
    Removing stm32f10x_gpio.o(i.GPIO_DeInit), (200 bytes).
    Removing stm32f10x_gpio.o(i.GPIO_ETH_MediaInterfaceConfig), (12 bytes).
    Removing stm32f10x_gpio.o(i.GPIO_EXTILineConfig), (64 bytes).
    Removing stm32f10x_gpio.o(i.GPIO_EventOutputCmd), (12 bytes).
    Removing stm32f10x_gpio.o(i.GPIO_EventOutputConfig), (32 bytes).
    Removing stm32f10x_gpio.o(i.GPIO_PinLockConfig), (18 bytes).
    Removing stm32f10x_gpio.o(i.GPIO_PinRemapConfig), (144 bytes).
    Removing stm32f10x_gpio.o(i.GPIO_ReadInputData), (8 bytes).
    Removing stm32f10x_gpio.o(i.GPIO_ReadInputDataBit), (18 bytes).
    Removing stm32f10x_gpio.o(i.GPIO_ReadOutputData), (8 bytes).
    Removing stm32f10x_gpio.o(i.GPIO_ReadOutputDataBit), (18 bytes).
    Removing stm32f10x_gpio.o(i.GPIO_ResetBits), (4 bytes).
    Removing stm32f10x_gpio.o(i.GPIO_StructInit), (16 bytes).
    Removing stm32f10x_gpio.o(i.GPIO_Write), (4 bytes).
    Removing stm32f10x_gpio.o(i.GPIO_WriteBit), (10 bytes).
    Removing stm32f10x_i2c.o(i.I2C_ARPCmd), (24 bytes).
    Removing stm32f10x_i2c.o(i.I2C_AcknowledgeConfig), (24 bytes).
    Removing stm32f10x_i2c.o(i.I2C_CalculatePEC), (24 bytes).
    Removing stm32f10x_i2c.o(i.I2C_ClearFlag), (12 bytes).
    Removing stm32f10x_i2c.o(i.I2C_ClearITPendingBit), (12 bytes).
    Removing stm32f10x_i2c.o(i.I2C_DMACmd), (24 bytes).
    Removing stm32f10x_i2c.o(i.I2C_DMALastTransferCmd), (24 bytes).
    Removing stm32f10x_i2c.o(i.I2C_DeInit), (56 bytes).
    Removing stm32f10x_i2c.o(i.I2C_DualAddressCmd), (24 bytes).
    Removing stm32f10x_i2c.o(i.I2C_FastModeDutyCycleConfig), (28 bytes).
    Removing stm32f10x_i2c.o(i.I2C_GeneralCallCmd), (24 bytes).
    Removing stm32f10x_i2c.o(i.I2C_GetITStatus), (38 bytes).
    Removing stm32f10x_i2c.o(i.I2C_GetLastEvent), (26 bytes).
    Removing stm32f10x_i2c.o(i.I2C_GetPEC), (8 bytes).
    Removing stm32f10x_i2c.o(i.I2C_ITConfig), (18 bytes).
    Removing stm32f10x_i2c.o(i.I2C_NACKPositionConfig), (28 bytes).
    Removing stm32f10x_i2c.o(i.I2C_OwnAddress2Config), (22 bytes).
    Removing stm32f10x_i2c.o(i.I2C_PECPositionConfig), (28 bytes).
    Removing stm32f10x_i2c.o(i.I2C_ReadRegister), (22 bytes).
    Removing stm32f10x_i2c.o(i.I2C_ReceiveData), (8 bytes).
    Removing stm32f10x_i2c.o(i.I2C_SMBusAlertConfig), (28 bytes).
    Removing stm32f10x_i2c.o(i.I2C_SoftwareResetCmd), (22 bytes).
    Removing stm32f10x_i2c.o(i.I2C_StretchClockCmd), (24 bytes).
    Removing stm32f10x_i2c.o(i.I2C_StructInit), (30 bytes).
    Removing stm32f10x_i2c.o(i.I2C_TransmitPEC), (24 bytes).
    Removing stm32f10x_pwr.o(i.PWR_ClearFlag), (20 bytes).
    Removing stm32f10x_pwr.o(i.PWR_DeInit), (22 bytes).
    Removing stm32f10x_pwr.o(i.PWR_EnterSTANDBYMode), (52 bytes).
    Removing stm32f10x_pwr.o(i.PWR_EnterSTOPMode), (64 bytes).
    Removing stm32f10x_pwr.o(i.PWR_GetFlagStatus), (24 bytes).
    Removing stm32f10x_pwr.o(i.PWR_PVDCmd), (12 bytes).
    Removing stm32f10x_pwr.o(i.PWR_PVDLevelConfig), (24 bytes).
    Removing stm32f10x_pwr.o(i.PWR_WakeUpPinCmd), (12 bytes).
    Removing stm32f10x_rcc.o(i.RCC_ADCCLKConfig), (24 bytes).
    Removing stm32f10x_rcc.o(i.RCC_AHBPeriphClockCmd), (32 bytes).
    Removing stm32f10x_rcc.o(i.RCC_APB1PeriphResetCmd), (32 bytes).
    Removing stm32f10x_rcc.o(i.RCC_APB2PeriphResetCmd), (32 bytes).
    Removing stm32f10x_rcc.o(i.RCC_AdjustHSICalibrationValue), (24 bytes).
    Removing stm32f10x_rcc.o(i.RCC_ClearFlag), (20 bytes).
    Removing stm32f10x_rcc.o(i.RCC_ClearITPendingBit), (12 bytes).
    Removing stm32f10x_rcc.o(i.RCC_ClockSecuritySystemCmd), (12 bytes).
    Removing stm32f10x_rcc.o(i.RCC_DeInit), (76 bytes).
    Removing stm32f10x_rcc.o(i.RCC_GetITStatus), (24 bytes).
    Removing stm32f10x_rcc.o(i.RCC_GetSYSCLKSource), (16 bytes).
    Removing stm32f10x_rcc.o(i.RCC_HCLKConfig), (24 bytes).
    Removing stm32f10x_rcc.o(i.RCC_HSEConfig), (76 bytes).
    Removing stm32f10x_rcc.o(i.RCC_HSICmd), (12 bytes).
    Removing stm32f10x_rcc.o(i.RCC_ITConfig), (32 bytes).
    Removing stm32f10x_rcc.o(i.RCC_LSICmd), (12 bytes).
    Removing stm32f10x_rcc.o(i.RCC_MCOConfig), (12 bytes).
    Removing stm32f10x_rcc.o(i.RCC_PCLK1Config), (24 bytes).
    Removing stm32f10x_rcc.o(i.RCC_PCLK2Config), (24 bytes).
    Removing stm32f10x_rcc.o(i.RCC_PLLCmd), (12 bytes).
    Removing stm32f10x_rcc.o(i.RCC_PLLConfig), (28 bytes).
    Removing stm32f10x_rcc.o(i.RCC_SYSCLKConfig), (24 bytes).
    Removing stm32f10x_rcc.o(i.RCC_USBCLKConfig), (12 bytes).
    Removing stm32f10x_rcc.o(i.RCC_WaitForHSEStartUp), (56 bytes).
    Removing stm32f10x_rtc.o(i.RTC_ClearFlag), (16 bytes).
    Removing stm32f10x_rtc.o(i.RTC_GetDivider), (24 bytes).
    Removing stm32f10x_rtc.o(i.RTC_GetFlagStatus), (24 bytes).
    Removing stm32f10x_rtc.o(i.RTC_SetAlarm), (28 bytes).
    Removing stm32f10x_sdio.o(i.SDIO_CEATAITCmd), (16 bytes).
    Removing stm32f10x_sdio.o(i.SDIO_ClearFlag), (12 bytes).
    Removing stm32f10x_sdio.o(i.SDIO_ClearITPendingBit), (12 bytes).
    Removing stm32f10x_sdio.o(i.SDIO_ClockCmd), (12 bytes).
    Removing stm32f10x_sdio.o(i.SDIO_CmdStructInit), (14 bytes).
    Removing stm32f10x_sdio.o(i.SDIO_CommandCompletionCmd), (12 bytes).
    Removing stm32f10x_sdio.o(i.SDIO_DMACmd), (12 bytes).
    Removing stm32f10x_sdio.o(i.SDIO_DataConfig), (48 bytes).
    Removing stm32f10x_sdio.o(i.SDIO_DataStructInit), (20 bytes).
    Removing stm32f10x_sdio.o(i.SDIO_DeInit), (36 bytes).
    Removing stm32f10x_sdio.o(i.SDIO_GetCommandResponse), (12 bytes).
    Removing stm32f10x_sdio.o(i.SDIO_GetDataCounter), (12 bytes).
    Removing stm32f10x_sdio.o(i.SDIO_GetFIFOCount), (12 bytes).
    Removing stm32f10x_sdio.o(i.SDIO_GetFlagStatus), (24 bytes).
    Removing stm32f10x_sdio.o(i.SDIO_GetITStatus), (24 bytes).
    Removing stm32f10x_sdio.o(i.SDIO_GetPowerState), (16 bytes).
    Removing stm32f10x_sdio.o(i.SDIO_GetResponse), (24 bytes).
    Removing stm32f10x_sdio.o(i.SDIO_ITConfig), (32 bytes).
    Removing stm32f10x_sdio.o(i.SDIO_Init), (48 bytes).
    Removing stm32f10x_sdio.o(i.SDIO_ReadData), (12 bytes).
    Removing stm32f10x_sdio.o(i.SDIO_SendCEATACmd), (12 bytes).
    Removing stm32f10x_sdio.o(i.SDIO_SendCommand), (44 bytes).
    Removing stm32f10x_sdio.o(i.SDIO_SendSDIOSuspendCmd), (12 bytes).
    Removing stm32f10x_sdio.o(i.SDIO_SetPowerState), (28 bytes).
    Removing stm32f10x_sdio.o(i.SDIO_SetSDIOOperation), (12 bytes).
    Removing stm32f10x_sdio.o(i.SDIO_SetSDIOReadWaitMode), (12 bytes).
    Removing stm32f10x_sdio.o(i.SDIO_StartSDIOReadWait), (12 bytes).
    Removing stm32f10x_sdio.o(i.SDIO_StopSDIOReadWait), (12 bytes).
    Removing stm32f10x_sdio.o(i.SDIO_StructInit), (16 bytes).
    Removing stm32f10x_sdio.o(i.SDIO_WriteData), (12 bytes).
    Removing stm32f10x_tim.o(i.TI1_Config), (128 bytes).
    Removing stm32f10x_tim.o(i.TI2_Config), (152 bytes).
    Removing stm32f10x_tim.o(i.TI3_Config), (144 bytes).
    Removing stm32f10x_tim.o(i.TI4_Config), (152 bytes).
    Removing stm32f10x_tim.o(i.TIM_BDTRConfig), (32 bytes).
    Removing stm32f10x_tim.o(i.TIM_BDTRStructInit), (18 bytes).
    Removing stm32f10x_tim.o(i.TIM_CCPreloadControl), (24 bytes).
    Removing stm32f10x_tim.o(i.TIM_CCxCmd), (30 bytes).
    Removing stm32f10x_tim.o(i.TIM_CCxNCmd), (30 bytes).
    Removing stm32f10x_tim.o(i.TIM_ClearFlag), (6 bytes).
    Removing stm32f10x_tim.o(i.TIM_ClearOC1Ref), (18 bytes).
    Removing stm32f10x_tim.o(i.TIM_ClearOC2Ref), (24 bytes).
    Removing stm32f10x_tim.o(i.TIM_ClearOC3Ref), (18 bytes).
    Removing stm32f10x_tim.o(i.TIM_ClearOC4Ref), (24 bytes).
    Removing stm32f10x_tim.o(i.TIM_CounterModeConfig), (18 bytes).
    Removing stm32f10x_tim.o(i.TIM_CtrlPWMOutputs), (30 bytes).
    Removing stm32f10x_tim.o(i.TIM_DMACmd), (18 bytes).
    Removing stm32f10x_tim.o(i.TIM_DMAConfig), (10 bytes).
    Removing stm32f10x_tim.o(i.TIM_DeInit), (488 bytes).
    Removing stm32f10x_tim.o(i.TIM_ETRClockMode1Config), (54 bytes).
    Removing stm32f10x_tim.o(i.TIM_ETRClockMode2Config), (32 bytes).
    Removing stm32f10x_tim.o(i.TIM_ETRConfig), (28 bytes).
    Removing stm32f10x_tim.o(i.TIM_EncoderInterfaceConfig), (66 bytes).
    Removing stm32f10x_tim.o(i.TIM_ForcedOC1Config), (18 bytes).
    Removing stm32f10x_tim.o(i.TIM_ForcedOC2Config), (26 bytes).
    Removing stm32f10x_tim.o(i.TIM_ForcedOC3Config), (18 bytes).
    Removing stm32f10x_tim.o(i.TIM_ForcedOC4Config), (26 bytes).
    Removing stm32f10x_tim.o(i.TIM_GenerateEvent), (4 bytes).
    Removing stm32f10x_tim.o(i.TIM_GetCapture1), (6 bytes).
    Removing stm32f10x_tim.o(i.TIM_GetCapture2), (6 bytes).
    Removing stm32f10x_tim.o(i.TIM_GetCapture3), (6 bytes).
    Removing stm32f10x_tim.o(i.TIM_GetCapture4), (8 bytes).
    Removing stm32f10x_tim.o(i.TIM_GetCounter), (6 bytes).
    Removing stm32f10x_tim.o(i.TIM_GetFlagStatus), (18 bytes).
    Removing stm32f10x_tim.o(i.TIM_GetPrescaler), (6 bytes).
    Removing stm32f10x_tim.o(i.TIM_ICInit), (172 bytes).
    Removing stm32f10x_tim.o(i.TIM_ICStructInit), (18 bytes).
    Removing stm32f10x_tim.o(i.TIM_ITRxExternalClockConfig), (24 bytes).
    Removing stm32f10x_tim.o(i.TIM_InternalClockConfig), (12 bytes).
    Removing stm32f10x_tim.o(i.TIM_OC1FastConfig), (18 bytes).
    Removing stm32f10x_tim.o(i.TIM_OC1Init), (152 bytes).
    Removing stm32f10x_tim.o(i.TIM_OC1NPolarityConfig), (18 bytes).
    Removing stm32f10x_tim.o(i.TIM_OC1PolarityConfig), (18 bytes).
    Removing stm32f10x_tim.o(i.TIM_OC1PreloadConfig), (18 bytes).
    Removing stm32f10x_tim.o(i.TIM_OC2FastConfig), (26 bytes).
    Removing stm32f10x_tim.o(i.TIM_OC2Init), (164 bytes).
    Removing stm32f10x_tim.o(i.TIM_OC2NPolarityConfig), (26 bytes).
    Removing stm32f10x_tim.o(i.TIM_OC2PolarityConfig), (26 bytes).
    Removing stm32f10x_tim.o(i.TIM_OC2PreloadConfig), (26 bytes).
    Removing stm32f10x_tim.o(i.TIM_OC3FastConfig), (18 bytes).
    Removing stm32f10x_tim.o(i.TIM_OC3NPolarityConfig), (26 bytes).
    Removing stm32f10x_tim.o(i.TIM_OC3PolarityConfig), (26 bytes).
    Removing stm32f10x_tim.o(i.TIM_OC4FastConfig), (26 bytes).
    Removing stm32f10x_tim.o(i.TIM_OC4PolarityConfig), (26 bytes).
    Removing stm32f10x_tim.o(i.TIM_OCStructInit), (20 bytes).
    Removing stm32f10x_tim.o(i.TIM_PWMIConfig), (124 bytes).
    Removing stm32f10x_tim.o(i.TIM_PrescalerConfig), (6 bytes).
    Removing stm32f10x_tim.o(i.TIM_SelectCCDMA), (24 bytes).
    Removing stm32f10x_tim.o(i.TIM_SelectCOM), (24 bytes).
    Removing stm32f10x_tim.o(i.TIM_SelectHallSensor), (24 bytes).
    Removing stm32f10x_tim.o(i.TIM_SelectInputTrigger), (18 bytes).
    Removing stm32f10x_tim.o(i.TIM_SelectMasterSlaveMode), (18 bytes).
    Removing stm32f10x_tim.o(i.TIM_SelectOCxM), (82 bytes).
    Removing stm32f10x_tim.o(i.TIM_SelectOnePulseMode), (18 bytes).
    Removing stm32f10x_tim.o(i.TIM_SelectOutputTrigger), (18 bytes).
    Removing stm32f10x_tim.o(i.TIM_SelectSlaveMode), (18 bytes).
    Removing stm32f10x_tim.o(i.TIM_SetAutoreload), (4 bytes).
    Removing stm32f10x_tim.o(i.TIM_SetClockDivision), (18 bytes).
    Removing stm32f10x_tim.o(i.TIM_SetCompare1), (4 bytes).
    Removing stm32f10x_tim.o(i.TIM_SetCompare2), (4 bytes).
    Removing stm32f10x_tim.o(i.TIM_SetCompare4), (6 bytes).
    Removing stm32f10x_tim.o(i.TIM_SetCounter), (4 bytes).
    Removing stm32f10x_tim.o(i.TIM_SetIC1Prescaler), (18 bytes).
    Removing stm32f10x_tim.o(i.TIM_SetIC2Prescaler), (26 bytes).
    Removing stm32f10x_tim.o(i.TIM_SetIC3Prescaler), (18 bytes).
    Removing stm32f10x_tim.o(i.TIM_SetIC4Prescaler), (26 bytes).
    Removing stm32f10x_tim.o(i.TIM_TIxExternalClockConfig), (62 bytes).
    Removing stm32f10x_tim.o(i.TIM_TimeBaseStructInit), (18 bytes).
    Removing stm32f10x_tim.o(i.TIM_UpdateDisableConfig), (24 bytes).
    Removing stm32f10x_tim.o(i.TIM_UpdateRequestConfig), (24 bytes).
    Removing stm32f10x_usart.o(i.USART_ClearFlag), (18 bytes).
    Removing stm32f10x_usart.o(i.USART_ClearITPendingBit), (30 bytes).
    Removing stm32f10x_usart.o(i.USART_ClockInit), (34 bytes).
    Removing stm32f10x_usart.o(i.USART_ClockStructInit), (12 bytes).
    Removing stm32f10x_usart.o(i.USART_DMACmd), (18 bytes).
    Removing stm32f10x_usart.o(i.USART_DeInit), (156 bytes).
    Removing stm32f10x_usart.o(i.USART_HalfDuplexCmd), (24 bytes).
    Removing stm32f10x_usart.o(i.USART_IrDACmd), (24 bytes).
    Removing stm32f10x_usart.o(i.USART_IrDAConfig), (18 bytes).
    Removing stm32f10x_usart.o(i.USART_LINBreakDetectLengthConfig), (18 bytes).
    Removing stm32f10x_usart.o(i.USART_LINCmd), (24 bytes).
    Removing stm32f10x_usart.o(i.USART_OneBitMethodCmd), (24 bytes).
    Removing stm32f10x_usart.o(i.USART_OverSampling8Cmd), (22 bytes).
    Removing stm32f10x_usart.o(i.USART_ReceiverWakeUpCmd), (24 bytes).
    Removing stm32f10x_usart.o(i.USART_SendBreak), (10 bytes).
    Removing stm32f10x_usart.o(i.USART_SetAddress), (18 bytes).
    Removing stm32f10x_usart.o(i.USART_SetGuardTime), (16 bytes).
    Removing stm32f10x_usart.o(i.USART_SetPrescaler), (16 bytes).
    Removing stm32f10x_usart.o(i.USART_SmartCardCmd), (24 bytes).
    Removing stm32f10x_usart.o(i.USART_SmartCardNACKCmd), (24 bytes).
    Removing stm32f10x_usart.o(i.USART_StructInit), (24 bytes).
    Removing stm32f10x_usart.o(i.USART_WakeUpConfig), (18 bytes).
    Removing stm32f10x_bkp.o(i.BKP_ClearFlag), (20 bytes).
    Removing stm32f10x_bkp.o(i.BKP_ClearITPendingBit), (20 bytes).
    Removing stm32f10x_bkp.o(i.BKP_GetFlagStatus), (12 bytes).
    Removing stm32f10x_bkp.o(i.BKP_GetITStatus), (12 bytes).
    Removing stm32f10x_bkp.o(i.BKP_ITConfig), (12 bytes).
    Removing stm32f10x_bkp.o(i.BKP_RTCOutputConfig), (28 bytes).
    Removing stm32f10x_bkp.o(i.BKP_SetRTCCalibrationValue), (28 bytes).
    Removing stm32f10x_bkp.o(i.BKP_TamperPinCmd), (12 bytes).
    Removing stm32f10x_bkp.o(i.BKP_TamperPinLevelConfig), (12 bytes).
    Removing dadd.o(.text), (334 bytes).
    Removing dmul.o(.text), (228 bytes).
    Removing ddiv.o(.text), (222 bytes).
    Removing dfixul.o(.text), (48 bytes).
    Removing cdrcmple.o(.text), (48 bytes).
    Removing depilogue.o(.text), (186 bytes).

287 unused section(s) (total 11896 bytes) removed from the image.

==============================================================================

Image Symbol Table

    Local Symbols

    Symbol Name                              Value     Ov Type        Size  Object(Section)

    ../clib/microlib/division.c              0x00000000   Number         0  uldiv.o ABSOLUTE
    ../clib/microlib/division.c              0x00000000   Number         0  uidiv.o ABSOLUTE
    ../clib/microlib/init/entry.s            0x00000000   Number         0  entry9b.o ABSOLUTE
    ../clib/microlib/init/entry.s            0x00000000   Number         0  entry.o ABSOLUTE
    ../clib/microlib/init/entry.s            0x00000000   Number         0  entry8b.o ABSOLUTE
    ../clib/microlib/init/entry.s            0x00000000   Number         0  entry9a.o ABSOLUTE
    ../clib/microlib/init/entry.s            0x00000000   Number         0  entry10b.o ABSOLUTE
    ../clib/microlib/init/entry.s            0x00000000   Number         0  entry11a.o ABSOLUTE
    ../clib/microlib/init/entry.s            0x00000000   Number         0  entry11b.o ABSOLUTE
    ../clib/microlib/init/entry.s            0x00000000   Number         0  entry7a.o ABSOLUTE
    ../clib/microlib/init/entry.s            0x00000000   Number         0  entry5.o ABSOLUTE
    ../clib/microlib/init/entry.s            0x00000000   Number         0  entry2.o ABSOLUTE
    ../clib/microlib/init/entry.s            0x00000000   Number         0  entry10a.o ABSOLUTE
    ../clib/microlib/init/entry.s            0x00000000   Number         0  entry7b.o ABSOLUTE
    ../clib/microlib/init/entry.s            0x00000000   Number         0  entry8a.o ABSOLUTE
    ../clib/microlib/longlong.c              0x00000000   Number         0  llsshr.o ABSOLUTE
    ../clib/microlib/longlong.c              0x00000000   Number         0  llushr.o ABSOLUTE
    ../clib/microlib/longlong.c              0x00000000   Number         0  llshl.o ABSOLUTE
    ../clib/microlib/printf/printf.c         0x00000000   Number         0  printf5.o ABSOLUTE
    ../clib/microlib/printf/printf.c         0x00000000   Number         0  printf4.o ABSOLUTE
    ../clib/microlib/printf/printf.c         0x00000000   Number         0  printf6.o ABSOLUTE
    ../clib/microlib/printf/printf.c         0x00000000   Number         0  printf2.o ABSOLUTE
    ../clib/microlib/printf/printf.c         0x00000000   Number         0  printf1.o ABSOLUTE
    ../clib/microlib/printf/printf.c         0x00000000   Number         0  printf3.o ABSOLUTE
    ../clib/microlib/printf/printf.c         0x00000000   Number         0  printf0.o ABSOLUTE
    ../clib/microlib/printf/printf.c         0x00000000   Number         0  printfb.o ABSOLUTE
    ../clib/microlib/printf/printf.c         0x00000000   Number         0  printf7.o ABSOLUTE
    ../clib/microlib/printf/printf.c         0x00000000   Number         0  printfa.o ABSOLUTE
    ../clib/microlib/printf/printf.c         0x00000000   Number         0  printf8.o ABSOLUTE
    ../clib/microlib/printf/stubs.s          0x00000000   Number         0  stubs.o ABSOLUTE
    ../clib/microlib/string/memcpy.c         0x00000000   Number         0  memcpyb.o ABSOLUTE
    ../clib/microlib/string/memcpy.c         0x00000000   Number         0  memcpya.o ABSOLUTE
    ../clib/microlib/string/memset.c         0x00000000   Number         0  memseta.o ABSOLUTE
    ../clib/microlib/string/strlen.c         0x00000000   Number         0  strlen.o ABSOLUTE
    ../clib/microlib/string/strstr.c         0x00000000   Number         0  strstr.o ABSOLUTE
    ../clib/microlib/stubs.s                 0x00000000   Number         0  iusefp.o ABSOLUTE
    ../clib/microlib/stubs.s                 0x00000000   Number         0  useno.o ABSOLUTE
    ../fplib/microlib/fpadd.c                0x00000000   Number         0  dadd.o ABSOLUTE
    ../fplib/microlib/fpdiv.c                0x00000000   Number         0  ddiv.o ABSOLUTE
    ../fplib/microlib/fpepilogue.c           0x00000000   Number         0  depilogue.o ABSOLUTE
    ../fplib/microlib/fpfix.c                0x00000000   Number         0  dfixul.o ABSOLUTE
    ../fplib/microlib/fpmul.c                0x00000000   Number         0  dmul.o ABSOLUTE
    ..\CORE\core_cm3.c                       0x00000000   Number         0  core_cm3.o ABSOLUTE
    ..\CORE\startup_stm32f10x_hd.s           0x00000000   Number         0  startup_stm32f10x_hd.o ABSOLUTE
    ..\HARDWARE\dht11.c                      0x00000000   Number         0  dht11.o ABSOLUTE
    ..\HARDWARE\fy_mqtt.c                    0x00000000   Number         0  fy_mqtt.o ABSOLUTE
    ..\HARDWARE\fy_network.c                 0x00000000   Number         0  fy_network.o ABSOLUTE
    ..\HARDWARE\led.c                        0x00000000   Number         0  led.o ABSOLUTE
    ..\HARDWARE\oled_iic.c                   0x00000000   Number         0  oled_iic.o ABSOLUTE
    ..\HARDWARE\rtc.c                        0x00000000   Number         0  rtc.o ABSOLUTE
    ..\HARDWARE\timer.c                      0x00000000   Number         0  timer.o ABSOLUTE
    ..\STM32F10x_FWLib\src\misc.c            0x00000000   Number         0  misc.o ABSOLUTE
    ..\STM32F10x_FWLib\src\stm32f10x_adc.c   0x00000000   Number         0  stm32f10x_adc.o ABSOLUTE
    ..\STM32F10x_FWLib\src\stm32f10x_bkp.c   0x00000000   Number         0  stm32f10x_bkp.o ABSOLUTE
    ..\STM32F10x_FWLib\src\stm32f10x_exti.c  0x00000000   Number         0  stm32f10x_exti.o ABSOLUTE
    ..\STM32F10x_FWLib\src\stm32f10x_gpio.c  0x00000000   Number         0  stm32f10x_gpio.o ABSOLUTE
    ..\STM32F10x_FWLib\src\stm32f10x_i2c.c   0x00000000   Number         0  stm32f10x_i2c.o ABSOLUTE
    ..\STM32F10x_FWLib\src\stm32f10x_pwr.c   0x00000000   Number         0  stm32f10x_pwr.o ABSOLUTE
    ..\STM32F10x_FWLib\src\stm32f10x_rcc.c   0x00000000   Number         0  stm32f10x_rcc.o ABSOLUTE
    ..\STM32F10x_FWLib\src\stm32f10x_rtc.c   0x00000000   Number         0  stm32f10x_rtc.o ABSOLUTE
    ..\STM32F10x_FWLib\src\stm32f10x_sdio.c  0x00000000   Number         0  stm32f10x_sdio.o ABSOLUTE
    ..\STM32F10x_FWLib\src\stm32f10x_tim.c   0x00000000   Number         0  stm32f10x_tim.o ABSOLUTE
    ..\STM32F10x_FWLib\src\stm32f10x_usart.c 0x00000000   Number         0  stm32f10x_usart.o ABSOLUTE
    ..\SYSTEM\delay\delay.c                  0x00000000   Number         0  delay.o ABSOLUTE
    ..\SYSTEM\nvic\nvic.c                    0x00000000   Number         0  nvic.o ABSOLUTE
    ..\SYSTEM\sys\sys.c                      0x00000000   Number         0  sys.o ABSOLUTE
    ..\SYSTEM\usart\usart.c                  0x00000000   Number         0  usart.o ABSOLUTE
    ..\\CORE\\core_cm3.c                     0x00000000   Number         0  core_cm3.o ABSOLUTE
    ..\\SYSTEM\\sys\\sys.c                   0x00000000   Number         0  sys.o ABSOLUTE
    cdrcmple.s                               0x00000000   Number         0  cdrcmple.o ABSOLUTE
    dc.s                                     0x00000000   Number         0  dc.o ABSOLUTE
    handlers.s                               0x00000000   Number         0  handlers.o ABSOLUTE
    init.s                                   0x00000000   Number         0  init.o ABSOLUTE
    main.c                                   0x00000000   Number         0  main.o ABSOLUTE
    stm32f10x_it.c                           0x00000000   Number         0  stm32f10x_it.o ABSOLUTE
    system_stm32f10x.c                       0x00000000   Number         0  system_stm32f10x.o ABSOLUTE
    RESET                                    0x08000000   Section      304  startup_stm32f10x_hd.o(RESET)
    .ARM.Collect$$$$00000000                 0x08000130   Section        0  entry.o(.ARM.Collect$$$$00000000)
    .ARM.Collect$$$$00000001                 0x08000130   Section        4  entry2.o(.ARM.Collect$$$$00000001)
    .ARM.Collect$$$$00000004                 0x08000134   Section        4  entry5.o(.ARM.Collect$$$$00000004)
    .ARM.Collect$$$$00000008                 0x08000138   Section        0  entry7b.o(.ARM.Collect$$$$00000008)
    .ARM.Collect$$$$0000000A                 0x08000138   Section        0  entry8b.o(.ARM.Collect$$$$0000000A)
    .ARM.Collect$$$$0000000B                 0x08000138   Section        8  entry9a.o(.ARM.Collect$$$$0000000B)
    .ARM.Collect$$$$0000000D                 0x08000140   Section        0  entry10a.o(.ARM.Collect$$$$0000000D)
    .ARM.Collect$$$$0000000F                 0x08000140   Section        0  entry11a.o(.ARM.Collect$$$$0000000F)
    .ARM.Collect$$$$00002712                 0x08000140   Section        4  entry2.o(.ARM.Collect$$$$00002712)
    __lit__00000000                          0x08000140   Data           4  entry2.o(.ARM.Collect$$$$00002712)
    .text                                    0x08000144   Section       36  startup_stm32f10x_hd.o(.text)
    .text                                    0x08000168   Section        0  memcpya.o(.text)
    .text                                    0x0800018c   Section        0  memseta.o(.text)
    .text                                    0x080001b0   Section        0  strstr.o(.text)
    .text                                    0x080001d4   Section        0  strlen.o(.text)
    .text                                    0x080001e2   Section        0  uidiv.o(.text)
    .text                                    0x08000210   Section       36  init.o(.text)
    i.BKP_DeInit                             0x08000234   Section        0  stm32f10x_bkp.o(i.BKP_DeInit)
    i.BKP_ReadBackupRegister                 0x08000244   Section        0  stm32f10x_bkp.o(i.BKP_ReadBackupRegister)
    i.BKP_WriteBackupRegister                0x08000260   Section        0  stm32f10x_bkp.o(i.BKP_WriteBackupRegister)
    i.Check                                  0x0800027c   Section        0  fy_network.o(i.Check)
    Check                                    0x0800027d   Thumb Code    56  fy_network.o(i.Check)
    i.CloseTransmission                      0x080002c4   Section        0  fy_network.o(i.CloseTransmission)
    CloseTransmission                        0x080002c5   Thumb Code    32  fy_network.o(i.CloseTransmission)
    i.Connect                                0x080002ec   Section        0  fy_mqtt.o(i.Connect)
    Connect                                  0x080002ed   Thumb Code   656  fy_mqtt.o(i.Connect)
    i.ConnectAP                              0x080005ac   Section        0  fy_network.o(i.ConnectAP)
    ConnectAP                                0x080005ad   Thumb Code   142  fy_network.o(i.ConnectAP)
    i.ConnectServer                          0x08000674   Section        0  fy_network.o(i.ConnectServer)
    ConnectServer                            0x08000675   Thumb Code   172  fy_network.o(i.ConnectServer)
    i.DHT11Configuration                     0x0800075c   Section        0  dht11.o(i.DHT11Configuration)
    i.DHT11_IsOnline                         0x08000794   Section        0  dht11.o(i.DHT11_IsOnline)
    i.DHT11_ReadBit                          0x080007f8   Section        0  dht11.o(i.DHT11_ReadBit)
    i.DHT11_ReadByte                         0x08000844   Section        0  dht11.o(i.DHT11_ReadByte)
    i.DHT11_Read_Data                        0x08000862   Section        0  dht11.o(i.DHT11_Read_Data)
    i.DHT11_Reset                            0x080008bc   Section        0  dht11.o(i.DHT11_Reset)
    i.Disconnect                             0x080008fc   Section        0  fy_mqtt.o(i.Disconnect)
    Disconnect                               0x080008fd   Thumb Code    12  fy_mqtt.o(i.Disconnect)
    i.DisconnectServer                       0x0800090c   Section        0  fy_network.o(i.DisconnectServer)
    DisconnectServer                         0x0800090d   Thumb Code    74  fy_network.o(i.DisconnectServer)
    i.ESP_INIT                               0x08000974   Section        0  main.o(i.ESP_INIT)
    i.FindStr                                0x08000bdc   Section        0  fy_network.o(i.FindStr)
    i.GPIO_Init                              0x08000c12   Section        0  stm32f10x_gpio.o(i.GPIO_Init)
    i.GPIO_SetBits                           0x08000d28   Section        0  stm32f10x_gpio.o(i.GPIO_SetBits)
    i.I2C_CheckEvent                         0x08000d2c   Section        0  stm32f10x_i2c.o(i.I2C_CheckEvent)
    i.I2C_Cmd                                0x08000d56   Section        0  stm32f10x_i2c.o(i.I2C_Cmd)
    i.I2C_Configuration                      0x08000d70   Section        0  oled_iic.o(i.I2C_Configuration)
    i.I2C_GenerateSTART                      0x08000df0   Section        0  stm32f10x_i2c.o(i.I2C_GenerateSTART)
    i.I2C_GenerateSTOP                       0x08000e08   Section        0  stm32f10x_i2c.o(i.I2C_GenerateSTOP)
    i.I2C_GetFlagStatus                      0x08000e20   Section        0  stm32f10x_i2c.o(i.I2C_GetFlagStatus)
    i.I2C_Init                               0x08000e5c   Section        0  stm32f10x_i2c.o(i.I2C_Init)
    i.I2C_Send7bitAddress                    0x08000f48   Section        0  stm32f10x_i2c.o(i.I2C_Send7bitAddress)
    i.I2C_SendData                           0x08000f5a   Section        0  stm32f10x_i2c.o(i.I2C_SendData)
    i.I2C_WriteByte                          0x08000f60   Section        0  oled_iic.o(i.I2C_WriteByte)
    i.Init                                   0x08000fec   Section        0  fy_network.o(i.Init)
    Init                                     0x08000fed   Thumb Code   144  fy_network.o(i.Init)
    i.Init                                   0x08001098   Section        0  fy_mqtt.o(i.Init)
    Init                                     0x08001099   Thumb Code    70  fy_mqtt.o(i.Init)
    i.Is_Leap_Year                           0x080010e4   Section        0  rtc.o(i.Is_Leap_Year)
    i.LED_Init                               0x08001120   Section        0  led.o(i.LED_Init)
    i.Mqtt_Progress                          0x08001184   Section        0  fy_mqtt.o(i.Mqtt_Progress)
    i.Mqtt_SendBuf                           0x080011f8   Section        0  fy_mqtt.o(i.Mqtt_SendBuf)
    Mqtt_SendBuf                             0x080011f9   Thumb Code    16  fy_mqtt.o(i.Mqtt_SendBuf)
    i.NVIC_Init                              0x08001208   Section        0  misc.o(i.NVIC_Init)
    i.NVIC_PriorityGroupConfig               0x08001278   Section        0  misc.o(i.NVIC_PriorityGroupConfig)
    i.OLED_CLS                               0x0800128c   Section        0  oled_iic.o(i.OLED_CLS)
    i.OLED_Fill                              0x08001296   Section        0  oled_iic.o(i.OLED_Fill)
    i.OLED_Init                              0x080012d0   Section        0  oled_iic.o(i.OLED_Init)
    i.OLED_ON                                0x08001384   Section        0  oled_iic.o(i.OLED_ON)
    i.OLED_SetPos                            0x0800139a   Section        0  oled_iic.o(i.OLED_SetPos)
    i.OLED_ShowStr                           0x080013c4   Section        0  oled_iic.o(i.OLED_ShowStr)
    i.OpenTransmission                       0x080014b0   Section        0  fy_network.o(i.OpenTransmission)
    OpenTransmission                         0x080014b1   Thumb Code    56  fy_network.o(i.OpenTransmission)
    i.PWR_BackupAccessCmd                    0x08001500   Section        0  stm32f10x_pwr.o(i.PWR_BackupAccessCmd)
    i.PublishData                            0x0800150c   Section        0  fy_mqtt.o(i.PublishData)
    PublishData                              0x0800150d   Thumb Code   294  fy_mqtt.o(i.PublishData)
    i.RCC_APB1PeriphClockCmd                 0x0800163c   Section        0  stm32f10x_rcc.o(i.RCC_APB1PeriphClockCmd)
    i.RCC_APB2PeriphClockCmd                 0x0800165c   Section        0  stm32f10x_rcc.o(i.RCC_APB2PeriphClockCmd)
    i.RCC_BackupResetCmd                     0x0800167c   Section        0  stm32f10x_rcc.o(i.RCC_BackupResetCmd)
    i.RCC_GetClocksFreq                      0x08001688   Section        0  stm32f10x_rcc.o(i.RCC_GetClocksFreq)
    i.RCC_GetFlagStatus                      0x0800175c   Section        0  stm32f10x_rcc.o(i.RCC_GetFlagStatus)
    i.RCC_LSEConfig                          0x08001798   Section        0  stm32f10x_rcc.o(i.RCC_LSEConfig)
    i.RCC_RTCCLKCmd                          0x080017cc   Section        0  stm32f10x_rcc.o(i.RCC_RTCCLKCmd)
    i.RCC_RTCCLKConfig                       0x080017d8   Section        0  stm32f10x_rcc.o(i.RCC_RTCCLKConfig)
    i.RTC_ClearITPendingBit                  0x080017e8   Section        0  stm32f10x_rtc.o(i.RTC_ClearITPendingBit)
    i.RTC_EnterConfigMode                    0x080017f8   Section        0  stm32f10x_rtc.o(i.RTC_EnterConfigMode)
    i.RTC_ExitConfigMode                     0x0800180c   Section        0  stm32f10x_rtc.o(i.RTC_ExitConfigMode)
    i.RTC_Get                                0x08001820   Section        0  rtc.o(i.RTC_Get)
    i.RTC_GetCounter                         0x08001920   Section        0  stm32f10x_rtc.o(i.RTC_GetCounter)
    i.RTC_GetITStatus                        0x08001934   Section        0  stm32f10x_rtc.o(i.RTC_GetITStatus)
    i.RTC_Get_Week                           0x08001958   Section        0  rtc.o(i.RTC_Get_Week)
    i.RTC_IRQHandler                         0x080019d0   Section        0  rtc.o(i.RTC_IRQHandler)
    i.RTC_ITConfig                           0x08001a40   Section        0  stm32f10x_rtc.o(i.RTC_ITConfig)
    i.RTC_Init                               0x08001a60   Section        0  rtc.o(i.RTC_Init)
    i.RTC_Set                                0x08001b1c   Section        0  rtc.o(i.RTC_Set)
    i.RTC_SetCounter                         0x08001be4   Section        0  stm32f10x_rtc.o(i.RTC_SetCounter)
    i.RTC_SetPrescaler                       0x08001c00   Section        0  stm32f10x_rtc.o(i.RTC_SetPrescaler)
    i.RTC_WaitForLastTask                    0x08001c20   Section        0  stm32f10x_rtc.o(i.RTC_WaitForLastTask)
    i.RTC_WaitForSynchro                     0x08001c34   Section        0  stm32f10x_rtc.o(i.RTC_WaitForSynchro)
    i.Restore                                0x08001c58   Section        0  fy_network.o(i.Restore)
    Restore                                  0x08001c59   Thumb Code    26  fy_network.o(i.Restore)
    i.SendBuf                                0x08001c88   Section        0  fy_network.o(i.SendBuf)
    SendBuf                                  0x08001c89   Thumb Code    26  fy_network.o(i.SendBuf)
    i.SendString                             0x08001ca8   Section        0  fy_network.o(i.SendString)
    SendString                               0x08001ca9   Thumb Code    22  fy_network.o(i.SendString)
    i.SentHeart                              0x08001cc4   Section        0  fy_mqtt.o(i.SentHeart)
    SentHeart                                0x08001cc5   Thumb Code    12  fy_mqtt.o(i.SentHeart)
    i.SetSysClock                            0x08001cd4   Section        0  system_stm32f10x.o(i.SetSysClock)
    SetSysClock                              0x08001cd5   Thumb Code     8  system_stm32f10x.o(i.SetSysClock)
    i.SetSysClockTo72                        0x08001cdc   Section        0  system_stm32f10x.o(i.SetSysClockTo72)
    SetSysClockTo72                          0x08001cdd   Thumb Code   214  system_stm32f10x.o(i.SetSysClockTo72)
    i.SubscribeTopic                         0x08001dbc   Section        0  fy_mqtt.o(i.SubscribeTopic)
    SubscribeTopic                           0x08001dbd   Thumb Code   378  fy_mqtt.o(i.SubscribeTopic)
    i.SysTick_CLKSourceConfig                0x08001f40   Section        0  misc.o(i.SysTick_CLKSourceConfig)
    i.SystemInit                             0x08001f68   Section        0  system_stm32f10x.o(i.SystemInit)
    i.TIM2_IRQHandler                        0x08001fc8   Section        0  stm32f10x_it.o(i.TIM2_IRQHandler)
    i.TIM_ARRPreloadConfig                   0x0800207c   Section        0  stm32f10x_tim.o(i.TIM_ARRPreloadConfig)
    i.TIM_ClearITPendingBit                  0x08002094   Section        0  stm32f10x_tim.o(i.TIM_ClearITPendingBit)
    i.TIM_Cmd                                0x0800209a   Section        0  stm32f10x_tim.o(i.TIM_Cmd)
    i.TIM_GetITStatus                        0x080020b2   Section        0  stm32f10x_tim.o(i.TIM_GetITStatus)
    i.TIM_ITConfig                           0x080020d4   Section        0  stm32f10x_tim.o(i.TIM_ITConfig)
    i.TIM_OC3Init                            0x080020e8   Section        0  stm32f10x_tim.o(i.TIM_OC3Init)
    i.TIM_OC3PreloadConfig                   0x08002188   Section        0  stm32f10x_tim.o(i.TIM_OC3PreloadConfig)
    i.TIM_OC4Init                            0x0800219c   Section        0  stm32f10x_tim.o(i.TIM_OC4Init)
    i.TIM_OC4PreloadConfig                   0x08002218   Section        0  stm32f10x_tim.o(i.TIM_OC4PreloadConfig)
    i.TIM_SetCompare3                        0x08002232   Section        0  stm32f10x_tim.o(i.TIM_SetCompare3)
    i.TIM_TimeBaseInit                       0x08002238   Section        0  stm32f10x_tim.o(i.TIM_TimeBaseInit)
    i.Timer2_Init                            0x080022dc   Section        0  timer.o(i.Timer2_Init)
    i.Timer4_Init                            0x08002324   Section        0  timer.o(i.Timer4_Init)
    i.USART1_IRQHandler                      0x080023dc   Section        0  usart.o(i.USART1_IRQHandler)
    i.USART2_IRQHandler                      0x08002464   Section        0  usart.o(i.USART2_IRQHandler)
    i.USART3_IRQHandler                      0x080024ec   Section        0  usart.o(i.USART3_IRQHandler)
    i.USART_Cmd                              0x08002570   Section        0  stm32f10x_usart.o(i.USART_Cmd)
    i.USART_GetFlagStatus                    0x08002588   Section        0  stm32f10x_usart.o(i.USART_GetFlagStatus)
    i.USART_GetITStatus                      0x080025a2   Section        0  stm32f10x_usart.o(i.USART_GetITStatus)
    i.USART_ITConfig                         0x080025f6   Section        0  stm32f10x_usart.o(i.USART_ITConfig)
    i.USART_Init                             0x08002640   Section        0  stm32f10x_usart.o(i.USART_Init)
    i.USART_ReceiveData                      0x08002718   Section        0  stm32f10x_usart.o(i.USART_ReceiveData)
    i.USART_SendData                         0x08002722   Section        0  stm32f10x_usart.o(i.USART_SendData)
    i.Usart3_SendBuf                         0x0800272a   Section        0  usart.o(i.Usart3_SendBuf)
    i.Usart3_SendByte                        0x08002748   Section        0  usart.o(i.Usart3_SendByte)
    i.Usart3_SendString                      0x08002768   Section        0  usart.o(i.Usart3_SendString)
    i.WriteCmd                               0x0800277e   Section        0  oled_iic.o(i.WriteCmd)
    i.WriteDat                               0x0800278c   Section        0  oled_iic.o(i.WriteDat)
    i.__0printf$3                            0x0800279c   Section        0  printf3.o(i.__0printf$3)
    i.__0sprintf$3                           0x080027bc   Section        0  printf3.o(i.__0sprintf$3)
    i.__scatterload_copy                     0x080027e4   Section       14  handlers.o(i.__scatterload_copy)
    i.__scatterload_null                     0x080027f2   Section        2  handlers.o(i.__scatterload_null)
    i.__scatterload_zeroinit                 0x080027f4   Section       14  handlers.o(i.__scatterload_zeroinit)
    i._printf_core                           0x08002804   Section        0  printf3.o(i._printf_core)
    _printf_core                             0x08002805   Thumb Code   436  printf3.o(i._printf_core)
    i._sputc                                 0x080029bc   Section        0  printf3.o(i._sputc)
    _sputc                                   0x080029bd   Thumb Code    10  printf3.o(i._sputc)
    i.delay_init                             0x080029c8   Section        0  delay.o(i.delay_init)
    i.delay_ms                               0x08002a0c   Section        0  delay.o(i.delay_ms)
    i.delay_us                               0x08002a58   Section        0  delay.o(i.delay_us)
    i.find                                   0x08002aa4   Section        0  fy_mqtt.o(i.find)
    i.fputc                                  0x08002b4c   Section        0  usart.o(i.fputc)
    i.main                                   0x08002b68   Section        0  main.o(i.main)
    i.nvic_init                              0x08002d2c   Section        0  nvic.o(i.nvic_init)
    i.uart1_init                             0x08002dd0   Section        0  usart.o(i.uart1_init)
    i.uart2_init                             0x08002e54   Section        0  usart.o(i.uart2_init)
    i.uart3_init                             0x08002ed4   Section        0  usart.o(i.uart3_init)
    .constdata                               0x08002f6c   Section       24  rtc.o(.constdata)
    .constdata                               0x08002f84   Section     2072  oled_iic.o(.constdata)
    .constdata                               0x0800379c   Section       12  fy_mqtt.o(.constdata)
    .data                                    0x20000000   Section        9  main.o(.data)
    .data                                    0x2000000c   Section       13  stm32f10x_it.o(.data)
    count1                                   0x2000000c   Data           4  stm32f10x_it.o(.data)
    count2                                   0x20000010   Data           4  stm32f10x_it.o(.data)
    count3                                   0x20000014   Data           4  stm32f10x_it.o(.data)
    flag1                                    0x20000018   Data           1  stm32f10x_it.o(.data)
    .data                                    0x2000001a   Section        4  delay.o(.data)
    fac_us                                   0x2000001a   Data           1  delay.o(.data)
    fac_ms                                   0x2000001c   Data           2  delay.o(.data)
    .data                                    0x20000020   Section       14  usart.o(.data)
    rxlen                                    0x2000002d   Data           1  usart.o(.data)
    .data                                    0x2000002e   Section        2  rtc.o(.data)
    daycnt                                   0x2000002e   Data           2  rtc.o(.data)
    .data                                    0x20000030   Section       56  fy_network.o(.data)
    .data                                    0x20000068   Section       44  fy_mqtt.o(.data)
    id                                       0x20000092   Data           2  fy_mqtt.o(.data)
    .data                                    0x20000094   Section       20  system_stm32f10x.o(.data)
    .data                                    0x200000a8   Section       20  stm32f10x_rcc.o(.data)
    APBAHBPrescTable                         0x200000a8   Data          16  stm32f10x_rcc.o(.data)
    ADCPrescTable                            0x200000b8   Data           4  stm32f10x_rcc.o(.data)
    .bss                                     0x200000bc   Section     1812  main.o(.bss)
    .bss                                     0x200007d0   Section      400  usart.o(.bss)
    .bss                                     0x20000960   Section       40  rtc.o(.bss)
    STACK                                    0x20000988   Section     1024  startup_stm32f10x_hd.o(STACK)

    Global Symbols

    Symbol Name                              Value     Ov Type        Size  Object(Section)

    BuildAttributes$$THM_ISAv4$P$D$K$B$S$PE$A:L22UL41UL21$X:L11$S22US41US21$IEEE1$IW$USESV6$~STKCKD$USESV7$~SHL$OSPACE$ROPI$EBA8$MICROLIB$REQ8$PRES8$EABIv2 0x00000000   Number         0  anon$$obj.o ABSOLUTE
    __ARM_use_no_argv                        0x00000000   Number         0  main.o ABSOLUTE
    __use_no_errno                           0x00000000   Number         0  useno.o ABSOLUTE
    __use_no_exception_handling              0x00000000   Number         0  useno.o ABSOLUTE
    __use_no_fp                              0x00000000   Number         0  useno.o ABSOLUTE
    __use_no_heap                            0x00000000   Number         0  useno.o ABSOLUTE
    __use_no_heap_region                     0x00000000   Number         0  useno.o ABSOLUTE
    __use_no_semihosting                     0x00000000   Number         0  useno.o ABSOLUTE
    __use_no_semihosting_swi                 0x00000000   Number         0  useno.o ABSOLUTE
    __use_no_signal_handling                 0x00000000   Number         0  useno.o ABSOLUTE
    _printf_a                                0x00000000   Number         0  stubs.o ABSOLUTE
    _printf_c                                0x00000000   Number         0  stubs.o ABSOLUTE
    _printf_charcount                        0x00000000   Number         0  stubs.o ABSOLUTE
    _printf_d                                0x00000000   Number         0  stubs.o ABSOLUTE
    _printf_e                                0x00000000   Number         0  stubs.o ABSOLUTE
    _printf_f                                0x00000000   Number         0  stubs.o ABSOLUTE
    _printf_flags                            0x00000000   Number         0  stubs.o ABSOLUTE
    _printf_fp_dec                           0x00000000   Number         0  stubs.o ABSOLUTE
    _printf_fp_hex                           0x00000000   Number         0  stubs.o ABSOLUTE
    _printf_g                                0x00000000   Number         0  stubs.o ABSOLUTE
    _printf_i                                0x00000000   Number         0  stubs.o ABSOLUTE
    _printf_int_dec                          0x00000000   Number         0  stubs.o ABSOLUTE
    _printf_l                                0x00000000   Number         0  stubs.o ABSOLUTE
    _printf_lc                               0x00000000   Number         0  stubs.o ABSOLUTE
    _printf_ll                               0x00000000   Number         0  stubs.o ABSOLUTE
    _printf_lld                              0x00000000   Number         0  stubs.o ABSOLUTE
    _printf_lli                              0x00000000   Number         0  stubs.o ABSOLUTE
    _printf_llo                              0x00000000   Number         0  stubs.o ABSOLUTE
    _printf_llu                              0x00000000   Number         0  stubs.o ABSOLUTE
    _printf_llx                              0x00000000   Number         0  stubs.o ABSOLUTE
    _printf_longlong_dec                     0x00000000   Number         0  stubs.o ABSOLUTE
    _printf_longlong_hex                     0x00000000   Number         0  stubs.o ABSOLUTE
    _printf_longlong_oct                     0x00000000   Number         0  stubs.o ABSOLUTE
    _printf_ls                               0x00000000   Number         0  stubs.o ABSOLUTE
    _printf_mbtowc                           0x00000000   Number         0  stubs.o ABSOLUTE
    _printf_n                                0x00000000   Number         0  stubs.o ABSOLUTE
    _printf_o                                0x00000000   Number         0  stubs.o ABSOLUTE
    _printf_p                                0x00000000   Number         0  stubs.o ABSOLUTE
    _printf_percent                          0x00000000   Number         0  stubs.o ABSOLUTE
    _printf_pre_padding                      0x00000000   Number         0  stubs.o ABSOLUTE
    _printf_return_value                     0x00000000   Number         0  stubs.o ABSOLUTE
    _printf_s                                0x00000000   Number         0  stubs.o ABSOLUTE
    _printf_sizespec                         0x00000000   Number         0  stubs.o ABSOLUTE
    _printf_str                              0x00000000   Number         0  stubs.o ABSOLUTE
    _printf_truncate_signed                  0x00000000   Number         0  stubs.o ABSOLUTE
    _printf_truncate_unsigned                0x00000000   Number         0  stubs.o ABSOLUTE
    _printf_u                                0x00000000   Number         0  stubs.o ABSOLUTE
    _printf_wc                               0x00000000   Number         0  stubs.o ABSOLUTE
    _printf_wctomb                           0x00000000   Number         0  stubs.o ABSOLUTE
    _printf_widthprec                        0x00000000   Number         0  stubs.o ABSOLUTE
    _printf_x                                0x00000000   Number         0  stubs.o ABSOLUTE
    __cpp_initialize__aeabi_                  - Undefined Weak Reference
    __cxa_finalize                            - Undefined Weak Reference
    __decompress                              - Undefined Weak Reference
    _clock_init                               - Undefined Weak Reference
    _microlib_exit                            - Undefined Weak Reference
    __Vectors_Size                           0x00000130   Number         0  startup_stm32f10x_hd.o ABSOLUTE
    __Vectors                                0x08000000   Data           4  startup_stm32f10x_hd.o(RESET)
    __Vectors_End                            0x08000130   Data           0  startup_stm32f10x_hd.o(RESET)
    __main                                   0x08000131   Thumb Code     0  entry.o(.ARM.Collect$$$$00000000)
    _main_stk                                0x08000131   Thumb Code     0  entry2.o(.ARM.Collect$$$$00000001)
    _main_scatterload                        0x08000135   Thumb Code     0  entry5.o(.ARM.Collect$$$$00000004)
    __main_after_scatterload                 0x08000139   Thumb Code     0  entry5.o(.ARM.Collect$$$$00000004)
    _main_clock                              0x08000139   Thumb Code     0  entry7b.o(.ARM.Collect$$$$00000008)
    _main_cpp_init                           0x08000139   Thumb Code     0  entry8b.o(.ARM.Collect$$$$0000000A)
    _main_init                               0x08000139   Thumb Code     0  entry9a.o(.ARM.Collect$$$$0000000B)
    __rt_final_cpp                           0x08000141   Thumb Code     0  entry10a.o(.ARM.Collect$$$$0000000D)
    __rt_final_exit                          0x08000141   Thumb Code     0  entry11a.o(.ARM.Collect$$$$0000000F)
    Reset_Handler                            0x08000145   Thumb Code     8  startup_stm32f10x_hd.o(.text)
    NMI_Handler                              0x0800014d   Thumb Code     2  startup_stm32f10x_hd.o(.text)
    HardFault_Handler                        0x0800014f   Thumb Code     2  startup_stm32f10x_hd.o(.text)
    MemManage_Handler                        0x08000151   Thumb Code     2  startup_stm32f10x_hd.o(.text)
    BusFault_Handler                         0x08000153   Thumb Code     2  startup_stm32f10x_hd.o(.text)
    UsageFault_Handler                       0x08000155   Thumb Code     2  startup_stm32f10x_hd.o(.text)
    SVC_Handler                              0x08000157   Thumb Code     2  startup_stm32f10x_hd.o(.text)
    DebugMon_Handler                         0x08000159   Thumb Code     2  startup_stm32f10x_hd.o(.text)
    PendSV_Handler                           0x0800015b   Thumb Code     2  startup_stm32f10x_hd.o(.text)
    SysTick_Handler                          0x0800015d   Thumb Code     2  startup_stm32f10x_hd.o(.text)
    ADC1_2_IRQHandler                        0x0800015f   Thumb Code     0  startup_stm32f10x_hd.o(.text)
    ADC3_IRQHandler                          0x0800015f   Thumb Code     0  startup_stm32f10x_hd.o(.text)
    CAN1_RX1_IRQHandler                      0x0800015f   Thumb Code     0  startup_stm32f10x_hd.o(.text)
    CAN1_SCE_IRQHandler                      0x0800015f   Thumb Code     0  startup_stm32f10x_hd.o(.text)
    DMA1_Channel1_IRQHandler                 0x0800015f   Thumb Code     0  startup_stm32f10x_hd.o(.text)
    DMA1_Channel2_IRQHandler                 0x0800015f   Thumb Code     0  startup_stm32f10x_hd.o(.text)
    DMA1_Channel3_IRQHandler                 0x0800015f   Thumb Code     0  startup_stm32f10x_hd.o(.text)
    DMA1_Channel4_IRQHandler                 0x0800015f   Thumb Code     0  startup_stm32f10x_hd.o(.text)
    DMA1_Channel5_IRQHandler                 0x0800015f   Thumb Code     0  startup_stm32f10x_hd.o(.text)
    DMA1_Channel6_IRQHandler                 0x0800015f   Thumb Code     0  startup_stm32f10x_hd.o(.text)
    DMA1_Channel7_IRQHandler                 0x0800015f   Thumb Code     0  startup_stm32f10x_hd.o(.text)
    DMA2_Channel1_IRQHandler                 0x0800015f   Thumb Code     0  startup_stm32f10x_hd.o(.text)
    DMA2_Channel2_IRQHandler                 0x0800015f   Thumb Code     0  startup_stm32f10x_hd.o(.text)
    DMA2_Channel3_IRQHandler                 0x0800015f   Thumb Code     0  startup_stm32f10x_hd.o(.text)
    DMA2_Channel4_5_IRQHandler               0x0800015f   Thumb Code     0  startup_stm32f10x_hd.o(.text)
    EXTI0_IRQHandler                         0x0800015f   Thumb Code     0  startup_stm32f10x_hd.o(.text)
    EXTI15_10_IRQHandler                     0x0800015f   Thumb Code     0  startup_stm32f10x_hd.o(.text)
    EXTI1_IRQHandler                         0x0800015f   Thumb Code     0  startup_stm32f10x_hd.o(.text)
    EXTI2_IRQHandler                         0x0800015f   Thumb Code     0  startup_stm32f10x_hd.o(.text)
    EXTI3_IRQHandler                         0x0800015f   Thumb Code     0  startup_stm32f10x_hd.o(.text)
    EXTI4_IRQHandler                         0x0800015f   Thumb Code     0  startup_stm32f10x_hd.o(.text)
    EXTI9_5_IRQHandler                       0x0800015f   Thumb Code     0  startup_stm32f10x_hd.o(.text)
    FLASH_IRQHandler                         0x0800015f   Thumb Code     0  startup_stm32f10x_hd.o(.text)
    FSMC_IRQHandler                          0x0800015f   Thumb Code     0  startup_stm32f10x_hd.o(.text)
    I2C1_ER_IRQHandler                       0x0800015f   Thumb Code     0  startup_stm32f10x_hd.o(.text)
    I2C1_EV_IRQHandler                       0x0800015f   Thumb Code     0  startup_stm32f10x_hd.o(.text)
    I2C2_ER_IRQHandler                       0x0800015f   Thumb Code     0  startup_stm32f10x_hd.o(.text)
    I2C2_EV_IRQHandler                       0x0800015f   Thumb Code     0  startup_stm32f10x_hd.o(.text)
    PVD_IRQHandler                           0x0800015f   Thumb Code     0  startup_stm32f10x_hd.o(.text)
    RCC_IRQHandler                           0x0800015f   Thumb Code     0  startup_stm32f10x_hd.o(.text)
    RTCAlarm_IRQHandler                      0x0800015f   Thumb Code     0  startup_stm32f10x_hd.o(.text)
    SDIO_IRQHandler                          0x0800015f   Thumb Code     0  startup_stm32f10x_hd.o(.text)
    SPI1_IRQHandler                          0x0800015f   Thumb Code     0  startup_stm32f10x_hd.o(.text)
    SPI2_IRQHandler                          0x0800015f   Thumb Code     0  startup_stm32f10x_hd.o(.text)
    SPI3_IRQHandler                          0x0800015f   Thumb Code     0  startup_stm32f10x_hd.o(.text)
    TAMPER_IRQHandler                        0x0800015f   Thumb Code     0  startup_stm32f10x_hd.o(.text)
    TIM1_BRK_IRQHandler                      0x0800015f   Thumb Code     0  startup_stm32f10x_hd.o(.text)
    TIM1_CC_IRQHandler                       0x0800015f   Thumb Code     0  startup_stm32f10x_hd.o(.text)
    TIM1_TRG_COM_IRQHandler                  0x0800015f   Thumb Code     0  startup_stm32f10x_hd.o(.text)
    TIM1_UP_IRQHandler                       0x0800015f   Thumb Code     0  startup_stm32f10x_hd.o(.text)
    TIM3_IRQHandler                          0x0800015f   Thumb Code     0  startup_stm32f10x_hd.o(.text)
    TIM4_IRQHandler                          0x0800015f   Thumb Code     0  startup_stm32f10x_hd.o(.text)
    TIM5_IRQHandler                          0x0800015f   Thumb Code     0  startup_stm32f10x_hd.o(.text)
    TIM6_IRQHandler                          0x0800015f   Thumb Code     0  startup_stm32f10x_hd.o(.text)
    TIM7_IRQHandler                          0x0800015f   Thumb Code     0  startup_stm32f10x_hd.o(.text)
    TIM8_BRK_IRQHandler                      0x0800015f   Thumb Code     0  startup_stm32f10x_hd.o(.text)
    TIM8_CC_IRQHandler                       0x0800015f   Thumb Code     0  startup_stm32f10x_hd.o(.text)
    TIM8_TRG_COM_IRQHandler                  0x0800015f   Thumb Code     0  startup_stm32f10x_hd.o(.text)
    TIM8_UP_IRQHandler                       0x0800015f   Thumb Code     0  startup_stm32f10x_hd.o(.text)
    UART4_IRQHandler                         0x0800015f   Thumb Code     0  startup_stm32f10x_hd.o(.text)
    UART5_IRQHandler                         0x0800015f   Thumb Code     0  startup_stm32f10x_hd.o(.text)
    USBWakeUp_IRQHandler                     0x0800015f   Thumb Code     0  startup_stm32f10x_hd.o(.text)
    USB_HP_CAN1_TX_IRQHandler                0x0800015f   Thumb Code     0  startup_stm32f10x_hd.o(.text)
    USB_LP_CAN1_RX0_IRQHandler               0x0800015f   Thumb Code     0  startup_stm32f10x_hd.o(.text)
    WWDG_IRQHandler                          0x0800015f   Thumb Code     0  startup_stm32f10x_hd.o(.text)
    __aeabi_memcpy                           0x08000169   Thumb Code    36  memcpya.o(.text)
    __aeabi_memcpy4                          0x08000169   Thumb Code     0  memcpya.o(.text)
    __aeabi_memcpy8                          0x08000169   Thumb Code     0  memcpya.o(.text)
    __aeabi_memset                           0x0800018d   Thumb Code    14  memseta.o(.text)
    __aeabi_memset4                          0x0800018d   Thumb Code     0  memseta.o(.text)
    __aeabi_memset8                          0x0800018d   Thumb Code     0  memseta.o(.text)
    __aeabi_memclr                           0x0800019b   Thumb Code     4  memseta.o(.text)
    __aeabi_memclr4                          0x0800019b   Thumb Code     0  memseta.o(.text)
    __aeabi_memclr8                          0x0800019b   Thumb Code     0  memseta.o(.text)
    _memset$wrapper                          0x0800019f   Thumb Code    18  memseta.o(.text)
    strstr                                   0x080001b1   Thumb Code    36  strstr.o(.text)
    strlen                                   0x080001d5   Thumb Code    14  strlen.o(.text)
    __aeabi_uidiv                            0x080001e3   Thumb Code     0  uidiv.o(.text)
    __aeabi_uidivmod                         0x080001e3   Thumb Code    44  uidiv.o(.text)
    __scatterload                            0x08000211   Thumb Code    28  init.o(.text)
    __scatterload_rt2                        0x08000211   Thumb Code     0  init.o(.text)
    BKP_DeInit                               0x08000235   Thumb Code    16  stm32f10x_bkp.o(i.BKP_DeInit)
    BKP_ReadBackupRegister                   0x08000245   Thumb Code    24  stm32f10x_bkp.o(i.BKP_ReadBackupRegister)
    BKP_WriteBackupRegister                  0x08000261   Thumb Code    22  stm32f10x_bkp.o(i.BKP_WriteBackupRegister)
    DHT11Configuration                       0x0800075d   Thumb Code    48  dht11.o(i.DHT11Configuration)
    DHT11_IsOnline                           0x08000795   Thumb Code    92  dht11.o(i.DHT11_IsOnline)
    DHT11_ReadBit                            0x080007f9   Thumb Code    70  dht11.o(i.DHT11_ReadBit)
    DHT11_ReadByte                           0x08000845   Thumb Code    30  dht11.o(i.DHT11_ReadByte)
    DHT11_Read_Data                          0x08000863   Thumb Code    88  dht11.o(i.DHT11_Read_Data)
    DHT11_Reset                              0x080008bd   Thumb Code    52  dht11.o(i.DHT11_Reset)
    ESP_INIT                                 0x08000975   Thumb Code   260  main.o(i.ESP_INIT)
    FindStr                                  0x08000bdd   Thumb Code    54  fy_network.o(i.FindStr)
    GPIO_Init                                0x08000c13   Thumb Code   278  stm32f10x_gpio.o(i.GPIO_Init)
    GPIO_SetBits                             0x08000d29   Thumb Code     4  stm32f10x_gpio.o(i.GPIO_SetBits)
    I2C_CheckEvent                           0x08000d2d   Thumb Code    42  stm32f10x_i2c.o(i.I2C_CheckEvent)
    I2C_Cmd                                  0x08000d57   Thumb Code    24  stm32f10x_i2c.o(i.I2C_Cmd)
    I2C_Configuration                        0x08000d71   Thumb Code   116  oled_iic.o(i.I2C_Configuration)
    I2C_GenerateSTART                        0x08000df1   Thumb Code    24  stm32f10x_i2c.o(i.I2C_GenerateSTART)
    I2C_GenerateSTOP                         0x08000e09   Thumb Code    24  stm32f10x_i2c.o(i.I2C_GenerateSTOP)
    I2C_GetFlagStatus                        0x08000e21   Thumb Code    58  stm32f10x_i2c.o(i.I2C_GetFlagStatus)
    I2C_Init                                 0x08000e5d   Thumb Code   222  stm32f10x_i2c.o(i.I2C_Init)
    I2C_Send7bitAddress                      0x08000f49   Thumb Code    18  stm32f10x_i2c.o(i.I2C_Send7bitAddress)
    I2C_SendData                             0x08000f5b   Thumb Code     4  stm32f10x_i2c.o(i.I2C_SendData)
    I2C_WriteByte                            0x08000f61   Thumb Code   126  oled_iic.o(i.I2C_WriteByte)
    Is_Leap_Year                             0x080010e5   Thumb Code    58  rtc.o(i.Is_Leap_Year)
    LED_Init                                 0x08001121   Thumb Code    86  led.o(i.LED_Init)
    Mqtt_Progress                            0x08001185   Thumb Code    80  fy_mqtt.o(i.Mqtt_Progress)
    NVIC_Init                                0x08001209   Thumb Code   100  misc.o(i.NVIC_Init)
    NVIC_PriorityGroupConfig                 0x08001279   Thumb Code    10  misc.o(i.NVIC_PriorityGroupConfig)
    OLED_CLS                                 0x0800128d   Thumb Code    10  oled_iic.o(i.OLED_CLS)
    OLED_Fill                                0x08001297   Thumb Code    58  oled_iic.o(i.OLED_Fill)
    OLED_Init                                0x080012d1   Thumb Code   180  oled_iic.o(i.OLED_Init)
    OLED_ON                                  0x08001385   Thumb Code    22  oled_iic.o(i.OLED_ON)
    OLED_SetPos                              0x0800139b   Thumb Code    40  oled_iic.o(i.OLED_SetPos)
    OLED_ShowStr                             0x080013c5   Thumb Code   228  oled_iic.o(i.OLED_ShowStr)
    PWR_BackupAccessCmd                      0x08001501   Thumb Code     6  stm32f10x_pwr.o(i.PWR_BackupAccessCmd)
    RCC_APB1PeriphClockCmd                   0x0800163d   Thumb Code    26  stm32f10x_rcc.o(i.RCC_APB1PeriphClockCmd)
    RCC_APB2PeriphClockCmd                   0x0800165d   Thumb Code    26  stm32f10x_rcc.o(i.RCC_APB2PeriphClockCmd)
    RCC_BackupResetCmd                       0x0800167d   Thumb Code     6  stm32f10x_rcc.o(i.RCC_BackupResetCmd)
    RCC_GetClocksFreq                        0x08001689   Thumb Code   192  stm32f10x_rcc.o(i.RCC_GetClocksFreq)
    RCC_GetFlagStatus                        0x0800175d   Thumb Code    56  stm32f10x_rcc.o(i.RCC_GetFlagStatus)
    RCC_LSEConfig                            0x08001799   Thumb Code    46  stm32f10x_rcc.o(i.RCC_LSEConfig)
    RCC_RTCCLKCmd                            0x080017cd   Thumb Code     6  stm32f10x_rcc.o(i.RCC_RTCCLKCmd)
    RCC_RTCCLKConfig                         0x080017d9   Thumb Code    12  stm32f10x_rcc.o(i.RCC_RTCCLKConfig)
    RTC_ClearITPendingBit                    0x080017e9   Thumb Code    12  stm32f10x_rtc.o(i.RTC_ClearITPendingBit)
    RTC_EnterConfigMode                      0x080017f9   Thumb Code    14  stm32f10x_rtc.o(i.RTC_EnterConfigMode)
    RTC_ExitConfigMode                       0x0800180d   Thumb Code    16  stm32f10x_rtc.o(i.RTC_ExitConfigMode)
    RTC_Get                                  0x08001821   Thumb Code   240  rtc.o(i.RTC_Get)
    RTC_GetCounter                           0x08001921   Thumb Code    16  stm32f10x_rtc.o(i.RTC_GetCounter)
    RTC_GetITStatus                          0x08001935   Thumb Code    32  stm32f10x_rtc.o(i.RTC_GetITStatus)
    RTC_Get_Week                             0x08001959   Thumb Code   116  rtc.o(i.RTC_Get_Week)
    RTC_IRQHandler                           0x080019d1   Thumb Code    76  rtc.o(i.RTC_IRQHandler)
    RTC_ITConfig                             0x08001a41   Thumb Code    26  stm32f10x_rtc.o(i.RTC_ITConfig)
    RTC_Init                                 0x08001a61   Thumb Code   188  rtc.o(i.RTC_Init)
    RTC_Set                                  0x08001b1d   Thumb Code   184  rtc.o(i.RTC_Set)
    RTC_SetCounter                           0x08001be5   Thumb Code    24  stm32f10x_rtc.o(i.RTC_SetCounter)
    RTC_SetPrescaler                         0x08001c01   Thumb Code    26  stm32f10x_rtc.o(i.RTC_SetPrescaler)
    RTC_WaitForLastTask                      0x08001c21   Thumb Code    16  stm32f10x_rtc.o(i.RTC_WaitForLastTask)
    RTC_WaitForSynchro                       0x08001c35   Thumb Code    30  stm32f10x_rtc.o(i.RTC_WaitForSynchro)
    SysTick_CLKSourceConfig                  0x08001f41   Thumb Code    40  misc.o(i.SysTick_CLKSourceConfig)
    SystemInit                               0x08001f69   Thumb Code    78  system_stm32f10x.o(i.SystemInit)
    TIM2_IRQHandler                          0x08001fc9   Thumb Code   146  stm32f10x_it.o(i.TIM2_IRQHandler)
    TIM_ARRPreloadConfig                     0x0800207d   Thumb Code    24  stm32f10x_tim.o(i.TIM_ARRPreloadConfig)
    TIM_ClearITPendingBit                    0x08002095   Thumb Code     6  stm32f10x_tim.o(i.TIM_ClearITPendingBit)
    TIM_Cmd                                  0x0800209b   Thumb Code    24  stm32f10x_tim.o(i.TIM_Cmd)
    TIM_GetITStatus                          0x080020b3   Thumb Code    34  stm32f10x_tim.o(i.TIM_GetITStatus)
    TIM_ITConfig                             0x080020d5   Thumb Code    18  stm32f10x_tim.o(i.TIM_ITConfig)
    TIM_OC3Init                              0x080020e9   Thumb Code   150  stm32f10x_tim.o(i.TIM_OC3Init)
    TIM_OC3PreloadConfig                     0x08002189   Thumb Code    18  stm32f10x_tim.o(i.TIM_OC3PreloadConfig)
    TIM_OC4Init                              0x0800219d   Thumb Code   114  stm32f10x_tim.o(i.TIM_OC4Init)
    TIM_OC4PreloadConfig                     0x08002219   Thumb Code    26  stm32f10x_tim.o(i.TIM_OC4PreloadConfig)
    TIM_SetCompare3                          0x08002233   Thumb Code     4  stm32f10x_tim.o(i.TIM_SetCompare3)
    TIM_TimeBaseInit                         0x08002239   Thumb Code   122  stm32f10x_tim.o(i.TIM_TimeBaseInit)
    Timer2_Init                              0x080022dd   Thumb Code    70  timer.o(i.Timer2_Init)
    Timer4_Init                              0x08002325   Thumb Code   174  timer.o(i.Timer4_Init)
    USART1_IRQHandler                        0x080023dd   Thumb Code   122  usart.o(i.USART1_IRQHandler)
    USART2_IRQHandler                        0x08002465   Thumb Code   122  usart.o(i.USART2_IRQHandler)
    USART3_IRQHandler                        0x080024ed   Thumb Code   110  usart.o(i.USART3_IRQHandler)
    USART_Cmd                                0x08002571   Thumb Code    24  stm32f10x_usart.o(i.USART_Cmd)
    USART_GetFlagStatus                      0x08002589   Thumb Code    26  stm32f10x_usart.o(i.USART_GetFlagStatus)
    USART_GetITStatus                        0x080025a3   Thumb Code    84  stm32f10x_usart.o(i.USART_GetITStatus)
    USART_ITConfig                           0x080025f7   Thumb Code    74  stm32f10x_usart.o(i.USART_ITConfig)
    USART_Init                               0x08002641   Thumb Code   210  stm32f10x_usart.o(i.USART_Init)
    USART_ReceiveData                        0x08002719   Thumb Code    10  stm32f10x_usart.o(i.USART_ReceiveData)
    USART_SendData                           0x08002723   Thumb Code     8  stm32f10x_usart.o(i.USART_SendData)
    Usart3_SendBuf                           0x0800272b   Thumb Code    28  usart.o(i.Usart3_SendBuf)
    Usart3_SendByte                          0x08002749   Thumb Code    28  usart.o(i.Usart3_SendByte)
    Usart3_SendString                        0x08002769   Thumb Code    22  usart.o(i.Usart3_SendString)
    WriteCmd                                 0x0800277f   Thumb Code    14  oled_iic.o(i.WriteCmd)
    WriteDat                                 0x0800278d   Thumb Code    14  oled_iic.o(i.WriteDat)
    __0printf$3                              0x0800279d   Thumb Code    22  printf3.o(i.__0printf$3)
    __1printf$3                              0x0800279d   Thumb Code     0  printf3.o(i.__0printf$3)
    __2printf                                0x0800279d   Thumb Code     0  printf3.o(i.__0printf$3)
    __0sprintf$3                             0x080027bd   Thumb Code    34  printf3.o(i.__0sprintf$3)
    __1sprintf$3                             0x080027bd   Thumb Code     0  printf3.o(i.__0sprintf$3)
    __2sprintf                               0x080027bd   Thumb Code     0  printf3.o(i.__0sprintf$3)
    __scatterload_copy                       0x080027e5   Thumb Code    14  handlers.o(i.__scatterload_copy)
    __scatterload_null                       0x080027f3   Thumb Code     2  handlers.o(i.__scatterload_null)
    __scatterload_zeroinit                   0x080027f5   Thumb Code    14  handlers.o(i.__scatterload_zeroinit)
    delay_init                               0x080029c9   Thumb Code    50  delay.o(i.delay_init)
    delay_ms                                 0x08002a0d   Thumb Code    72  delay.o(i.delay_ms)
    delay_us                                 0x08002a59   Thumb Code    72  delay.o(i.delay_us)
    find                                     0x08002aa5   Thumb Code   168  fy_mqtt.o(i.find)
    fputc                                    0x08002b4d   Thumb Code    24  usart.o(i.fputc)
    main                                     0x08002b69   Thumb Code   306  main.o(i.main)
    nvic_init                                0x08002d2d   Thumb Code   162  nvic.o(i.nvic_init)
    uart1_init                               0x08002dd1   Thumb Code   124  usart.o(i.uart1_init)
    uart2_init                               0x08002e55   Thumb Code   118  usart.o(i.uart2_init)
    uart3_init                               0x08002ed5   Thumb Code   142  usart.o(i.uart3_init)
    table_week                               0x08002f6c   Data          12  rtc.o(.constdata)
    mon_table                                0x08002f78   Data          12  rtc.o(.constdata)
    F6x8                                     0x08002f84   Data         552  oled_iic.o(.constdata)
    F8X16                                    0x080031ac   Data        1520  oled_iic.o(.constdata)
    parket_connetAck                         0x0800379c   Data           4  fy_mqtt.o(.constdata)
    parket_disconnet                         0x080037a0   Data           2  fy_mqtt.o(.constdata)
    parket_heart                             0x080037a2   Data           2  fy_mqtt.o(.constdata)
    parket_heart_reply                       0x080037a4   Data           2  fy_mqtt.o(.constdata)
    parket_subAck                            0x080037a6   Data           2  fy_mqtt.o(.constdata)
    Region$$Table$$Base                      0x080037a8   Number         0  anon$$obj.o(Region$$Table)
    Region$$Table$$Limit                     0x080037c8   Number         0  anon$$obj.o(Region$$Table)
    sta                                      0x20000000   Data           1  main.o(.data)
    cnt_1_5_s                                0x20000001   Data           1  main.o(.data)
    cnt_100_ms                               0x20000002   Data           1  main.o(.data)
    wendu                                    0x20000003   Data           1  main.o(.data)
    shidu                                    0x20000004   Data           1  main.o(.data)
    guang                                    0x20000005   Data           1  main.o(.data)
    weight                                   0x20000006   Data           2  main.o(.data)
    flag                                     0x20000008   Data           1  main.o(.data)
    __stdout                                 0x20000020   Data           4  usart.o(.data)
    USART1_RX_STA                            0x20000024   Data           2  usart.o(.data)
    USART2_RX_STA                            0x20000026   Data           2  usart.o(.data)
    len                                      0x20000028   Data           2  usart.o(.data)
    t                                        0x2000002a   Data           2  usart.o(.data)
    temp                                     0x2000002c   Data           1  usart.o(.data)
    _net                                     0x20000030   Data          56  fy_network.o(.data)
    _mqtt                                    0x20000068   Data          40  fy_mqtt.o(.data)
    Led_Flag_shan                            0x20000090   Data           1  fy_mqtt.o(.data)
    SystemCoreClock                          0x20000094   Data           4  system_stm32f10x.o(.data)
    AHBPrescTable                            0x20000098   Data          16  system_stm32f10x.o(.data)
    txbuf                                    0x200000bc   Data         256  main.o(.bss)
    rxbuf                                    0x200001bc   Data         256  main.o(.bss)
    mqtt_message                             0x200002bc   Data         200  main.o(.bss)
    buf                                      0x20000384   Data         100  main.o(.bss)
    string                                   0x200003e8   Data        1000  main.o(.bss)
    USART1_RX_BUF                            0x200007d0   Data         200  usart.o(.bss)
    USART2_RX_BUF                            0x20000898   Data         200  usart.o(.bss)
    calendar                                 0x20000960   Data          10  rtc.o(.bss)
    Breakfast                                0x2000096a   Data          10  rtc.o(.bss)
    Launcher                                 0x20000974   Data          10  rtc.o(.bss)
    Dinner                                   0x2000097e   Data          10  rtc.o(.bss)
    __initial_sp                             0x20000d88   Data           0  startup_stm32f10x_hd.o(STACK)



==============================================================================

Memory Map of the image

  Image Entry point : 0x08000145

  Load Region LR_1 (Base: 0x08000000, Size: 0x00003884, Max: 0xffffffff, ABSOLUTE)

    Execution Region ER_RO (Base: 0x08000000, Size: 0x000037c8, Max: 0xffffffff, ABSOLUTE)

    Base Addr    Size         Type   Attr      Idx    E Section Name        Object

    0x08000000   0x00000130   Data   RO          771    RESET               startup_stm32f10x_hd.o
    0x08000130   0x00000000   Code   RO         2748  * .ARM.Collect$$$$00000000  mc_w.l(entry.o)
    0x08000130   0x00000004   Code   RO         3022    .ARM.Collect$$$$00000001  mc_w.l(entry2.o)
    0x08000134   0x00000004   Code   RO         3025    .ARM.Collect$$$$00000004  mc_w.l(entry5.o)
    0x08000138   0x00000000   Code   RO         3027    .ARM.Collect$$$$00000008  mc_w.l(entry7b.o)
    0x08000138   0x00000000   Code   RO         3029    .ARM.Collect$$$$0000000A  mc_w.l(entry8b.o)
    0x08000138   0x00000008   Code   RO         3030    .ARM.Collect$$$$0000000B  mc_w.l(entry9a.o)
    0x08000140   0x00000000   Code   RO         3032    .ARM.Collect$$$$0000000D  mc_w.l(entry10a.o)
    0x08000140   0x00000000   Code   RO         3034    .ARM.Collect$$$$0000000F  mc_w.l(entry11a.o)
    0x08000140   0x00000004   Code   RO         3023    .ARM.Collect$$$$00002712  mc_w.l(entry2.o)
    0x08000144   0x00000024   Code   RO          772  * .text               startup_stm32f10x_hd.o
    0x08000168   0x00000024   Code   RO         2751    .text               mc_w.l(memcpya.o)
    0x0800018c   0x00000024   Code   RO         2753    .text               mc_w.l(memseta.o)
    0x080001b0   0x00000024   Code   RO         2755    .text               mc_w.l(strstr.o)
    0x080001d4   0x0000000e   Code   RO         2757    .text               mc_w.l(strlen.o)
    0x080001e2   0x0000002c   Code   RO         3036    .text               mc_w.l(uidiv.o)
    0x0800020e   0x00000002   PAD
    0x08000210   0x00000024   Code   RO         3051    .text               mc_w.l(init.o)
    0x08000234   0x00000010   Code   RO         2672    i.BKP_DeInit        stm32f10x_bkp.o
    0x08000244   0x0000001c   Code   RO         2677    i.BKP_ReadBackupRegister  stm32f10x_bkp.o
    0x08000260   0x0000001c   Code   RO         2681    i.BKP_WriteBackupRegister  stm32f10x_bkp.o
    0x0800027c   0x00000048   Code   RO          596    i.Check             fy_network.o
    0x080002c4   0x00000028   Code   RO          597    i.CloseTransmission  fy_network.o
    0x080002ec   0x000002c0   Code   RO          665    i.Connect           fy_mqtt.o
    0x080005ac   0x000000c8   Code   RO          598    i.ConnectAP         fy_network.o
    0x08000674   0x000000e8   Code   RO          599    i.ConnectServer     fy_network.o
    0x0800075c   0x00000038   Code   RO          463    i.DHT11Configuration  dht11.o
    0x08000794   0x00000064   Code   RO          464    i.DHT11_IsOnline    dht11.o
    0x080007f8   0x0000004c   Code   RO          465    i.DHT11_ReadBit     dht11.o
    0x08000844   0x0000001e   Code   RO          466    i.DHT11_ReadByte    dht11.o
    0x08000862   0x00000058   Code   RO          467    i.DHT11_Read_Data   dht11.o
    0x080008ba   0x00000002   PAD
    0x080008bc   0x00000040   Code   RO          468    i.DHT11_Reset       dht11.o
    0x080008fc   0x00000010   Code   RO          666    i.Disconnect        fy_mqtt.o
    0x0800090c   0x00000068   Code   RO          600    i.DisconnectServer  fy_network.o
    0x08000974   0x00000268   Code   RO            1    i.ESP_INIT          main.o
    0x08000bdc   0x00000036   Code   RO          601    i.FindStr           fy_network.o
    0x08000c12   0x00000116   Code   RO         1094    i.GPIO_Init         stm32f10x_gpio.o
    0x08000d28   0x00000004   Code   RO         1102    i.GPIO_SetBits      stm32f10x_gpio.o
    0x08000d2c   0x0000002a   Code   RO         1205    i.I2C_CheckEvent    stm32f10x_i2c.o
    0x08000d56   0x00000018   Code   RO         1208    i.I2C_Cmd           stm32f10x_i2c.o
    0x08000d6e   0x00000002   PAD
    0x08000d70   0x00000080   Code   RO          505    i.I2C_Configuration  oled_iic.o
    0x08000df0   0x00000018   Code   RO         1215    i.I2C_GenerateSTART  stm32f10x_i2c.o
    0x08000e08   0x00000018   Code   RO         1216    i.I2C_GenerateSTOP  stm32f10x_i2c.o
    0x08000e20   0x0000003a   Code   RO         1217    i.I2C_GetFlagStatus  stm32f10x_i2c.o
    0x08000e5a   0x00000002   PAD
    0x08000e5c   0x000000ec   Code   RO         1222    i.I2C_Init          stm32f10x_i2c.o
    0x08000f48   0x00000012   Code   RO         1229    i.I2C_Send7bitAddress  stm32f10x_i2c.o
    0x08000f5a   0x00000004   Code   RO         1230    i.I2C_SendData      stm32f10x_i2c.o
    0x08000f5e   0x00000002   PAD
    0x08000f60   0x0000008c   Code   RO          506    i.I2C_WriteByte     oled_iic.o
    0x08000fec   0x000000ac   Code   RO          602    i.Init              fy_network.o
    0x08001098   0x0000004c   Code   RO          667    i.Init              fy_mqtt.o
    0x080010e4   0x0000003a   Code   RO          397    i.Is_Leap_Year      rtc.o
    0x0800111e   0x00000002   PAD
    0x08001120   0x00000064   Code   RO          385    i.LED_Init          led.o
    0x08001184   0x00000074   Code   RO          668    i.Mqtt_Progress     fy_mqtt.o
    0x080011f8   0x00000010   Code   RO          669    i.Mqtt_SendBuf      fy_mqtt.o
    0x08001208   0x00000070   Code   RO          776    i.NVIC_Init         misc.o
    0x08001278   0x00000014   Code   RO          777    i.NVIC_PriorityGroupConfig  misc.o
    0x0800128c   0x0000000a   Code   RO          507    i.OLED_CLS          oled_iic.o
    0x08001296   0x0000003a   Code   RO          509    i.OLED_Fill         oled_iic.o
    0x080012d0   0x000000b4   Code   RO          510    i.OLED_Init         oled_iic.o
    0x08001384   0x00000016   Code   RO          512    i.OLED_ON           oled_iic.o
    0x0800139a   0x00000028   Code   RO          513    i.OLED_SetPos       oled_iic.o
    0x080013c2   0x00000002   PAD
    0x080013c4   0x000000ec   Code   RO          515    i.OLED_ShowStr      oled_iic.o
    0x080014b0   0x00000050   Code   RO          603    i.OpenTransmission  fy_network.o
    0x08001500   0x0000000c   Code   RO         1406    i.PWR_BackupAccessCmd  stm32f10x_pwr.o
    0x0800150c   0x00000130   Code   RO          670    i.PublishData       fy_mqtt.o
    0x0800163c   0x00000020   Code   RO         1468    i.RCC_APB1PeriphClockCmd  stm32f10x_rcc.o
    0x0800165c   0x00000020   Code   RO         1470    i.RCC_APB2PeriphClockCmd  stm32f10x_rcc.o
    0x0800167c   0x0000000c   Code   RO         1473    i.RCC_BackupResetCmd  stm32f10x_rcc.o
    0x08001688   0x000000d4   Code   RO         1478    i.RCC_GetClocksFreq  stm32f10x_rcc.o
    0x0800175c   0x0000003c   Code   RO         1479    i.RCC_GetFlagStatus  stm32f10x_rcc.o
    0x08001798   0x00000034   Code   RO         1486    i.RCC_LSEConfig     stm32f10x_rcc.o
    0x080017cc   0x0000000c   Code   RO         1493    i.RCC_RTCCLKCmd     stm32f10x_rcc.o
    0x080017d8   0x00000010   Code   RO         1494    i.RCC_RTCCLKConfig  stm32f10x_rcc.o
    0x080017e8   0x00000010   Code   RO         1667    i.RTC_ClearITPendingBit  stm32f10x_rtc.o
    0x080017f8   0x00000014   Code   RO         1668    i.RTC_EnterConfigMode  stm32f10x_rtc.o
    0x0800180c   0x00000014   Code   RO         1669    i.RTC_ExitConfigMode  stm32f10x_rtc.o
    0x08001820   0x00000100   Code   RO          400    i.RTC_Get           rtc.o
    0x08001920   0x00000014   Code   RO         1670    i.RTC_GetCounter    stm32f10x_rtc.o
    0x08001934   0x00000024   Code   RO         1673    i.RTC_GetITStatus   stm32f10x_rtc.o
    0x08001958   0x00000078   Code   RO          401    i.RTC_Get_Week      rtc.o
    0x080019d0   0x00000070   Code   RO          402    i.RTC_IRQHandler    rtc.o
    0x08001a40   0x00000020   Code   RO         1674    i.RTC_ITConfig      stm32f10x_rtc.o
    0x08001a60   0x000000bc   Code   RO          403    i.RTC_Init          rtc.o
    0x08001b1c   0x000000c8   Code   RO          404    i.RTC_Set           rtc.o
    0x08001be4   0x0000001c   Code   RO         1676    i.RTC_SetCounter    stm32f10x_rtc.o
    0x08001c00   0x00000020   Code   RO         1677    i.RTC_SetPrescaler  stm32f10x_rtc.o
    0x08001c20   0x00000014   Code   RO         1678    i.RTC_WaitForLastTask  stm32f10x_rtc.o
    0x08001c34   0x00000024   Code   RO         1679    i.RTC_WaitForSynchro  stm32f10x_rtc.o
    0x08001c58   0x00000030   Code   RO          604    i.Restore           fy_network.o
    0x08001c88   0x00000020   Code   RO          605    i.SendBuf           fy_network.o
    0x08001ca8   0x0000001c   Code   RO          606    i.SendString        fy_network.o
    0x08001cc4   0x00000010   Code   RO          671    i.SentHeart         fy_mqtt.o
    0x08001cd4   0x00000008   Code   RO          725    i.SetSysClock       system_stm32f10x.o
    0x08001cdc   0x000000e0   Code   RO          726    i.SetSysClockTo72   system_stm32f10x.o
    0x08001dbc   0x00000184   Code   RO          672    i.SubscribeTopic    fy_mqtt.o
    0x08001f40   0x00000028   Code   RO          780    i.SysTick_CLKSourceConfig  misc.o
    0x08001f68   0x00000060   Code   RO          728    i.SystemInit        system_stm32f10x.o
    0x08001fc8   0x000000b4   Code   RO          161    i.TIM2_IRQHandler   stm32f10x_it.o
    0x0800207c   0x00000018   Code   RO         1946    i.TIM_ARRPreloadConfig  stm32f10x_tim.o
    0x08002094   0x00000006   Code   RO         1953    i.TIM_ClearITPendingBit  stm32f10x_tim.o
    0x0800209a   0x00000018   Code   RO         1958    i.TIM_Cmd           stm32f10x_tim.o
    0x080020b2   0x00000022   Code   RO         1979    i.TIM_GetITStatus   stm32f10x_tim.o
    0x080020d4   0x00000012   Code   RO         1983    i.TIM_ITConfig      stm32f10x_tim.o
    0x080020e6   0x00000002   PAD
    0x080020e8   0x000000a0   Code   RO         1997    i.TIM_OC3Init       stm32f10x_tim.o
    0x08002188   0x00000012   Code   RO         2000    i.TIM_OC3PreloadConfig  stm32f10x_tim.o
    0x0800219a   0x00000002   PAD
    0x0800219c   0x0000007c   Code   RO         2002    i.TIM_OC4Init       stm32f10x_tim.o
    0x08002218   0x0000001a   Code   RO         2004    i.TIM_OC4PreloadConfig  stm32f10x_tim.o
    0x08002232   0x00000004   Code   RO         2021    i.TIM_SetCompare3   stm32f10x_tim.o
    0x08002236   0x00000002   PAD
    0x08002238   0x000000a4   Code   RO         2029    i.TIM_TimeBaseInit  stm32f10x_tim.o
    0x080022dc   0x00000046   Code   RO          367    i.Timer2_Init       timer.o
    0x08002322   0x00000002   PAD
    0x08002324   0x000000b8   Code   RO          368    i.Timer4_Init       timer.o
    0x080023dc   0x00000088   Code   RO          259    i.USART1_IRQHandler  usart.o
    0x08002464   0x00000088   Code   RO          260    i.USART2_IRQHandler  usart.o
    0x080024ec   0x00000084   Code   RO          261    i.USART3_IRQHandler  usart.o
    0x08002570   0x00000018   Code   RO         2494    i.USART_Cmd         stm32f10x_usart.o
    0x08002588   0x0000001a   Code   RO         2497    i.USART_GetFlagStatus  stm32f10x_usart.o
    0x080025a2   0x00000054   Code   RO         2498    i.USART_GetITStatus  stm32f10x_usart.o
    0x080025f6   0x0000004a   Code   RO         2500    i.USART_ITConfig    stm32f10x_usart.o
    0x08002640   0x000000d8   Code   RO         2501    i.USART_Init        stm32f10x_usart.o
    0x08002718   0x0000000a   Code   RO         2508    i.USART_ReceiveData  stm32f10x_usart.o
    0x08002722   0x00000008   Code   RO         2511    i.USART_SendData    stm32f10x_usart.o
    0x0800272a   0x0000001c   Code   RO          262    i.Usart3_SendBuf    usart.o
    0x08002746   0x00000002   PAD
    0x08002748   0x00000020   Code   RO          263    i.Usart3_SendByte   usart.o
    0x08002768   0x00000016   Code   RO          264    i.Usart3_SendString  usart.o
    0x0800277e   0x0000000e   Code   RO          516    i.WriteCmd          oled_iic.o
    0x0800278c   0x0000000e   Code   RO          517    i.WriteDat          oled_iic.o
    0x0800279a   0x00000002   PAD
    0x0800279c   0x00000020   Code   RO         2850    i.__0printf$3       mc_w.l(printf3.o)
    0x080027bc   0x00000028   Code   RO         2852    i.__0sprintf$3      mc_w.l(printf3.o)
    0x080027e4   0x0000000e   Code   RO         3063    i.__scatterload_copy  mc_w.l(handlers.o)
    0x080027f2   0x00000002   Code   RO         3064    i.__scatterload_null  mc_w.l(handlers.o)
    0x080027f4   0x0000000e   Code   RO         3065    i.__scatterload_zeroinit  mc_w.l(handlers.o)
    0x08002802   0x00000002   PAD
    0x08002804   0x000001b8   Code   RO         2857    i._printf_core      mc_w.l(printf3.o)
    0x080029bc   0x0000000a   Code   RO         2859    i._sputc            mc_w.l(printf3.o)
    0x080029c6   0x00000002   PAD
    0x080029c8   0x00000044   Code   RO          204    i.delay_init        delay.o
    0x08002a0c   0x0000004c   Code   RO          205    i.delay_ms          delay.o
    0x08002a58   0x0000004c   Code   RO          206    i.delay_us          delay.o
    0x08002aa4   0x000000a8   Code   RO          673    i.find              fy_mqtt.o
    0x08002b4c   0x0000001c   Code   RO          268    i.fputc             usart.o
    0x08002b68   0x000001c4   Code   RO            2    i.main              main.o
    0x08002d2c   0x000000a2   Code   RO          355    i.nvic_init         nvic.o
    0x08002dce   0x00000002   PAD
    0x08002dd0   0x00000084   Code   RO          269    i.uart1_init        usart.o
    0x08002e54   0x00000080   Code   RO          270    i.uart2_init        usart.o
    0x08002ed4   0x00000098   Code   RO          271    i.uart3_init        usart.o
    0x08002f6c   0x00000018   Data   RO          406    .constdata          rtc.o
    0x08002f84   0x00000818   Data   RO          518    .constdata          oled_iic.o
    0x0800379c   0x0000000c   Data   RO          674    .constdata          fy_mqtt.o
    0x080037a8   0x00000020   Data   RO         3061    Region$$Table       anon$$obj.o


    Execution Region ER_RW (Base: 0x20000000, Size: 0x000000bc, Max: 0xffffffff, ABSOLUTE)

    Base Addr    Size         Type   Attr      Idx    E Section Name        Object

    0x20000000   0x00000009   Data   RW            4    .data               main.o
    0x20000009   0x00000003   PAD
    0x2000000c   0x0000000d   Data   RW          162    .data               stm32f10x_it.o
    0x20000019   0x00000001   PAD
    0x2000001a   0x00000004   Data   RW          207    .data               delay.o
    0x2000001e   0x00000002   PAD
    0x20000020   0x0000000e   Data   RW          273    .data               usart.o
    0x2000002e   0x00000002   Data   RW          407    .data               rtc.o
    0x20000030   0x00000038   Data   RW          608    .data               fy_network.o
    0x20000068   0x0000002c   Data   RW          675    .data               fy_mqtt.o
    0x20000094   0x00000014   Data   RW          729    .data               system_stm32f10x.o
    0x200000a8   0x00000014   Data   RW         1498    .data               stm32f10x_rcc.o


    Execution Region ER_ZI (Base: 0x200000bc, Size: 0x00000ccc, Max: 0xffffffff, ABSOLUTE)

    Base Addr    Size         Type   Attr      Idx    E Section Name        Object

    0x200000bc   0x00000714   Zero   RW            3    .bss                main.o
    0x200007d0   0x00000190   Zero   RW          272    .bss                usart.o
    0x20000960   0x00000028   Zero   RW          405    .bss                rtc.o
    0x20000988   0x00000400   Zero   RW          769    STACK               startup_stm32f10x_hd.o


==============================================================================

Image component sizes


      Code (inc. data)   RO Data    RW Data    ZI Data      Debug   Object Name

       220         26          0          4          0       1743   delay.o
       414         34          0          0          0       3751   dht11.o
      1804        118         12         44          0       8701   fy_mqtt.o
      1062        258          0         56          0       7996   fy_network.o
       100         14          0          0          0        507   led.o
      1068        502          0          9       1812     262327   main.o
       172         22          0          0          0       2097   misc.o
       162          0          0          0          0        576   nvic.o
       842         34       2072          0          0       6357   oled_iic.o
       934         72         24          2         40       5608   rtc.o
        36          8        304          0       1024        796   startup_stm32f10x_hd.o
        72         10          0          0          0       2712   stm32f10x_bkp.o
       282          0          0          0          0       2515   stm32f10x_gpio.o
       430         14          0          0          0       6650   stm32f10x_i2c.o
       180         34          0         13          0        626   stm32f10x_it.o
        12          6          0          0          0        522   stm32f10x_pwr.o
       428         58          0         20          0       7246   stm32f10x_rcc.o
       260         48          0          0          0       5224   stm32f10x_rtc.o
       602         62          0          0          0       7317   stm32f10x_tim.o
       442          6          0          0          0       6181   stm32f10x_usart.o
         0          0          0          0          0         32   sys.o
       328         28          0         20          0       2137   system_stm32f10x.o
       254         10          0          0          0       1316   timer.o
       926         86          0         14        400       7947   usart.o

    ----------------------------------------------------------------------
     11056       1450       2444        188       3276     350884   Object Totals
         0          0         32          0          0          0   (incl. Generated)
        26          0          0          6          0          0   (incl. Padding)

    ----------------------------------------------------------------------

      Code (inc. data)   RO Data    RW Data    ZI Data      Debug   Library Member Name

         0          0          0          0          0          0   entry.o
         0          0          0          0          0          0   entry10a.o
         0          0          0          0          0          0   entry11a.o
         8          4          0          0          0          0   entry2.o
         4          0          0          0          0          0   entry5.o
         0          0          0          0          0          0   entry7b.o
         0          0          0          0          0          0   entry8b.o
         8          4          0          0          0          0   entry9a.o
        30          0          0          0          0          0   handlers.o
        36          8          0          0          0         68   init.o
        36          0          0          0          0         68   memcpya.o
        36          0          0          0          0        108   memseta.o
       522         20          0          0          0        336   printf3.o
        14          0          0          0          0         68   strlen.o
        36          0          0          0          0         80   strstr.o
        44          0          0          0          0         80   uidiv.o

    ----------------------------------------------------------------------
       780         36          0          0          0        808   Library Totals
         6          0          0          0          0          0   (incl. Padding)

    ----------------------------------------------------------------------

      Code (inc. data)   RO Data    RW Data    ZI Data      Debug   Library Name

       774         36          0          0          0        808   mc_w.l

    ----------------------------------------------------------------------
       780         36          0          0          0        808   Library Totals

    ----------------------------------------------------------------------

==============================================================================


      Code (inc. data)   RO Data    RW Data    ZI Data      Debug   

     11836       1486       2444        188       3276     345604   Grand Totals
     11836       1486       2444        188       3276     345604   ELF Image Totals
     11836       1486       2444        188          0          0   ROM Totals

==============================================================================

    Total RO  Size (Code + RO Data)                14280 (  13.95kB)
    Total RW  Size (RW Data + ZI Data)              3464 (   3.38kB)
    Total ROM Size (Code + RO Data + RW Data)      14468 (  14.13kB)

==============================================================================

